<html>
<body>
<pre>
<h1>µVision Build Log</h1>
<h2>Tool Versions:</h2>
IDE-Version: ¦ÌVision V5.28.0.0
Copyright (C) 2019 ARM Ltd and ARM Germany GmbH. All rights reserved.
License Information: ³ðÖ¾Åô,  , LIC=CZLZX-HPJG4-RARDM-XU4IS-W6ZJ7-ETQRC
 
Tool Versions:
Toolchain:       MDK-ARM Plus  Version: 5.28.0.0
Toolchain Path:  D:\Keil_v5\ARM\ARMCC\Bin
C Compiler:      Armcc.exe V5.06 update 6 (build 750)
Assembler:       Armasm.exe V5.06 update 6 (build 750)
Linker/Locator:  ArmLink.exe V5.06 update 6 (build 750)
Library Manager: ArmAr.exe V5.06 update 6 (build 750)
Hex Converter:   FromElf.exe V5.06 update 6 (build 750)
CPU DLL:         SARMCM3.DLL V5.28.0.0
Dialog DLL:      DCM.DLL V1.17.3.0
Target DLL:      UL2CM3.DLL V1.162.16.0
Dialog DLL:      TCM.DLL V1.36.2.0
 
<h2>Project:</h2>
D:\¹¤³Ì\keil stm32\4.4PWM-DAC\test.uvprojx
Project File Date:  07/22/2022

<h2>Output:</h2>
*** Using Compiler 'V5.06 update 6 (build 750)', folder: 'D:\Keil_v5\ARM\ARMCC\Bin'
Build target 'Target 1'
compiling adc.c...
"no source": Warning:  #2774-D: '=' assumed following macro name "USE_STDPERIPH_DRIVER" in command-line definition
APP\adc.h(6): warning:  #1295-D: Deprecated declaration ADCx_Init - give arg types
  void ADCx_Init();
APP\adc.h(7): warning:  #1295-D: Deprecated declaration Get_ADC1_CH1_VAL - give arg types
  u16 Get_ADC1_CH1_VAL();
APP\adc.h(9): warning:  #1-D: last line of file ends without a newline
  #endif
APP\adc.c(48): warning:  #1-D: last line of file ends without a newline
  }
APP\adc.c: 5 warnings, 0 errors
linking...
Program Size: Code=7272 RO-data=336 RW-data=36 ZI-data=1028  
FromELF: creating hex file...
".\Obj\test.axf" - 0 Error(s), 5 Warning(s).

<h2>Software Packages used:</h2>

Package Vendor: Keil
                http://www.keil.com/pack/Keil.STM32F1xx_DFP.1.0.5.pack
                Keil.STM32F1xx_DFP.1.0.5
                STMicroelectronics STM32F1 Series Device Support, Drivers and Examples

<h2>Collection of Component include folders:</h2>
  .\RTE\_Target_1
  D:\Keil_v5\Keil\STM32F1xx_DFP\1.0.5\Device\Include

<h2>Collection of Component Files used:</h2>
Build Time Elapsed:  00:00:01
</pre>
</body>
</html>
