Component: ARM Compiler 5.06 update 6 (build 750) Tool: armlink [4d35ed]

==============================================================================

Section Cross References

    main.o(i.main) refers to systick.o(i.systick_Init) for systick_Init
    main.o(i.main) refers to misc.o(i.NVIC_PriorityGroupConfig) for NVIC_PriorityGroupConfig
    main.o(i.main) refers to led.o(i.LED_Init) for LED_Init
    main.o(i.main) refers to usart.o(i.USART1_Init) for USART1_Init
    main.o(i.main) refers to tftlcd.o(i.TFTLCD_Init) for TFTLCD_Init
    main.o(i.main) refers to key.o(i.Key_Init) for Key_Init
    main.o(i.main) refers to mpu6050.o(i.MPU6050_Init) for MPU6050_Init
    main.o(i.main) refers to tftlcd.o(i.TFTLCD_Show_String) for TFTLCD_Show_String
    main.o(i.main) refers to inv_mpu.o(i.mpu_dmp_init) for mpu_dmp_init
    main.o(i.main) refers to key.o(i.key_scan) for key_scan
    main.o(i.main) refers to inv_mpu.o(i.mpu_dmp_get_data) for mpu_dmp_get_data
    main.o(i.main) refers to mpu6050.o(i.MPU6050_Get_Temperature) for MPU6050_Get_Temperature
    main.o(i.main) refers to mpu6050.o(i.MPU6050_Get_Accelerometer) for MPU6050_Get_Accelerometer
    main.o(i.main) refers to mpu6050.o(i.MPU6050_Get_Gyroscope) for MPU6050_Get_Gyroscope
    main.o(i.main) refers to main.o(i.mpu6050_send_data) for mpu6050_send_data
    main.o(i.main) refers to fmul.o(.text) for __aeabi_fmul
    main.o(i.main) refers to ffixi.o(.text) for __aeabi_f2iz
    main.o(i.main) refers to main.o(i.usart1_report_imu) for usart1_report_imu
    main.o(i.main) refers to tftlcd.o(i.TFTLCD_Show_Char) for TFTLCD_Show_Char
    main.o(i.main) refers to tftlcd.o(i.TFTLCD_Show_NUM) for TFTLCD_Show_NUM
    main.o(i.main) refers to tftlcd.o(i.TFT_FULL_COLOR) for TFT_FULL_COLOR
    main.o(i.mpu6050_send_data) refers to main.o(i.usart1_niming_report) for usart1_niming_report
    main.o(i.usart1_niming_report) refers to main.o(i.usart1_send_char) for usart1_send_char
    main.o(i.usart1_report_imu) refers to main.o(i.usart1_niming_report) for usart1_niming_report
    main.o(i.usart1_send_char) refers to stm32f10x_usart.o(i.USART_GetFlagStatus) for USART_GetFlagStatus
    main.o(i.usart1_send_char) refers to stm32f10x_usart.o(i.USART_SendData) for USART_SendData
    startup_stm32f10x_hd.o(RESET) refers to startup_stm32f10x_hd.o(STACK) for __initial_sp
    startup_stm32f10x_hd.o(RESET) refers to startup_stm32f10x_hd.o(.text) for Reset_Handler
    startup_stm32f10x_hd.o(RESET) refers to stm32f10x_it.o(i.NMI_Handler) for NMI_Handler
    startup_stm32f10x_hd.o(RESET) refers to stm32f10x_it.o(i.HardFault_Handler) for HardFault_Handler
    startup_stm32f10x_hd.o(RESET) refers to stm32f10x_it.o(i.MemManage_Handler) for MemManage_Handler
    startup_stm32f10x_hd.o(RESET) refers to stm32f10x_it.o(i.BusFault_Handler) for BusFault_Handler
    startup_stm32f10x_hd.o(RESET) refers to stm32f10x_it.o(i.UsageFault_Handler) for UsageFault_Handler
    startup_stm32f10x_hd.o(RESET) refers to stm32f10x_it.o(i.SVC_Handler) for SVC_Handler
    startup_stm32f10x_hd.o(RESET) refers to stm32f10x_it.o(i.DebugMon_Handler) for DebugMon_Handler
    startup_stm32f10x_hd.o(RESET) refers to stm32f10x_it.o(i.PendSV_Handler) for PendSV_Handler
    startup_stm32f10x_hd.o(RESET) refers to stm32f10x_it.o(i.SysTick_Handler) for SysTick_Handler
    startup_stm32f10x_hd.o(RESET) refers to usart.o(i.USART1_IRQHandler) for USART1_IRQHandler
    startup_stm32f10x_hd.o(.text) refers to system_stm32f10x.o(i.SystemInit) for SystemInit
    startup_stm32f10x_hd.o(.text) refers to entry.o(.ARM.Collect$$$$00000000) for __main
    system_stm32f10x.o(i.SetSysClock) refers to system_stm32f10x.o(i.SetSysClockTo72) for SetSysClockTo72
    system_stm32f10x.o(i.SystemCoreClockUpdate) refers to system_stm32f10x.o(.data) for SystemCoreClock
    system_stm32f10x.o(i.SystemInit) refers to system_stm32f10x.o(i.SetSysClock) for SetSysClock
    stm32f10x_adc.o(i.ADC_DeInit) refers to stm32f10x_rcc.o(i.RCC_APB2PeriphResetCmd) for RCC_APB2PeriphResetCmd
    stm32f10x_bkp.o(i.BKP_DeInit) refers to stm32f10x_rcc.o(i.RCC_BackupResetCmd) for RCC_BackupResetCmd
    stm32f10x_can.o(i.CAN_DeInit) refers to stm32f10x_rcc.o(i.RCC_APB1PeriphResetCmd) for RCC_APB1PeriphResetCmd
    stm32f10x_can.o(i.CAN_GetITStatus) refers to stm32f10x_can.o(i.CheckITStatus) for CheckITStatus
    stm32f10x_cec.o(i.CEC_DeInit) refers to stm32f10x_rcc.o(i.RCC_APB1PeriphResetCmd) for RCC_APB1PeriphResetCmd
    stm32f10x_dac.o(i.DAC_DeInit) refers to stm32f10x_rcc.o(i.RCC_APB1PeriphResetCmd) for RCC_APB1PeriphResetCmd
    stm32f10x_flash.o(i.FLASH_EnableWriteProtection) refers to stm32f10x_flash.o(i.FLASH_WaitForLastOperation) for FLASH_WaitForLastOperation
    stm32f10x_flash.o(i.FLASH_EraseAllBank1Pages) refers to stm32f10x_flash.o(i.FLASH_WaitForLastBank1Operation) for FLASH_WaitForLastBank1Operation
    stm32f10x_flash.o(i.FLASH_EraseAllPages) refers to stm32f10x_flash.o(i.FLASH_WaitForLastOperation) for FLASH_WaitForLastOperation
[...]
    ../fplib/microlib/fpmul.c                0x00000000   Number         0  fmul.o ABSOLUTE
    ../fplib/microlib/fpscalb.c              0x00000000   Number         0  dscalb.o ABSOLUTE
    ../fplib/microlib/fpsqrt.c               0x00000000   Number         0  dsqrt.o ABSOLUTE
    ../mathlib/asin.c                        0x00000000   Number         0  asin.o ABSOLUTE
    ../mathlib/asin.c                        0x00000000   Number         0  asin_x.o ABSOLUTE
    ../mathlib/atan.c                        0x00000000   Number         0  atan.o ABSOLUTE
    ../mathlib/atan.c                        0x00000000   Number         0  atan_x.o ABSOLUTE
    ../mathlib/atan2.c                       0x00000000   Number         0  atan2_x.o ABSOLUTE
    ../mathlib/atan2.c                       0x00000000   Number         0  atan2.o ABSOLUTE
    ../mathlib/dunder.c                      0x00000000   Number         0  dunder.o ABSOLUTE
    ../mathlib/fpclassify.c                  0x00000000   Number         0  fpclassify.o ABSOLUTE
    ../mathlib/poly.c                        0x00000000   Number         0  poly.o ABSOLUTE
    ../mathlib/qnan.c                        0x00000000   Number         0  qnan.o ABSOLUTE
    ../mathlib/sqrt.c                        0x00000000   Number         0  sqrt_x.o ABSOLUTE
    ../mathlib/sqrt.c                        0x00000000   Number         0  sqrt.o ABSOLUTE
    APP\LED.c                                0x00000000   Number         0  led.o ABSOLUTE
    APP\eMPL\inv_mpu.c                       0x00000000   Number         0  inv_mpu.o ABSOLUTE
    APP\eMPL\inv_mpu_dmp_motion_driver.c     0x00000000   Number         0  inv_mpu_dmp_motion_driver.o ABSOLUTE
    APP\iic.c                                0x00000000   Number         0  iic.o ABSOLUTE
    APP\key.c                                0x00000000   Number         0  key.o ABSOLUTE
    APP\mpu6050.c                            0x00000000   Number         0  mpu6050.o ABSOLUTE
    APP\spi_flash.c                          0x00000000   Number         0  spi_flash.o ABSOLUTE
    APP\tftlcd.c                             0x00000000   Number         0  tftlcd.o ABSOLUTE
    Library\CMSIS\core_cm3.c                 0x00000000   Number         0  core_cm3.o ABSOLUTE
    Library\CMSIS\startup_stm32f10x_hd.s     0x00000000   Number         0  startup_stm32f10x_hd.o ABSOLUTE
    Library\CMSIS\system_stm32f10x.c         0x00000000   Number         0  system_stm32f10x.o ABSOLUTE
    Library\STM32F10x_StdPeriph_Driver\src\misc.c 0x00000000   Number         0  misc.o ABSOLUTE
    Library\STM32F10x_StdPeriph_Driver\src\stm32f10x_adc.c 0x00000000   Number         0  stm32f10x_adc.o ABSOLUTE
    Library\STM32F10x_StdPeriph_Driver\src\stm32f10x_bkp.c 0x00000000   Number         0  stm32f10x_bkp.o ABSOLUTE
    Library\STM32F10x_StdPeriph_Driver\src\stm32f10x_can.c 0x00000000   Number         0  stm32f10x_can.o ABSOLUTE
    Library\STM32F10x_StdPeriph_Driver\src\stm32f10x_cec.c 0x00000000   Number         0  stm32f10x_cec.o ABSOLUTE
    Library\STM32F10x_StdPeriph_Driver\src\stm32f10x_crc.c 0x00000000   Number         0  stm32f10x_crc.o ABSOLUTE
    Library\STM32F10x_StdPeriph_Driver\src\stm32f10x_dac.c 0x00000000   Number         0  stm32f10x_dac.o ABSOLUTE
    Library\STM32F10x_StdPeriph_Driver\src\stm32f10x_dbgmcu.c 0x00000000   Number         0  stm32f10x_dbgmcu.o ABSOLUTE
    Library\STM32F10x_StdPeriph_Driver\src\stm32f10x_dma.c 0x00000000   Number         0  stm32f10x_dma.o ABSOLUTE
    Library\STM32F10x_StdPeriph_Driver\src\stm32f10x_exti.c 0x00000000   Number         0  stm32f10x_exti.o ABSOLUTE
    Library\STM32F10x_StdPeriph_Driver\src\stm32f10x_flash.c 0x00000000   Number         0  stm32f10x_flash.o ABSOLUTE
    Library\STM32F10x_StdPeriph_Driver\src\stm32f10x_fsmc.c 0x00000000   Number         0  stm32f10x_fsmc.o ABSOLUTE
    Library\STM32F10x_StdPeriph_Driver\src\stm32f10x_gpio.c 0x00000000   Number         0  stm32f10x_gpio.o ABSOLUTE
    Library\STM32F10x_StdPeriph_Driver\src\stm32f10x_i2c.c 0x00000000   Number         0  stm32f10x_i2c.o ABSOLUTE
    Library\STM32F10x_StdPeriph_Driver\src\stm32f10x_iwdg.c 0x00000000   Number         0  stm32f10x_iwdg.o ABSOLUTE
    Library\STM32F10x_StdPeriph_Driver\src\stm32f10x_pwr.c 0x00000000   Number         0  stm32f10x_pwr.o ABSOLUTE
    Library\STM32F10x_StdPeriph_Driver\src\stm32f10x_rcc.c 0x00000000   Number         0  stm32f10x_rcc.o ABSOLUTE
    Library\STM32F10x_StdPeriph_Driver\src\stm32f10x_rtc.c 0x00000000   Number         0  stm32f10x_rtc.o ABSOLUTE
    Library\STM32F10x_StdPeriph_Driver\src\stm32f10x_sdio.c 0x00000000   Number         0  stm32f10x_sdio.o ABSOLUTE
    Library\STM32F10x_StdPeriph_Driver\src\stm32f10x_spi.c 0x00000000   Number         0  stm32f10x_spi.o ABSOLUTE
    Library\STM32F10x_StdPeriph_Driver\src\stm32f10x_tim.c 0x00000000   Number         0  stm32f10x_tim.o ABSOLUTE
    Library\STM32F10x_StdPeriph_Driver\src\stm32f10x_usart.c 0x00000000   Number         0  stm32f10x_usart.o ABSOLUTE
    Library\STM32F10x_StdPeriph_Driver\src\stm32f10x_wwdg.c 0x00000000   Number         0  stm32f10x_wwdg.o ABSOLUTE
    Library\\CMSIS\\core_cm3.c               0x00000000   Number         0  core_cm3.o ABSOLUTE
    User\main.c                              0x00000000   Number         0  main.o ABSOLUTE
    User\stm32f10x_it.c                      0x00000000   Number         0  stm32f10x_it.o ABSOLUTE
    cdcmple.s                                0x00000000   Number         0  cdcmple.o ABSOLUTE
    cdrcmple.s                               0x00000000   Number         0  cdrcmple.o ABSOLUTE
    cfcmple.s                                0x00000000   Number         0  cfcmple.o ABSOLUTE
    cfrcmple.s                               0x00000000   Number         0  cfrcmple.o ABSOLUTE
    dc.s                                     0x00000000   Number         0  dc.o ABSOLUTE
    handlers.s                               0x00000000   Number         0  handlers.o ABSOLUTE
    init.s                                   0x00000000   Number         0  init.o ABSOLUTE
    public\system.c                          0x00000000   Number         0  system.o ABSOLUTE
    public\systick.c                         0x00000000   Number         0  systick.o ABSOLUTE
    public\usart.c                           0x00000000   Number         0  usart.o ABSOLUTE
    RESET                                    0x08000000   Section      304  startup_stm32f10x_hd.o(RESET)
    .ARM.Collect$$$$00000000                 0x08000130   Section        0  entry.o(.ARM.Collect$$$$00000000)
    .ARM.Collect$$$$00000001                 0x08000130   Section        4  entry2.o(.ARM.Collect$$$$00000001)
    .ARM.Collect$$$$00000004                 0x08000134   Section        4  entry5.o(.ARM.Collect$$$$00000004)
    .ARM.Collect$$$$00000008                 0x08000138   Section        0  entry7b.o(.ARM.Collect$$$$00000008)
    .ARM.Collect$$$$0000000A                 0x08000138   Section        0  entry8b.o(.ARM.Collect$$$$0000000A)
    .ARM.Collect$$$$0000000B                 0x08000138   Section        8  entry9a.o(.ARM.Collect$$$$0000000B)
    .ARM.Collect$$$$0000000D                 0x08000140   Section        0  entry10a.o(.ARM.Collect$$$$0000000D)
    .ARM.Collect$$$$0000000F                 0x08000140   Section        0  entry11a.o(.ARM.Collect$$$$0000000F)
    .ARM.Collect$$$$00002712                 0x08000140   Section        4  entry2.o(.ARM.Collect$$$$00002712)
    __lit__00000000                          0x08000140   Data           4  entry2.o(.ARM.Collect$$$$00002712)
    .text                                    0x08000144   Section       36  startup_stm32f10x_hd.o(.text)
    .text                                    0x08000168   Section        0  ldiv.o(.text)
    .text                                    0x080001ca   Section        0  memseta.o(.text)
    .text                                    0x080001ee   Section        0  memcmp.o(.text)
    .text                                    0x08000208   Section        0  fadd.o(.text)
    .text                                    0x080002b8   Section        0  fmul.o(.text)
    .text                                    0x0800031c   Section        0  fdiv.o(.text)
    .text                                    0x08000398   Section        0  dadd.o(.text)
    .text                                    0x080004e6   Section        0  dmul.o(.text)
    .text                                    0x080005ca   Section        0  ddiv.o(.text)
    .text                                    0x080006a8   Section        0  fflti.o(.text)
    .text                                    0x080006ba   Section        0  ffltui.o(.text)
    .text                                    0x080006c4   Section        0  dflti.o(.text)
    .text                                    0x080006e6   Section        0  ffixi.o(.text)
    .text                                    0x08000718   Section        0  ffixui.o(.text)
    .text                                    0x08000740   Section        0  f2d.o(.text)
    .text                                    0x08000766   Section        0  d2f.o(.text)
    .text                                    0x080007a0   Section       20  cfcmple.o(.text)
    .text                                    0x080007b4   Section       20  cfrcmple.o(.text)
    .text                                    0x080007c8   Section        0  uldiv.o(.text)
    .text                                    0x0800082a   Section        0  llshl.o(.text)
    .text                                    0x08000848   Section        0  llsshr.o(.text)
    .text                                    0x0800086c   Section        0  iusefp.o(.text)
    .text                                    0x0800086c   Section        0  fepilogue.o(.text)
    .text                                    0x080008da   Section        0  depilogue.o(.text)
    .text                                    0x08000994   Section        0  dscalb.o(.text)
    .text                                    0x080009c4   Section       36  init.o(.text)
    .text                                    0x080009e8   Section        0  llushr.o(.text)
    .text                                    0x08000a08   Section        0  dsqrt.o(.text)
    .text                                    0x08000aaa   Section        0  __dczerorl2.o(.text)
    i.BusFault_Handler                       0x08000b00   Section        0  stm32f10x_it.o(i.BusFault_Handler)
    i.DebugMon_Handler                       0x08000b04   Section        0  stm32f10x_it.o(i.DebugMon_Handler)
    i.FSMC_NORSRAMCmd                        0x08000b08   Section        0  stm32f10x_fsmc.o(i.FSMC_NORSRAMCmd)
    i.FSMC_NORSRAMInit                       0x08000b3c   Section        0  stm32f10x_fsmc.o(i.FSMC_NORSRAMInit)
    i.FULL_COloc                             0x08000c22   Section        0  tftlcd.o(i.FULL_COloc)
    i.GPIO_Init                              0x08000c82   Section        0  stm32f10x_gpio.o(i.GPIO_Init)
    i.GPIO_ReadInputDataBit                  0x08000d98   Section        0  stm32f10x_gpio.o(i.GPIO_ReadInputDataBit)
    i.GPIO_SetBits                           0x08000daa   Section        0  stm32f10x_gpio.o(i.GPIO_SetBits)
    i.HardFault_Handler                      0x08000dae   Section        0  stm32f10x_it.o(i.HardFault_Handler)
    i.IIC_Ack                                0x08000db4   Section        0  iic.o(i.IIC_Ack)
    i.IIC_Init                               0x08000dec   Section        0  iic.o(i.IIC_Init)
    i.IIC_NAck                               0x08000e38   Section        0  iic.o(i.IIC_NAck)
    i.IIC_Read_Byte                          0x08000e70   Section        0  iic.o(i.IIC_Read_Byte)
    i.IIC_Send_Byte                          0x08000ec8   Section        0  iic.o(i.IIC_Send_Byte)
    i.IIC_Start                              0x08000f2c   Section        0  iic.o(i.IIC_Start)
    i.IIC_Stop                               0x08000f64   Section        0  iic.o(i.IIC_Stop)
    i.IIC_Wait_Ack                           0x08000f9c   Section        0  iic.o(i.IIC_Wait_Ack)
    i.Key_Init                               0x08000fe8   Section        0  key.o(i.Key_Init)
    i.LCD_WriteCmd                           0x08001038   Section        0  tftlcd.o(i.LCD_WriteCmd)
    i.LCD_WriteData                          0x08001040   Section        0  tftlcd.o(i.LCD_WriteData)
    i.LED_Init                               0x0800104c   Section        0  led.o(i.LED_Init)
    i.MPU6050_Get_Accelerometer              0x080010ac   Section        0  mpu6050.o(i.MPU6050_Get_Accelerometer)
    i.MPU6050_Get_Gyroscope                  0x080010fc   Section        0  mpu6050.o(i.MPU6050_Get_Gyroscope)
    i.MPU6050_Get_Temperature                0x0800114c   Section        0  mpu6050.o(i.MPU6050_Get_Temperature)
    i.MPU6050_Init                           0x080011b4   Section        0  mpu6050.o(i.MPU6050_Init)
    i.MPU6050_Read_Byte                      0x0800122e   Section        0  mpu6050.o(i.MPU6050_Read_Byte)
    i.MPU6050_Read_Len                       0x0800126a   Section        0  mpu6050.o(i.MPU6050_Read_Len)
    i.MPU6050_Set_Accel_Fsr                  0x080012de   Section        0  mpu6050.o(i.MPU6050_Set_Accel_Fsr)
    i.MPU6050_Set_Gyro_Fsr                   0x080012ee   Section        0  mpu6050.o(i.MPU6050_Set_Gyro_Fsr)
    i.MPU6050_Set_LPF                        0x080012fe   Section        0  mpu6050.o(i.MPU6050_Set_LPF)
    i.MPU6050_Set_Rate                       0x08001338   Section        0  mpu6050.o(i.MPU6050_Set_Rate)
    i.MPU6050_Write_Byte                     0x08001372   Section        0  mpu6050.o(i.MPU6050_Write_Byte)
    i.MPU6050_Write_Len                      0x080013b6   Section        0  mpu6050.o(i.MPU6050_Write_Len)
    i.MemManage_Handler                      0x08001410   Section        0  stm32f10x_it.o(i.MemManage_Handler)
    i.NMI_Handler                            0x08001414   Section        0  stm32f10x_it.o(i.NMI_Handler)
    i.NVIC_Init                              0x08001418   Section        0  misc.o(i.NVIC_Init)
    i.NVIC_PriorityGroupConfig               0x08001488   Section        0  misc.o(i.NVIC_PriorityGroupConfig)
    i.PendSV_Handler                         0x0800149c   Section        0  stm32f10x_it.o(i.PendSV_Handler)
    i.RCC_AHBPeriphClockCmd                  0x080014a0   Section        0  stm32f10x_rcc.o(i.RCC_AHBPeriphClockCmd)
    i.RCC_APB2PeriphClockCmd                 0x080014c0   Section        0  stm32f10x_rcc.o(i.RCC_APB2PeriphClockCmd)
    i.RCC_GetClocksFreq                      0x080014e0   Section        0  stm32f10x_rcc.o(i.RCC_GetClocksFreq)
    i.SDA_IN                                 0x080015b4   Section        0  iic.o(i.SDA_IN)
    i.SDA_OUT                                0x080015d0   Section        0  iic.o(i.SDA_OUT)
    i.SVC_Handler                            0x080015f4   Section        0  stm32f10x_it.o(i.SVC_Handler)
    i.SetSysClock                            0x080015f6   Section        0  system_stm32f10x.o(i.SetSysClock)
    SetSysClock                              0x080015f7   Thumb Code     8  system_stm32f10x.o(i.SetSysClock)
    i.SetSysClockTo72                        0x08001600   Section        0  system_stm32f10x.o(i.SetSysClockTo72)
    SetSysClockTo72                          0x08001601   Thumb Code   214  system_stm32f10x.o(i.SetSysClockTo72)
    i.SysTick_CLKSourceConfig                0x080016e0   Section        0  misc.o(i.SysTick_CLKSourceConfig)
    i.SysTick_Handler                        0x08001708   Section        0  stm32f10x_it.o(i.SysTick_Handler)
    i.SystemInit                             0x0800170c   Section        0  system_stm32f10x.o(i.SystemInit)
    i.TFTLCD_Dot                             0x0800176c   Section        0  tftlcd.o(i.TFTLCD_Dot)
    i.TFTLCD_GPIO_Config                     0x08001790   Section        0  tftlcd.o(i.TFTLCD_GPIO_Config)
    TFTLCD_GPIO_Config                       0x08001791   Thumb Code   374  tftlcd.o(i.TFTLCD_GPIO_Config)
    i.TFTLCD_Init                            0x0800191c   Section        0  tftlcd.o(i.TFTLCD_Init)
    i.TFTLCD_Mode_Config                     0x08001b04   Section        0  tftlcd.o(i.TFTLCD_Mode_Config)
    TFTLCD_Mode_Config                       0x08001b05   Thumb Code   122  tftlcd.o(i.TFTLCD_Mode_Config)
    i.TFTLCD_Pow                             0x08001b7e   Section        0  tftlcd.o(i.TFTLCD_Pow)
    i.TFTLCD_Set_Window                      0x08001b98   Section        0  tftlcd.o(i.TFTLCD_Set_Window)
    i.TFTLCD_Show_Char                       0x08001c40   Section        0  tftlcd.o(i.TFTLCD_Show_Char)
    i.TFTLCD_Show_NUM                        0x08001d28   Section        0  tftlcd.o(i.TFTLCD_Show_NUM)
    i.TFTLCD_Show_String                     0x08001d80   Section        0  tftlcd.o(i.TFTLCD_Show_String)
    i.TFT_FULL_COLOR                         0x08001dce   Section        0  tftlcd.o(i.TFT_FULL_COLOR)
    i.USART1_IRQHandler                      0x08001e30   Section        0  usart.o(i.USART1_IRQHandler)
    i.USART1_Init                            0x08001ecc   Section        0  usart.o(i.USART1_Init)
    i.USART_Cmd                              0x08001f70   Section        0  stm32f10x_usart.o(i.USART_Cmd)
    i.USART_GetFlagStatus                    0x08001f88   Section        0  stm32f10x_usart.o(i.USART_GetFlagStatus)
    i.USART_GetITStatus                      0x08001fa2   Section        0  stm32f10x_usart.o(i.USART_GetITStatus)
    i.USART_ITConfig                         0x08001ff6   Section        0  stm32f10x_usart.o(i.USART_ITConfig)
    i.USART_Init                             0x08002040   Section        0  stm32f10x_usart.o(i.USART_Init)
    i.USART_ReceiveData                      0x08002118   Section        0  stm32f10x_usart.o(i.USART_ReceiveData)
    i.USART_SendData                         0x08002122   Section        0  stm32f10x_usart.o(i.USART_SendData)
    i.UsageFault_Handler                     0x0800212a   Section        0  stm32f10x_it.o(i.UsageFault_Handler)
    i.__0printf$8                            0x08002130   Section        0  printf8.o(i.__0printf$8)
    i.__ARM_fpclassify                       0x08002150   Section        0  fpclassify.o(i.__ARM_fpclassify)
    i.__kernel_poly                          0x08002178   Section        0  poly.o(i.__kernel_poly)
    i.__mathlib_dbl_infnan                   0x08002222   Section        0  dunder.o(i.__mathlib_dbl_infnan)
    i.__mathlib_dbl_infnan2                  0x08002228   Section        0  dunder.o(i.__mathlib_dbl_infnan2)
    i.__mathlib_dbl_invalid                  0x0800222c   Section        0  dunder.o(i.__mathlib_dbl_invalid)
    i.__mathlib_dbl_underflow                0x08002238   Section        0  dunder.o(i.__mathlib_dbl_underflow)
    i.__scatterload_copy                     0x08002248   Section       14  handlers.o(i.__scatterload_copy)
    i.__scatterload_null                     0x08002256   Section        2  handlers.o(i.__scatterload_null)
    i.__scatterload_zeroinit                 0x08002258   Section       14  handlers.o(i.__scatterload_zeroinit)
    i.__set_errno                            0x08002268   Section        0  errno.o(i.__set_errno)
    i._printf_core                           0x08002274   Section        0  printf8.o(i._printf_core)
    _printf_core                             0x08002275   Thumb Code   996  printf8.o(i._printf_core)
    i._printf_post_padding                   0x08002684   Section        0  printf8.o(i._printf_post_padding)
    _printf_post_padding                     0x08002685   Thumb Code    36  printf8.o(i._printf_post_padding)
    i._printf_pre_padding                    0x080026a8   Section        0  printf8.o(i._printf_pre_padding)
    _printf_pre_padding                      0x080026a9   Thumb Code    46  printf8.o(i._printf_pre_padding)
    i.accel_self_test                        0x080026d8   Section        0  inv_mpu.o(i.accel_self_test)
    accel_self_test                          0x080026d9   Thumb Code   168  inv_mpu.o(i.accel_self_test)
    i.asin                                   0x08002784   Section        0  asin.o(i.asin)
    i.atan                                   0x080029f4   Section        0  atan.o(i.atan)
    i.atan2                                  0x08002c14   Section        0  atan2.o(i.atan2)
    i.decode_gesture                         0x08002d94   Section        0  inv_mpu_dmp_motion_driver.o(i.decode_gesture)
    decode_gesture                           0x08002d95   Thumb Code    94  inv_mpu_dmp_motion_driver.o(i.decode_gesture)
    i.delay_ms                               0x08002df8   Section        0  systick.o(i.delay_ms)
    i.delay_us                               0x08002e44   Section        0  systick.o(i.delay_us)
    i.dmp_enable_6x_lp_quat                  0x08002e90   Section        0  inv_mpu_dmp_motion_driver.o(i.dmp_enable_6x_lp_quat)
    i.dmp_enable_feature                     0x08002ecc   Section        0  inv_mpu_dmp_motion_driver.o(i.dmp_enable_feature)
    i.dmp_enable_gyro_cal                    0x080030e8   Section        0  inv_mpu_dmp_motion_driver.o(i.dmp_enable_gyro_cal)
    i.dmp_enable_lp_quat                     0x08003140   Section        0  inv_mpu_dmp_motion_driver.o(i.dmp_enable_lp_quat)
    i.dmp_load_motion_driver_firmware        0x0800317c   Section        0  inv_mpu_dmp_motion_driver.o(i.dmp_load_motion_driver_firmware)
    i.dmp_read_fifo                          0x08003194   Section        0  inv_mpu_dmp_motion_driver.o(i.dmp_read_fifo)
    i.dmp_set_accel_bias                     0x08003360   Section        0  inv_mpu_dmp_motion_driver.o(i.dmp_set_accel_bias)
    i.dmp_set_fifo_rate                      0x08003490   Section        0  inv_mpu_dmp_motion_driver.o(i.dmp_set_fifo_rate)
    i.dmp_set_gyro_bias                      0x08003500   Section        0  inv_mpu_dmp_motion_driver.o(i.dmp_set_gyro_bias)
    i.dmp_set_orientation                    0x08003630   Section        0  inv_mpu_dmp_motion_driver.o(i.dmp_set_orientation)
    i.dmp_set_shake_reject_thresh            0x08003768   Section        0  inv_mpu_dmp_motion_driver.o(i.dmp_set_shake_reject_thresh)
    i.dmp_set_shake_reject_time              0x080037a0   Section        0  inv_mpu_dmp_motion_driver.o(i.dmp_set_shake_reject_time)
    i.dmp_set_shake_reject_timeout           0x080037c6   Section        0  inv_mpu_dmp_motion_driver.o(i.dmp_set_shake_reject_timeout)
    i.dmp_set_tap_axes                       0x080037ec   Section        0  inv_mpu_dmp_motion_driver.o(i.dmp_set_tap_axes)
    i.dmp_set_tap_count                      0x08003832   Section        0  inv_mpu_dmp_motion_driver.o(i.dmp_set_tap_count)
    i.dmp_set_tap_thresh                     0x08003858   Section        0  inv_mpu_dmp_motion_driver.o(i.dmp_set_tap_thresh)
    i.dmp_set_tap_time                       0x080039f8   Section        0  inv_mpu_dmp_motion_driver.o(i.dmp_set_tap_time)
    i.dmp_set_tap_time_multi                 0x08003a1e   Section        0  inv_mpu_dmp_motion_driver.o(i.dmp_set_tap_time_multi)
    i.fputc                                  0x08003a44   Section        0  usart.o(i.fputc)
    i.get_accel_prod_shift                   0x08003a68   Section        0  inv_mpu.o(i.get_accel_prod_shift)
    get_accel_prod_shift                     0x08003a69   Thumb Code   168  inv_mpu.o(i.get_accel_prod_shift)
    i.get_st_biases                          0x08003b1c   Section        0  inv_mpu.o(i.get_st_biases)
    get_st_biases                            0x08003b1d   Thumb Code  1132  inv_mpu.o(i.get_st_biases)
    i.gyro_self_test                         0x08003f8c   Section        0  inv_mpu.o(i.gyro_self_test)
    gyro_self_test                           0x08003f8d   Thumb Code   262  inv_mpu.o(i.gyro_self_test)
    i.inv_orientation_matrix_to_scalar       0x080040a4   Section        0  inv_mpu.o(i.inv_orientation_matrix_to_scalar)
    i.inv_row_2_scale                        0x080040cc   Section        0  inv_mpu.o(i.inv_row_2_scale)
    i.key_scan                               0x0800411c   Section        0  key.o(i.key_scan)
    i.main                                   0x080041ac   Section        0  main.o(i.main)
    i.mget_ms                                0x080045ec   Section        0  inv_mpu.o(i.mget_ms)
    i.mpu6050_send_data                      0x080045ee   Section        0  main.o(i.mpu6050_send_data)
    i.mpu_configure_fifo                     0x0800465c   Section        0  inv_mpu.o(i.mpu_configure_fifo)
    i.mpu_dmp_get_data                       0x080046cc   Section        0  inv_mpu.o(i.mpu_dmp_get_data)
    i.mpu_dmp_init                           0x080048f0   Section        0  inv_mpu.o(i.mpu_dmp_init)
    i.mpu_get_accel_fsr                      0x0800498c   Section        0  inv_mpu.o(i.mpu_get_accel_fsr)
    i.mpu_get_accel_sens                     0x080049d8   Section        0  inv_mpu.o(i.mpu_get_accel_sens)
    i.mpu_get_fifo_config                    0x08004a2c   Section        0  inv_mpu.o(i.mpu_get_fifo_config)
    i.mpu_get_gyro_fsr                       0x08004a3c   Section        0  inv_mpu.o(i.mpu_get_gyro_fsr)
    i.mpu_get_gyro_sens                      0x08004a80   Section        0  inv_mpu.o(i.mpu_get_gyro_sens)
    i.mpu_get_lpf                            0x08004ad0   Section        0  inv_mpu.o(i.mpu_get_lpf)
    i.mpu_get_sample_rate                    0x08004b20   Section        0  inv_mpu.o(i.mpu_get_sample_rate)
    i.mpu_init                               0x08004b40   Section        0  inv_mpu.o(i.mpu_init)
    i.mpu_load_firmware                      0x08004d30   Section        0  inv_mpu.o(i.mpu_load_firmware)
    i.mpu_lp_accel_mode                      0x08004de8   Section        0  inv_mpu.o(i.mpu_lp_accel_mode)
    i.mpu_read_fifo_stream                   0x08004ec8   Section        0  inv_mpu.o(i.mpu_read_fifo_stream)
    i.mpu_read_mem                           0x08004f88   Section        0  inv_mpu.o(i.mpu_read_mem)
    i.mpu_reset_fifo                         0x08005008   Section        0  inv_mpu.o(i.mpu_reset_fifo)
    i.mpu_run_self_test                      0x080051d0   Section        0  inv_mpu.o(i.mpu_run_self_test)
    i.mpu_set_accel_fsr                      0x080052ec   Section        0  inv_mpu.o(i.mpu_set_accel_fsr)
    i.mpu_set_bypass                         0x08005370   Section        0  inv_mpu.o(i.mpu_set_bypass)
    i.mpu_set_dmp_state                      0x080054bc   Section        0  inv_mpu.o(i.mpu_set_dmp_state)
    i.mpu_set_gyro_fsr                       0x0800554c   Section        0  inv_mpu.o(i.mpu_set_gyro_fsr)
    i.mpu_set_int_latched                    0x080055d4   Section        0  inv_mpu.o(i.mpu_set_int_latched)
    i.mpu_set_lpf                            0x08005640   Section        0  inv_mpu.o(i.mpu_set_lpf)
    i.mpu_set_sample_rate                    0x080056c4   Section        0  inv_mpu.o(i.mpu_set_sample_rate)
    i.mpu_set_sensors                        0x08005760   Section        0  inv_mpu.o(i.mpu_set_sensors)
    i.mpu_write_mem                          0x08005830   Section        0  inv_mpu.o(i.mpu_write_mem)
    i.run_self_test                          0x080058b0   Section        0  inv_mpu.o(i.run_self_test)
    i.set_int_enable                         0x08005944   Section        0  inv_mpu.o(i.set_int_enable)
    set_int_enable                           0x08005945   Thumb Code   138  inv_mpu.o(i.set_int_enable)
    i.sqrt                                   0x080059d4   Section        0  sqrt.o(i.sqrt)
    i.systick_Init                           0x08005a20   Section        0  systick.o(i.systick_Init)
    i.usart1_niming_report                   0x08005a54   Section        0  main.o(i.usart1_niming_report)
    i.usart1_report_imu                      0x08005aca   Section        0  main.o(i.usart1_report_imu)
    i.usart1_send_char                       0x08005b8c   Section        0  main.o(i.usart1_send_char)
    .constdata                               0x08005bac   Section       80  inv_mpu.o(.constdata)
    .constdata                               0x08005bfc   Section     3062  inv_mpu_dmp_motion_driver.o(.constdata)
    dmp_memory                               0x08005bfc   Data        3062  inv_mpu_dmp_motion_driver.o(.constdata)
    .constdata                               0x080067f8   Section       80  asin.o(.constdata)
    pS                                       0x080067f8   Data          48  asin.o(.constdata)
    qS                                       0x08006828   Data          32  asin.o(.constdata)
    .constdata                               0x08006848   Section      152  atan.o(.constdata)
    atanhi                                   0x08006848   Data          32  atan.o(.constdata)
    atanlo                                   0x08006868   Data          32  atan.o(.constdata)
    aTodd                                    0x08006888   Data          40  atan.o(.constdata)
    aTeven                                   0x080068b0   Data          48  atan.o(.constdata)
    .constdata                               0x080068e0   Section        8  qnan.o(.constdata)
    .conststring                             0x080068e8   Section       77  inv_mpu.o(.conststring)
    .data                                    0x20000000   Section       20  stm32f10x_rcc.o(.data)
    APBAHBPrescTable                         0x20000000   Data          16  stm32f10x_rcc.o(.data)
    ADCPrescTable                            0x20000010   Data           4  stm32f10x_rcc.o(.data)
    .data                                    0x20000014   Section        8  systick.o(.data)
    fac_us                                   0x20000014   Data           1  systick.o(.data)
    fac_ms                                   0x20000018   Data           4  systick.o(.data)
    .data                                    0x2000001c   Section        2  usart.o(.data)
    .data                                    0x2000001e   Section     1910  tftlcd.o(.data)
    ascii_1608                               0x2000001e   Data        1520  tftlcd.o(.data)
    .data                                    0x20000794   Section       53  inv_mpu.o(.data)
    st                                       0x20000794   Data          44  inv_mpu.o(.data)
    gyro_orientation                         0x200007c0   Data           9  inv_mpu.o(.data)
    .data                                    0x200007cc   Section        4  stdout.o(.data)
    .data                                    0x200007d0   Section        4  errno.o(.data)
    _errno                                   0x200007d0   Data           4  errno.o(.data)
    .bss                                     0x200007d4   Section      200  usart.o(.bss)
    .bss                                     0x2000089c   Section       16  inv_mpu_dmp_motion_driver.o(.bss)
    dmp                                      0x2000089c   Data          16  inv_mpu_dmp_motion_driver.o(.bss)
    STACK                                    0x200008b0   Section     1024  startup_stm32f10x_hd.o(STACK)

    Global Symbols

    Symbol Name                              Value     Ov Type        Size  Object(Section)

    BuildAttributes$$THM_ISAv4$P$D$K$B$S$PE$A:L22UL41UL21$X:L11$S22US41US21$IEEE1$IW$USESV6$~STKCKD$USESV7$~SHL$OTIME$ROPI$IEEEX$EBA8$MICROLIB$REQ8$PRES8$EABIv2 0x00000000   Number         0  anon$$obj.o ABSOLUTE
    __ARM_use_no_argv                        0x00000000   Number         0  main.o ABSOLUTE
    _printf_a                                0x00000000   Number         0  stubs.o ABSOLUTE
    _printf_c                                0x00000000   Number         0  stubs.o ABSOLUTE
    _printf_charcount                        0x00000000   Number         0  stubs.o ABSOLUTE
    _printf_d                                0x00000000   Number         0  stubs.o ABSOLUTE
    _printf_e                                0x00000000   Number         0  stubs.o ABSOLUTE
    _printf_f                                0x00000000   Number         0  stubs.o ABSOLUTE
    _printf_flags                            0x00000000   Number         0  stubs.o ABSOLUTE
    _printf_fp_dec                           0x00000000   Number         0  stubs.o ABSOLUTE
    _printf_fp_hex                           0x00000000   Number         0  stubs.o ABSOLUTE
    _printf_g                                0x00000000   Number         0  stubs.o ABSOLUTE
    _printf_i                                0x00000000   Number         0  stubs.o ABSOLUTE
    _printf_int_dec                          0x00000000   Number         0  stubs.o ABSOLUTE
    _printf_l                                0x00000000   Number         0  stubs.o ABSOLUTE
    _printf_lc                               0x00000000   Number         0  stubs.o ABSOLUTE
    _printf_ll                               0x00000000   Number         0  stubs.o ABSOLUTE
    _printf_lld                              0x00000000   Number         0  stubs.o ABSOLUTE
    _printf_lli                              0x00000000   Number         0  stubs.o ABSOLUTE
    _printf_llo                              0x00000000   Number         0  stubs.o ABSOLUTE
    _printf_llu                              0x00000000   Number         0  stubs.o ABSOLUTE
    _printf_llx                              0x00000000   Number         0  stubs.o ABSOLUTE
    _printf_longlong_dec                     0x00000000   Number         0  stubs.o ABSOLUTE
    _printf_longlong_hex                     0x00000000   Number         0  stubs.o ABSOLUTE
    _printf_longlong_oct                     0x00000000   Number         0  stubs.o ABSOLUTE
    _printf_ls                               0x00000000   Number         0  stubs.o ABSOLUTE
    _printf_mbtowc                           0x00000000   Number         0  stubs.o ABSOLUTE
    _printf_n                                0x00000000   Number         0  stubs.o ABSOLUTE
    _printf_o                                0x00000000   Number         0  stubs.o ABSOLUTE
    _printf_p                                0x00000000   Number         0  stubs.o ABSOLUTE
    _printf_percent                          0x00000000   Number         0  stubs.o ABSOLUTE
    _printf_pre_padding                      0x00000000   Number         0  stubs.o ABSOLUTE
    _printf_return_value                     0x00000000   Number         0  stubs.o ABSOLUTE
    _printf_s                                0x00000000   Number         0  stubs.o ABSOLUTE
    _printf_sizespec                         0x00000000   Number         0  stubs.o ABSOLUTE
    _printf_str                              0x00000000   Number         0  stubs.o ABSOLUTE
    _printf_truncate_signed                  0x00000000   Number         0  stubs.o ABSOLUTE
    _printf_truncate_unsigned                0x00000000   Number         0  stubs.o ABSOLUTE
    _printf_u                                0x00000000   Number         0  stubs.o ABSOLUTE
    _printf_wc                               0x00000000   Number         0  stubs.o ABSOLUTE
    _printf_wctomb                           0x00000000   Number         0  stubs.o ABSOLUTE
    _printf_widthprec                        0x00000000   Number         0  stubs.o ABSOLUTE
    _printf_x                                0x00000000   Number         0  stubs.o ABSOLUTE
    __cpp_initialize__aeabi_                  - Undefined Weak Reference
    __cxa_finalize                            - Undefined Weak Reference
    _clock_init                               - Undefined Weak Reference
    _microlib_exit                            - Undefined Weak Reference
    __Vectors_Size                           0x00000130   Number         0  startup_stm32f10x_hd.o ABSOLUTE
    __Vectors                                0x08000000   Data           4  startup_stm32f10x_hd.o(RESET)
    __Vectors_End                            0x08000130   Data           0  startup_stm32f10x_hd.o(RESET)
    __main                                   0x08000131   Thumb Code     0  entry.o(.ARM.Collect$$$$00000000)
    _main_stk                                0x08000131   Thumb Code     0  entry2.o(.ARM.Collect$$$$00000001)
    _main_scatterload                        0x08000135   Thumb Code     0  entry5.o(.ARM.Collect$$$$00000004)
    __main_after_scatterload                 0x08000139   Thumb Code     0  entry5.o(.ARM.Collect$$$$00000004)
    _main_clock                              0x08000139   Thumb Code     0  entry7b.o(.ARM.Collect$$$$00000008)
    _main_cpp_init                           0x08000139   Thumb Code     0  entry8b.o(.ARM.Collect$$$$0000000A)
    _main_init                               0x08000139   Thumb Code     0  entry9a.o(.ARM.Collect$$$$0000000B)
    __rt_final_cpp                           0x08000141   Thumb Code     0  entry10a.o(.ARM.Collect$$$$0000000D)
    __rt_final_exit                          0x08000141   Thumb Code     0  entry11a.o(.ARM.Collect$$$$0000000F)
    Reset_Handler                            0x08000145   Thumb Code     8  startup_stm32f10x_hd.o(.text)
    ADC1_2_IRQHandler                        0x0800015f   Thumb Code     0  startup_stm32f10x_hd.o(.text)
    ADC3_IRQHandler                          0x0800015f   Thumb Code     0  startup_stm32f10x_hd.o(.text)
    CAN1_RX1_IRQHandler                      0x0800015f   Thumb Code     0  startup_stm32f10x_hd.o(.text)
    CAN1_SCE_IRQHandler                      0x0800015f   Thumb Code     0  startup_stm32f10x_hd.o(.text)
    DMA1_Channel1_IRQHandler                 0x0800015f   Thumb Code     0  startup_stm32f10x_hd.o(.text)
    DMA1_Channel2_IRQHandler                 0x0800015f   Thumb Code     0  startup_stm32f10x_hd.o(.text)
    DMA1_Channel3_IRQHandler                 0x0800015f   Thumb Code     0  startup_stm32f10x_hd.o(.text)
    DMA1_Channel4_IRQHandler                 0x0800015f   Thumb Code     0  startup_stm32f10x_hd.o(.text)
    DMA1_Channel5_IRQHandler                 0x0800015f   Thumb Code     0  startup_stm32f10x_hd.o(.text)
    DMA1_Channel6_IRQHandler                 0x0800015f   Thumb Code     0  startup_stm32f10x_hd.o(.text)
    DMA1_Channel7_IRQHandler                 0x0800015f   Thumb Code     0  startup_stm32f10x_hd.o(.text)
    DMA2_Channel1_IRQHandler                 0x0800015f   Thumb Code     0  startup_stm32f10x_hd.o(.text)
    DMA2_Channel2_IRQHandler                 0x0800015f   Thumb Code     0  startup_stm32f10x_hd.o(.text)
    DMA2_Channel3_IRQHandler                 0x0800015f   Thumb Code     0  startup_stm32f10x_hd.o(.text)
    DMA2_Channel4_5_IRQHandler               0x0800015f   Thumb Code     0  startup_stm32f10x_hd.o(.text)
    EXTI0_IRQHandler                         0x0800015f   Thumb Code     0  startup_stm32f10x_hd.o(.text)
    EXTI15_10_IRQHandler                     0x0800015f   Thumb Code     0  startup_stm32f10x_hd.o(.text)
    EXTI1_IRQHandler                         0x0800015f   Thumb Code     0  startup_stm32f10x_hd.o(.text)
    EXTI2_IRQHandler                         0x0800015f   Thumb Code     0  startup_stm32f10x_hd.o(.text)
    EXTI3_IRQHandler                         0x0800015f   Thumb Code     0  startup_stm32f10x_hd.o(.text)
    EXTI4_IRQHandler                         0x0800015f   Thumb Code     0  startup_stm32f10x_hd.o(.text)
    EXTI9_5_IRQHandler                       0x0800015f   Thumb Code     0  startup_stm32f10x_hd.o(.text)
    FLASH_IRQHandler                         0x0800015f   Thumb Code     0  startup_stm32f10x_hd.o(.text)
    FSMC_IRQHandler                          0x0800015f   Thumb Code     0  startup_stm32f10x_hd.o(.text)
    I2C1_ER_IRQHandler                       0x0800015f   Thumb Code     0  startup_stm32f10x_hd.o(.text)
    I2C1_EV_IRQHandler                       0x0800015f   Thumb Code     0  startup_stm32f10x_hd.o(.text)
    I2C2_ER_IRQHandler                       0x0800015f   Thumb Code     0  startup_stm32f10x_hd.o(.text)
    I2C2_EV_IRQHandler                       0x0800015f   Thumb Code     0  startup_stm32f10x_hd.o(.text)
    PVD_IRQHandler                           0x0800015f   Thumb Code     0  startup_stm32f10x_hd.o(.text)
    RCC_IRQHandler                           0x0800015f   Thumb Code     0  startup_stm32f10x_hd.o(.text)
    RTCAlarm_IRQHandler                      0x0800015f   Thumb Code     0  startup_stm32f10x_hd.o(.text)
    RTC_IRQHandler                           0x0800015f   Thumb Code     0  startup_stm32f10x_hd.o(.text)
    SDIO_IRQHandler                          0x0800015f   Thumb Code     0  startup_stm32f10x_hd.o(.text)
    SPI1_IRQHandler                          0x0800015f   Thumb Code     0  startup_stm32f10x_hd.o(.text)
    SPI2_IRQHandler                          0x0800015f   Thumb Code     0  startup_stm32f10x_hd.o(.text)
    SPI3_IRQHandler                          0x0800015f   Thumb Code     0  startup_stm32f10x_hd.o(.text)
    TAMPER_IRQHandler                        0x0800015f   Thumb Code     0  startup_stm32f10x_hd.o(.text)
    TIM1_BRK_IRQHandler                      0x0800015f   Thumb Code     0  startup_stm32f10x_hd.o(.text)
    TIM1_CC_IRQHandler                       0x0800015f   Thumb Code     0  startup_stm32f10x_hd.o(.text)
    TIM1_TRG_COM_IRQHandler                  0x0800015f   Thumb Code     0  startup_stm32f10x_hd.o(.text)
    TIM1_UP_IRQHandler                       0x0800015f   Thumb Code     0  startup_stm32f10x_hd.o(.text)
    TIM2_IRQHandler                          0x0800015f   Thumb Code     0  startup_stm32f10x_hd.o(.text)
    TIM3_IRQHandler                          0x0800015f   Thumb Code     0  startup_stm32f10x_hd.o(.text)
    TIM4_IRQHandler                          0x0800015f   Thumb Code     0  startup_stm32f10x_hd.o(.text)
    TIM5_IRQHandler                          0x0800015f   Thumb Code     0  startup_stm32f10x_hd.o(.text)
    TIM6_IRQHandler                          0x0800015f   Thumb Code     0  startup_stm32f10x_hd.o(.text)
    TIM7_IRQHandler                          0x0800015f   Thumb Code     0  startup_stm32f10x_hd.o(.text)
    TIM8_BRK_IRQHandler                      0x0800015f   Thumb Code     0  startup_stm32f10x_hd.o(.text)
    TIM8_CC_IRQHandler                       0x0800015f   Thumb Code     0  startup_stm32f10x_hd.o(.text)
    TIM8_TRG_COM_IRQHandler                  0x0800015f   Thumb Code     0  startup_stm32f10x_hd.o(.text)
    TIM8_UP_IRQHandler                       0x0800015f   Thumb Code     0  startup_stm32f10x_hd.o(.text)
    UART4_IRQHandler                         0x0800015f   Thumb Code     0  startup_stm32f10x_hd.o(.text)
    UART5_IRQHandler                         0x0800015f   Thumb Code     0  startup_stm32f10x_hd.o(.text)
    USART2_IRQHandler                        0x0800015f   Thumb Code     0  startup_stm32f10x_hd.o(.text)
    USART3_IRQHandler                        0x0800015f   Thumb Code     0  startup_stm32f10x_hd.o(.text)
    USBWakeUp_IRQHandler                     0x0800015f   Thumb Code     0  startup_stm32f10x_hd.o(.text)
    USB_HP_CAN1_TX_IRQHandler                0x0800015f   Thumb Code     0  startup_stm32f10x_hd.o(.text)
    USB_LP_CAN1_RX0_IRQHandler               0x0800015f   Thumb Code     0  startup_stm32f10x_hd.o(.text)
    WWDG_IRQHandler                          0x0800015f   Thumb Code     0  startup_stm32f10x_hd.o(.text)
    __aeabi_ldivmod                          0x08000169   Thumb Code    98  ldiv.o(.text)
    __aeabi_memset                           0x080001cb   Thumb Code    14  memseta.o(.text)
    __aeabi_memset4                          0x080001cb   Thumb Code     0  memseta.o(.text)
    __aeabi_memset8                          0x080001cb   Thumb Code     0  memseta.o(.text)
    __aeabi_memclr                           0x080001d9   Thumb Code     4  memseta.o(.text)
    __aeabi_memclr4                          0x080001d9   Thumb Code     0  memseta.o(.text)
    __aeabi_memclr8                          0x080001d9   Thumb Code     0  memseta.o(.text)
    _memset$wrapper                          0x080001dd   Thumb Code    18  memseta.o(.text)
    memcmp                                   0x080001ef   Thumb Code    26  memcmp.o(.text)
    __aeabi_fadd                             0x08000209   Thumb Code   164  fadd.o(.text)
    __aeabi_fsub                             0x080002ad   Thumb Code     6  fadd.o(.text)
    __aeabi_frsub                            0x080002b3   Thumb Code     6  fadd.o(.text)
    __aeabi_fmul                             0x080002b9   Thumb Code   100  fmul.o(.text)
    __aeabi_fdiv                             0x0800031d   Thumb Code   124  fdiv.o(.text)
    __aeabi_dadd                             0x08000399   Thumb Code   322  dadd.o(.text)
    __aeabi_dsub                             0x080004db   Thumb Code     6  dadd.o(.text)
    __aeabi_drsub                            0x080004e1   Thumb Code     6  dadd.o(.text)
    __aeabi_dmul                             0x080004e7   Thumb Code   228  dmul.o(.text)
    __aeabi_ddiv                             0x080005cb   Thumb Code   222  ddiv.o(.text)
    __aeabi_i2f                              0x080006a9   Thumb Code    18  fflti.o(.text)
    __aeabi_ui2f                             0x080006bb   Thumb Code    10  ffltui.o(.text)
    __aeabi_i2d                              0x080006c5   Thumb Code    34  dflti.o(.text)
    __aeabi_f2iz                             0x080006e7   Thumb Code    50  ffixi.o(.text)
    __aeabi_f2uiz                            0x08000719   Thumb Code    40  ffixui.o(.text)
    __aeabi_f2d                              0x08000741   Thumb Code    38  f2d.o(.text)
    __aeabi_d2f                              0x08000767   Thumb Code    56  d2f.o(.text)
    __aeabi_cfcmpeq                          0x080007a1   Thumb Code     0  cfcmple.o(.text)
    __aeabi_cfcmple                          0x080007a1   Thumb Code    20  cfcmple.o(.text)
    __aeabi_cfrcmple                         0x080007b5   Thumb Code    20  cfrcmple.o(.text)
    __aeabi_uldivmod                         0x080007c9   Thumb Code    98  uldiv.o(.text)
    __aeabi_llsl                             0x0800082b   Thumb Code    30  llshl.o(.text)
    _ll_shift_l                              0x0800082b   Thumb Code     0  llshl.o(.text)
    __aeabi_lasr                             0x08000849   Thumb Code    36  llsshr.o(.text)
    _ll_sshift_r                             0x08000849   Thumb Code     0  llsshr.o(.text)
    __I$use$fp                               0x0800086d   Thumb Code     0  iusefp.o(.text)
    _float_round                             0x0800086d   Thumb Code    18  fepilogue.o(.text)
    _float_epilogue                          0x0800087f   Thumb Code    92  fepilogue.o(.text)
    _double_round                            0x080008db   Thumb Code    30  depilogue.o(.text)
    _double_epilogue                         0x080008f9   Thumb Code   156  depilogue.o(.text)
    __ARM_scalbn                             0x08000995   Thumb Code    46  dscalb.o(.text)
    scalbn                                   0x08000995   Thumb Code     0  dscalb.o(.text)
    __scatterload                            0x080009c5   Thumb Code    28  init.o(.text)
    __scatterload_rt2                        0x080009c5   Thumb Code     0  init.o(.text)
    __aeabi_llsr                             0x080009e9   Thumb Code    32  llushr.o(.text)
    _ll_ushift_r                             0x080009e9   Thumb Code     0  llushr.o(.text)
    _dsqrt                                   0x08000a09   Thumb Code   162  dsqrt.o(.text)
    __decompress                             0x08000aab   Thumb Code     0  __dczerorl2.o(.text)
    __decompress1                            0x08000aab   Thumb Code    86  __dczerorl2.o(.text)
    BusFault_Handler                         0x08000b01   Thumb Code     4  stm32f10x_it.o(i.BusFault_Handler)
    DebugMon_Handler                         0x08000b05   Thumb Code     2  stm32f10x_it.o(i.DebugMon_Handler)
    FSMC_NORSRAMCmd                          0x08000b09   Thumb Code    46  stm32f10x_fsmc.o(i.FSMC_NORSRAMCmd)
    FSMC_NORSRAMInit                         0x08000b3d   Thumb Code   230  stm32f10x_fsmc.o(i.FSMC_NORSRAMInit)
    FULL_COloc                               0x08000c23   Thumb Code    96  tftlcd.o(i.FULL_COloc)
    GPIO_Init                                0x08000c83   Thumb Code   278  stm32f10x_gpio.o(i.GPIO_Init)
    GPIO_ReadInputDataBit                    0x08000d99   Thumb Code    18  stm32f10x_gpio.o(i.GPIO_ReadInputDataBit)
    GPIO_SetBits                             0x08000dab   Thumb Code     4  stm32f10x_gpio.o(i.GPIO_SetBits)
    HardFault_Handler                        0x08000daf   Thumb Code     4  stm32f10x_it.o(i.HardFault_Handler)
    IIC_Ack                                  0x08000db5   Thumb Code    48  iic.o(i.IIC_Ack)
    IIC_Init                                 0x08000ded   Thumb Code    64  iic.o(i.IIC_Init)
    IIC_NAck                                 0x08000e39   Thumb Code    48  iic.o(i.IIC_NAck)
    IIC_Read_Byte                            0x08000e71   Thumb Code    80  iic.o(i.IIC_Read_Byte)
    IIC_Send_Byte                            0x08000ec9   Thumb Code    90  iic.o(i.IIC_Send_Byte)
    IIC_Start                                0x08000f2d   Thumb Code    46  iic.o(i.IIC_Start)
    IIC_Stop                                 0x08000f65   Thumb Code    46  iic.o(i.IIC_Stop)
    IIC_Wait_Ack                             0x08000f9d   Thumb Code    68  iic.o(i.IIC_Wait_Ack)
    Key_Init                                 0x08000fe9   Thumb Code    72  key.o(i.Key_Init)
    LCD_WriteCmd                             0x08001039   Thumb Code     8  tftlcd.o(i.LCD_WriteCmd)
    LCD_WriteData                            0x08001041   Thumb Code     6  tftlcd.o(i.LCD_WriteData)
    LED_Init                                 0x0800104d   Thumb Code    88  led.o(i.LED_Init)
    MPU6050_Get_Accelerometer                0x080010ad   Thumb Code    80  mpu6050.o(i.MPU6050_Get_Accelerometer)
    MPU6050_Get_Gyroscope                    0x080010fd   Thumb Code    80  mpu6050.o(i.MPU6050_Get_Gyroscope)
    MPU6050_Get_Temperature                  0x0800114d   Thumb Code    86  mpu6050.o(i.MPU6050_Get_Temperature)
    MPU6050_Init                             0x080011b5   Thumb Code   122  mpu6050.o(i.MPU6050_Init)
    MPU6050_Read_Byte                        0x0800122f   Thumb Code    60  mpu6050.o(i.MPU6050_Read_Byte)
    MPU6050_Read_Len                         0x0800126b   Thumb Code   116  mpu6050.o(i.MPU6050_Read_Len)
    MPU6050_Set_Accel_Fsr                    0x080012df   Thumb Code    16  mpu6050.o(i.MPU6050_Set_Accel_Fsr)
    MPU6050_Set_Gyro_Fsr                     0x080012ef   Thumb Code    16  mpu6050.o(i.MPU6050_Set_Gyro_Fsr)
    MPU6050_Set_LPF                          0x080012ff   Thumb Code    58  mpu6050.o(i.MPU6050_Set_LPF)
    MPU6050_Set_Rate                         0x08001339   Thumb Code    58  mpu6050.o(i.MPU6050_Set_Rate)
    MPU6050_Write_Byte                       0x08001373   Thumb Code    68  mpu6050.o(i.MPU6050_Write_Byte)
    MPU6050_Write_Len                        0x080013b7   Thumb Code    90  mpu6050.o(i.MPU6050_Write_Len)
    MemManage_Handler                        0x08001411   Thumb Code     4  stm32f10x_it.o(i.MemManage_Handler)
    NMI_Handler                              0x08001415   Thumb Code     2  stm32f10x_it.o(i.NMI_Handler)
    NVIC_Init                                0x08001419   Thumb Code   100  misc.o(i.NVIC_Init)
    NVIC_PriorityGroupConfig                 0x08001489   Thumb Code    10  misc.o(i.NVIC_PriorityGroupConfig)
    PendSV_Handler                           0x0800149d   Thumb Code     2  stm32f10x_it.o(i.PendSV_Handler)
    RCC_AHBPeriphClockCmd                    0x080014a1   Thumb Code    26  stm32f10x_rcc.o(i.RCC_AHBPeriphClockCmd)
    RCC_APB2PeriphClockCmd                   0x080014c1   Thumb Code    26  stm32f10x_rcc.o(i.RCC_APB2PeriphClockCmd)
    RCC_GetClocksFreq                        0x080014e1   Thumb Code   192  stm32f10x_rcc.o(i.RCC_GetClocksFreq)
    SDA_IN                                   0x080015b5   Thumb Code    24  iic.o(i.SDA_IN)
    SDA_OUT                                  0x080015d1   Thumb Code    30  iic.o(i.SDA_OUT)
    SVC_Handler                              0x080015f5   Thumb Code     2  stm32f10x_it.o(i.SVC_Handler)
    SysTick_CLKSourceConfig                  0x080016e1   Thumb Code    40  misc.o(i.SysTick_CLKSourceConfig)
    SysTick_Handler                          0x08001709   Thumb Code     2  stm32f10x_it.o(i.SysTick_Handler)
    SystemInit                               0x0800170d   Thumb Code    78  system_stm32f10x.o(i.SystemInit)
    TFTLCD_Dot                               0x0800176d   Thumb Code    34  tftlcd.o(i.TFTLCD_Dot)
    TFTLCD_Init                              0x0800191d   Thumb Code   466  tftlcd.o(i.TFTLCD_Init)
    TFTLCD_Pow                               0x08001b7f   Thumb Code    26  tftlcd.o(i.TFTLCD_Pow)
    TFTLCD_Set_Window                        0x08001b99   Thumb Code   166  tftlcd.o(i.TFTLCD_Set_Window)
    TFTLCD_Show_Char                         0x08001c41   Thumb Code   228  tftlcd.o(i.TFTLCD_Show_Char)
    TFTLCD_Show_NUM                          0x08001d29   Thumb Code    88  tftlcd.o(i.TFTLCD_Show_NUM)
    TFTLCD_Show_String                       0x08001d81   Thumb Code    78  tftlcd.o(i.TFTLCD_Show_String)
    TFT_FULL_COLOR                           0x08001dcf   Thumb Code    98  tftlcd.o(i.TFT_FULL_COLOR)
    USART1_IRQHandler                        0x08001e31   Thumb Code   134  usart.o(i.USART1_IRQHandler)
    USART1_Init                              0x08001ecd   Thumb Code   156  usart.o(i.USART1_Init)
    USART_Cmd                                0x08001f71   Thumb Code    24  stm32f10x_usart.o(i.USART_Cmd)
    USART_GetFlagStatus                      0x08001f89   Thumb Code    26  stm32f10x_usart.o(i.USART_GetFlagStatus)
    USART_GetITStatus                        0x08001fa3   Thumb Code    84  stm32f10x_usart.o(i.USART_GetITStatus)
    USART_ITConfig                           0x08001ff7   Thumb Code    74  stm32f10x_usart.o(i.USART_ITConfig)
    USART_Init                               0x08002041   Thumb Code   210  stm32f10x_usart.o(i.USART_Init)
    USART_ReceiveData                        0x08002119   Thumb Code    10  stm32f10x_usart.o(i.USART_ReceiveData)
    USART_SendData                           0x08002123   Thumb Code     8  stm32f10x_usart.o(i.USART_SendData)
    UsageFault_Handler                       0x0800212b   Thumb Code     4  stm32f10x_it.o(i.UsageFault_Handler)
    __0printf$8                              0x08002131   Thumb Code    22  printf8.o(i.__0printf$8)
    __1printf$8                              0x08002131   Thumb Code     0  printf8.o(i.__0printf$8)
    __2printf                                0x08002131   Thumb Code     0  printf8.o(i.__0printf$8)
    __ARM_fpclassify                         0x08002151   Thumb Code    40  fpclassify.o(i.__ARM_fpclassify)
    __kernel_poly                            0x08002179   Thumb Code   170  poly.o(i.__kernel_poly)
    __mathlib_dbl_infnan                     0x08002223   Thumb Code     6  dunder.o(i.__mathlib_dbl_infnan)
    __mathlib_dbl_infnan2                    0x08002229   Thumb Code     4  dunder.o(i.__mathlib_dbl_infnan2)
    __mathlib_dbl_invalid                    0x0800222d   Thumb Code    12  dunder.o(i.__mathlib_dbl_invalid)
    __mathlib_dbl_underflow                  0x08002239   Thumb Code    10  dunder.o(i.__mathlib_dbl_underflow)
    __scatterload_copy                       0x08002249   Thumb Code    14  handlers.o(i.__scatterload_copy)
    __scatterload_null                       0x08002257   Thumb Code     2  handlers.o(i.__scatterload_null)
    __scatterload_zeroinit                   0x08002259   Thumb Code    14  handlers.o(i.__scatterload_zeroinit)
    __set_errno                              0x08002269   Thumb Code     6  errno.o(i.__set_errno)
    asin                                     0x08002785   Thumb Code   572  asin.o(i.asin)
    atan                                     0x080029f5   Thumb Code   474  atan.o(i.atan)
    atan2                                    0x08002c15   Thumb Code   346  atan2.o(i.atan2)
    delay_ms                                 0x08002df9   Thumb Code    72  systick.o(i.delay_ms)
    delay_us                                 0x08002e45   Thumb Code    72  systick.o(i.delay_us)
    dmp_enable_6x_lp_quat                    0x08002e91   Thumb Code    60  inv_mpu_dmp_motion_driver.o(i.dmp_enable_6x_lp_quat)
    dmp_enable_feature                       0x08002ecd   Thumb Code   530  inv_mpu_dmp_motion_driver.o(i.dmp_enable_feature)
    dmp_enable_gyro_cal                      0x080030e9   Thumb Code    62  inv_mpu_dmp_motion_driver.o(i.dmp_enable_gyro_cal)
    dmp_enable_lp_quat                       0x08003141   Thumb Code    60  inv_mpu_dmp_motion_driver.o(i.dmp_enable_lp_quat)
    dmp_load_motion_driver_firmware          0x0800317d   Thumb Code    20  inv_mpu_dmp_motion_driver.o(i.dmp_load_motion_driver_firmware)
    dmp_read_fifo                            0x08003195   Thumb Code   456  inv_mpu_dmp_motion_driver.o(i.dmp_read_fifo)
    dmp_set_accel_bias                       0x08003361   Thumb Code   300  inv_mpu_dmp_motion_driver.o(i.dmp_set_accel_bias)
    dmp_set_fifo_rate                        0x08003491   Thumb Code    96  inv_mpu_dmp_motion_driver.o(i.dmp_set_fifo_rate)
    dmp_set_gyro_bias                        0x08003501   Thumb Code   294  inv_mpu_dmp_motion_driver.o(i.dmp_set_gyro_bias)
    dmp_set_orientation                      0x08003631   Thumb Code   290  inv_mpu_dmp_motion_driver.o(i.dmp_set_orientation)
    dmp_set_shake_reject_thresh              0x08003769   Thumb Code    56  inv_mpu_dmp_motion_driver.o(i.dmp_set_shake_reject_thresh)
    dmp_set_shake_reject_time                0x080037a1   Thumb Code    38  inv_mpu_dmp_motion_driver.o(i.dmp_set_shake_reject_time)
    dmp_set_shake_reject_timeout             0x080037c7   Thumb Code    38  inv_mpu_dmp_motion_driver.o(i.dmp_set_shake_reject_timeout)
    dmp_set_tap_axes                         0x080037ed   Thumb Code    70  inv_mpu_dmp_motion_driver.o(i.dmp_set_tap_axes)
    dmp_set_tap_count                        0x08003833   Thumb Code    38  inv_mpu_dmp_motion_driver.o(i.dmp_set_tap_count)
    dmp_set_tap_thresh                       0x08003859   Thumb Code   396  inv_mpu_dmp_motion_driver.o(i.dmp_set_tap_thresh)
    dmp_set_tap_time                         0x080039f9   Thumb Code    38  inv_mpu_dmp_motion_driver.o(i.dmp_set_tap_time)
    dmp_set_tap_time_multi                   0x08003a1f   Thumb Code    38  inv_mpu_dmp_motion_driver.o(i.dmp_set_tap_time_multi)
    fputc                                    0x08003a45   Thumb Code    32  usart.o(i.fputc)
    inv_orientation_matrix_to_scalar         0x080040a5   Thumb Code    40  inv_mpu.o(i.inv_orientation_matrix_to_scalar)
    inv_row_2_scale                          0x080040cd   Thumb Code    78  inv_mpu.o(i.inv_row_2_scale)
    key_scan                                 0x0800411d   Thumb Code   138  key.o(i.key_scan)
    main                                     0x080041ad   Thumb Code   968  main.o(i.main)
    mget_ms                                  0x080045ed   Thumb Code     2  inv_mpu.o(i.mget_ms)
    mpu6050_send_data                        0x080045ef   Thumb Code   110  main.o(i.mpu6050_send_data)
    mpu_configure_fifo                       0x0800465d   Thumb Code   106  inv_mpu.o(i.mpu_configure_fifo)
    mpu_dmp_get_data                         0x080046cd   Thumb Code   544  inv_mpu.o(i.mpu_dmp_get_data)
    mpu_dmp_init                             0x080048f1   Thumb Code   150  inv_mpu.o(i.mpu_dmp_init)
    mpu_get_accel_fsr                        0x0800498d   Thumb Code    72  inv_mpu.o(i.mpu_get_accel_fsr)
    mpu_get_accel_sens                       0x080049d9   Thumb Code    78  inv_mpu.o(i.mpu_get_accel_sens)
    mpu_get_fifo_config                      0x08004a2d   Thumb Code    12  inv_mpu.o(i.mpu_get_fifo_config)
    mpu_get_gyro_fsr                         0x08004a3d   Thumb Code    64  inv_mpu.o(i.mpu_get_gyro_fsr)
    mpu_get_gyro_sens                        0x08004a81   Thumb Code    58  inv_mpu.o(i.mpu_get_gyro_sens)
    mpu_get_lpf                              0x08004ad1   Thumb Code    74  inv_mpu.o(i.mpu_get_lpf)
    mpu_get_sample_rate                      0x08004b21   Thumb Code    26  inv_mpu.o(i.mpu_get_sample_rate)
    mpu_init                                 0x08004b41   Thumb Code   416  inv_mpu.o(i.mpu_init)
    mpu_load_firmware                        0x08004d31   Thumb Code   180  inv_mpu.o(i.mpu_load_firmware)
    mpu_lp_accel_mode                        0x08004de9   Thumb Code   218  inv_mpu.o(i.mpu_lp_accel_mode)
    mpu_read_fifo_stream                     0x08004ec9   Thumb Code   186  inv_mpu.o(i.mpu_read_fifo_stream)
    mpu_read_mem                             0x08004f89   Thumb Code   122  inv_mpu.o(i.mpu_read_mem)
    mpu_reset_fifo                           0x08005009   Thumb Code   450  inv_mpu.o(i.mpu_reset_fifo)
    mpu_run_self_test                        0x080051d1   Thumb Code   278  inv_mpu.o(i.mpu_run_self_test)
    mpu_set_accel_fsr                        0x080052ed   Thumb Code   126  inv_mpu.o(i.mpu_set_accel_fsr)
    mpu_set_bypass                           0x08005371   Thumb Code   328  inv_mpu.o(i.mpu_set_bypass)
    mpu_set_dmp_state                        0x080054bd   Thumb Code   138  inv_mpu.o(i.mpu_set_dmp_state)
    mpu_set_gyro_fsr                         0x0800554d   Thumb Code   132  inv_mpu.o(i.mpu_set_gyro_fsr)
    mpu_set_int_latched                      0x080055d5   Thumb Code   102  inv_mpu.o(i.mpu_set_int_latched)
    mpu_set_lpf                              0x08005641   Thumb Code   126  inv_mpu.o(i.mpu_set_lpf)
    mpu_set_sample_rate                      0x080056c5   Thumb Code   152  inv_mpu.o(i.mpu_set_sample_rate)
    mpu_set_sensors                          0x08005761   Thumb Code   202  inv_mpu.o(i.mpu_set_sensors)
    mpu_write_mem                            0x08005831   Thumb Code   122  inv_mpu.o(i.mpu_write_mem)
    run_self_test                            0x080058b1   Thumb Code   148  inv_mpu.o(i.run_self_test)
    sqrt                                     0x080059d5   Thumb Code    76  sqrt.o(i.sqrt)
    systick_Init                             0x08005a21   Thumb Code    42  systick.o(i.systick_Init)
    usart1_niming_report                     0x08005a55   Thumb Code   118  main.o(i.usart1_niming_report)
    usart1_report_imu                        0x08005acb   Thumb Code   192  main.o(i.usart1_report_imu)
    usart1_send_char                         0x08005b8d   Thumb Code    28  main.o(i.usart1_send_char)
    reg                                      0x08005bac   Data          27  inv_mpu.o(.constdata)
    hw                                       0x08005bc8   Data          12  inv_mpu.o(.constdata)
    test                                     0x08005bd4   Data          40  inv_mpu.o(.constdata)
    __mathlib_zero                           0x080068e0   Data           8  qnan.o(.constdata)
    Region$$Table$$Base                      0x08006938   Number         0  anon$$obj.o(Region$$Table)
    Region$$Table$$Limit                     0x08006958   Number         0  anon$$obj.o(Region$$Table)
    USART1_RX_STA                            0x2000001c   Data           2  usart.o(.data)
    hz                                       0x2000060e   Data         390  tftlcd.o(.data)
    __stdout                                 0x200007cc   Data           4  stdout.o(.data)
    USART1_RX_BUF                            0x200007d4   Data         200  usart.o(.bss)
    __initial_sp                             0x20000cb0   Data           0  startup_stm32f10x_hd.o(STACK)



==============================================================================

Memory Map of the image

  Image Entry point : 0x08000131

  Load Region LR_IROM1 (Base: 0x08000000, Size: 0x0000712c, Max: 0x00080000, ABSOLUTE, COMPRESSED[0x00006dd0])

    Execution Region ER_IROM1 (Exec base: 0x08000000, Load base: 0x08000000, Size: 0x00006958, Max: 0x00080000, ABSOLUTE)

    Exec Addr    Load Addr    Size         Type   Attr      Idx    E Section Name        Object

    0x08000000   0x08000000   0x00000130   Data   RO          253    RESET               startup_stm32f10x_hd.o
    0x08000130   0x08000130   0x00000000   Code   RO         4319  * .ARM.Collect$$$$00000000  mc_w.l(entry.o)
    0x08000130   0x08000130   0x00000004   Code   RO         4656    .ARM.Collect$$$$00000001  mc_w.l(entry2.o)
    0x08000134   0x08000134   0x00000004   Code   RO         4659    .ARM.Collect$$$$00000004  mc_w.l(entry5.o)
    0x08000138   0x08000138   0x00000000   Code   RO         4661    .ARM.Collect$$$$00000008  mc_w.l(entry7b.o)
    0x08000138   0x08000138   0x00000000   Code   RO         4663    .ARM.Collect$$$$0000000A  mc_w.l(entry8b.o)
    0x08000138   0x08000138   0x00000008   Code   RO         4664    .ARM.Collect$$$$0000000B  mc_w.l(entry9a.o)
    0x08000140   0x08000140   0x00000000   Code   RO         4666    .ARM.Collect$$$$0000000D  mc_w.l(entry10a.o)
    0x08000140   0x08000140   0x00000000   Code   RO         4668    .ARM.Collect$$$$0000000F  mc_w.l(entry11a.o)
    0x08000140   0x08000140   0x00000004   Code   RO         4657    .ARM.Collect$$$$00002712  mc_w.l(entry2.o)
    0x08000144   0x08000144   0x00000024   Code   RO          254    .text               startup_stm32f10x_hd.o
    0x08000168   0x08000168   0x00000062   Code   RO         4322    .text               mc_w.l(ldiv.o)
    0x080001ca   0x080001ca   0x00000024   Code   RO         4324    .text               mc_w.l(memseta.o)
    0x080001ee   0x080001ee   0x0000001a   Code   RO         4326    .text               mc_w.l(memcmp.o)
    0x08000208   0x08000208   0x000000b0   Code   RO         4589    .text               mf_w.l(fadd.o)
    0x080002b8   0x080002b8   0x00000064   Code   RO         4591    .text               mf_w.l(fmul.o)
    0x0800031c   0x0800031c   0x0000007c   Code   RO         4593    .text               mf_w.l(fdiv.o)
    0x08000398   0x08000398   0x0000014e   Code   RO         4595    .text               mf_w.l(dadd.o)
    0x080004e6   0x080004e6   0x000000e4   Code   RO         4597    .text               mf_w.l(dmul.o)
    0x080005ca   0x080005ca   0x000000de   Code   RO         4599    .text               mf_w.l(ddiv.o)
    0x080006a8   0x080006a8   0x00000012   Code   RO         4601    .text               mf_w.l(fflti.o)
    0x080006ba   0x080006ba   0x0000000a   Code   RO         4603    .text               mf_w.l(ffltui.o)
    0x080006c4   0x080006c4   0x00000022   Code   RO         4605    .text               mf_w.l(dflti.o)
    0x080006e6   0x080006e6   0x00000032   Code   RO         4607    .text               mf_w.l(ffixi.o)
    0x08000718   0x08000718   0x00000028   Code   RO         4609    .text               mf_w.l(ffixui.o)
    0x08000740   0x08000740   0x00000026   Code   RO         4611    .text               mf_w.l(f2d.o)
    0x08000766   0x08000766   0x00000038   Code   RO         4613    .text               mf_w.l(d2f.o)
    0x0800079e   0x0800079e   0x00000002   PAD
    0x080007a0   0x080007a0   0x00000014   Code   RO         4615    .text               mf_w.l(cfcmple.o)
    0x080007b4   0x080007b4   0x00000014   Code   RO         4617    .text               mf_w.l(cfrcmple.o)
    0x080007c8   0x080007c8   0x00000062   Code   RO         4673    .text               mc_w.l(uldiv.o)
    0x0800082a   0x0800082a   0x0000001e   Code   RO         4675    .text               mc_w.l(llshl.o)
    0x08000848   0x08000848   0x00000024   Code   RO         4677    .text               mc_w.l(llsshr.o)
    0x0800086c   0x0800086c   0x00000000   Code   RO         4686    .text               mc_w.l(iusefp.o)
    0x0800086c   0x0800086c   0x0000006e   Code   RO         4687    .text               mf_w.l(fepilogue.o)
    0x080008da   0x080008da   0x000000ba   Code   RO         4689    .text               mf_w.l(depilogue.o)
    0x08000994   0x08000994   0x0000002e   Code   RO         4691    .text               mf_w.l(dscalb.o)
    0x080009c2   0x080009c2   0x00000002   PAD
    0x080009c4   0x080009c4   0x00000024   Code   RO         4697    .text               mc_w.l(init.o)
    0x080009e8   0x080009e8   0x00000020   Code   RO         4699    .text               mc_w.l(llushr.o)
    0x08000a08   0x08000a08   0x000000a2   Code   RO         4701    .text               mf_w.l(dsqrt.o)
    0x08000aaa   0x08000aaa   0x00000056   Code   RO         4713    .text               mc_w.l(__dczerorl2.o)
    0x08000b00   0x08000b00   0x00000004   Code   RO          166    i.BusFault_Handler  stm32f10x_it.o
    0x08000b04   0x08000b04   0x00000002   Code   RO          167    i.DebugMon_Handler  stm32f10x_it.o
    0x08000b06   0x08000b06   0x00000002   PAD
    0x08000b08   0x08000b08   0x00000034   Code   RO         1339    i.FSMC_NORSRAMCmd   stm32f10x_fsmc.o
    0x08000b3c   0x08000b3c   0x000000e6   Code   RO         1341    i.FSMC_NORSRAMInit  stm32f10x_fsmc.o
    0x08000c22   0x08000c22   0x00000060   Code   RO         3379    i.FULL_COloc        tftlcd.o
    0x08000c82   0x08000c82   0x00000116   Code   RO         1454    i.GPIO_Init         stm32f10x_gpio.o
    0x08000d98   0x08000d98   0x00000012   Code   RO         1458    i.GPIO_ReadInputDataBit  stm32f10x_gpio.o
    0x08000daa   0x08000daa   0x00000004   Code   RO         1462    i.GPIO_SetBits      stm32f10x_gpio.o
    0x08000dae   0x08000dae   0x00000004   Code   RO          168    i.HardFault_Handler  stm32f10x_it.o
    0x08000db2   0x08000db2   0x00000002   PAD
    0x08000db4   0x08000db4   0x00000038   Code   RO         4235    i.IIC_Ack           iic.o
    0x08000dec   0x08000dec   0x0000004c   Code   RO         4236    i.IIC_Init          iic.o
    0x08000e38   0x08000e38   0x00000038   Code   RO         4237    i.IIC_NAck          iic.o
    0x08000e70   0x08000e70   0x00000058   Code   RO         4238    i.IIC_Read_Byte     iic.o
    0x08000ec8   0x08000ec8   0x00000064   Code   RO         4239    i.IIC_Send_Byte     iic.o
    0x08000f2c   0x08000f2c   0x00000038   Code   RO         4240    i.IIC_Start         iic.o
    0x08000f64   0x08000f64   0x00000038   Code   RO         4241    i.IIC_Stop          iic.o
    0x08000f9c   0x08000f9c   0x0000004c   Code   RO         4242    i.IIC_Wait_Ack      iic.o
    0x08000fe8   0x08000fe8   0x00000050   Code   RO         3358    i.Key_Init          key.o
    0x08001038   0x08001038   0x00000008   Code   RO         3381    i.LCD_WriteCmd      tftlcd.o
    0x08001040   0x08001040   0x0000000c   Code   RO         3382    i.LCD_WriteData     tftlcd.o
    0x0800104c   0x0800104c   0x00000060   Code   RO         3343    i.LED_Init          led.o
    0x080010ac   0x080010ac   0x00000050   Code   RO         4145    i.MPU6050_Get_Accelerometer  mpu6050.o
    0x080010fc   0x080010fc   0x00000050   Code   RO         4146    i.MPU6050_Get_Gyroscope  mpu6050.o
    0x0800114c   0x0800114c   0x00000068   Code   RO         4147    i.MPU6050_Get_Temperature  mpu6050.o
    0x080011b4   0x080011b4   0x0000007a   Code   RO         4148    i.MPU6050_Init      mpu6050.o
    0x0800122e   0x0800122e   0x0000003c   Code   RO         4149    i.MPU6050_Read_Byte  mpu6050.o
    0x0800126a   0x0800126a   0x00000074   Code   RO         4150    i.MPU6050_Read_Len  mpu6050.o
    0x080012de   0x080012de   0x00000010   Code   RO         4151    i.MPU6050_Set_Accel_Fsr  mpu6050.o
    0x080012ee   0x080012ee   0x00000010   Code   RO         4153    i.MPU6050_Set_Gyro_Fsr  mpu6050.o
    0x080012fe   0x080012fe   0x0000003a   Code   RO         4154    i.MPU6050_Set_LPF   mpu6050.o
    0x08001338   0x08001338   0x0000003a   Code   RO         4155    i.MPU6050_Set_Rate  mpu6050.o
    0x08001372   0x08001372   0x00000044   Code   RO         4156    i.MPU6050_Write_Byte  mpu6050.o
    0x080013b6   0x080013b6   0x0000005a   Code   RO         4157    i.MPU6050_Write_Len  mpu6050.o
    0x08001410   0x08001410   0x00000004   Code   RO          169    i.MemManage_Handler  stm32f10x_it.o
    0x08001414   0x08001414   0x00000002   Code   RO          170    i.NMI_Handler       stm32f10x_it.o
    0x08001416   0x08001416   0x00000002   PAD
    0x08001418   0x08001418   0x00000070   Code   RO          303    i.NVIC_Init         misc.o
    0x08001488   0x08001488   0x00000014   Code   RO          304    i.NVIC_PriorityGroupConfig  misc.o
    0x0800149c   0x0800149c   0x00000002   Code   RO          171    i.PendSV_Handler    stm32f10x_it.o
    0x0800149e   0x0800149e   0x00000002   PAD
    0x080014a0   0x080014a0   0x00000020   Code   RO         1869    i.RCC_AHBPeriphClockCmd  stm32f10x_rcc.o
    0x080014c0   0x080014c0   0x00000020   Code   RO         1872    i.RCC_APB2PeriphClockCmd  stm32f10x_rcc.o
    0x080014e0   0x080014e0   0x000000d4   Code   RO         1880    i.RCC_GetClocksFreq  stm32f10x_rcc.o
    0x080015b4   0x080015b4   0x0000001c   Code   RO         4243    i.SDA_IN            iic.o
    0x080015d0   0x080015d0   0x00000024   Code   RO         4244    i.SDA_OUT           iic.o
    0x080015f4   0x080015f4   0x00000002   Code   RO          172    i.SVC_Handler       stm32f10x_it.o
    0x080015f6   0x080015f6   0x00000008   Code   RO          269    i.SetSysClock       system_stm32f10x.o
    0x080015fe   0x080015fe   0x00000002   PAD
    0x08001600   0x08001600   0x000000e0   Code   RO          270    i.SetSysClockTo72   system_stm32f10x.o
    0x080016e0   0x080016e0   0x00000028   Code   RO          307    i.SysTick_CLKSourceConfig  misc.o
    0x08001708   0x08001708   0x00000002   Code   RO          173    i.SysTick_Handler   stm32f10x_it.o
    0x0800170a   0x0800170a   0x00000002   PAD
    0x0800170c   0x0800170c   0x00000060   Code   RO          272    i.SystemInit        system_stm32f10x.o
    0x0800176c   0x0800176c   0x00000022   Code   RO         3383    i.TFTLCD_Dot        tftlcd.o
    0x0800178e   0x0800178e   0x00000002   PAD
    0x08001790   0x08001790   0x0000018c   Code   RO         3384    i.TFTLCD_GPIO_Config  tftlcd.o
    0x0800191c   0x0800191c   0x000001e8   Code   RO         3385    i.TFTLCD_Init       tftlcd.o
    0x08001b04   0x08001b04   0x0000007a   Code   RO         3387    i.TFTLCD_Mode_Config  tftlcd.o
    0x08001b7e   0x08001b7e   0x0000001a   Code   RO         3388    i.TFTLCD_Pow        tftlcd.o
    0x08001b98   0x08001b98   0x000000a6   Code   RO         3390    i.TFTLCD_Set_Window  tftlcd.o
    0x08001c3e   0x08001c3e   0x00000002   PAD
    0x08001c40   0x08001c40   0x000000e8   Code   RO         3391    i.TFTLCD_Show_Char  tftlcd.o
    0x08001d28   0x08001d28   0x00000058   Code   RO         3394    i.TFTLCD_Show_NUM   tftlcd.o
    0x08001d80   0x08001d80   0x0000004e   Code   RO         3395    i.TFTLCD_Show_String  tftlcd.o
    0x08001dce   0x08001dce   0x00000062   Code   RO         3396    i.TFT_FULL_COLOR    tftlcd.o
    0x08001e30   0x08001e30   0x0000009c   Code   RO         3308    i.USART1_IRQHandler  usart.o
    0x08001ecc   0x08001ecc   0x000000a4   Code   RO         3309    i.USART1_Init       usart.o
    0x08001f70   0x08001f70   0x00000018   Code   RO         3040    i.USART_Cmd         stm32f10x_usart.o
    0x08001f88   0x08001f88   0x0000001a   Code   RO         3043    i.USART_GetFlagStatus  stm32f10x_usart.o
    0x08001fa2   0x08001fa2   0x00000054   Code   RO         3044    i.USART_GetITStatus  stm32f10x_usart.o
    0x08001ff6   0x08001ff6   0x0000004a   Code   RO         3046    i.USART_ITConfig    stm32f10x_usart.o
    0x08002040   0x08002040   0x000000d8   Code   RO         3047    i.USART_Init        stm32f10x_usart.o
    0x08002118   0x08002118   0x0000000a   Code   RO         3054    i.USART_ReceiveData  stm32f10x_usart.o
    0x08002122   0x08002122   0x00000008   Code   RO         3057    i.USART_SendData    stm32f10x_usart.o
    0x0800212a   0x0800212a   0x00000004   Code   RO          174    i.UsageFault_Handler  stm32f10x_it.o
    0x0800212e   0x0800212e   0x00000002   PAD
    0x08002130   0x08002130   0x00000020   Code   RO         4535    i.__0printf$8       mc_w.l(printf8.o)
    0x08002150   0x08002150   0x00000028   Code   RO         4643    i.__ARM_fpclassify  m_ws.l(fpclassify.o)
    0x08002178   0x08002178   0x000000aa   Code   RO         4645    i.__kernel_poly     m_ws.l(poly.o)
    0x08002222   0x08002222   0x00000006   Code   RO         4630    i.__mathlib_dbl_infnan  m_ws.l(dunder.o)
    0x08002228   0x08002228   0x00000004   Code   RO         4631    i.__mathlib_dbl_infnan2  m_ws.l(dunder.o)
    0x0800222c   0x0800222c   0x0000000c   Code   RO         4632    i.__mathlib_dbl_invalid  m_ws.l(dunder.o)
    0x08002238   0x08002238   0x00000010   Code   RO         4635    i.__mathlib_dbl_underflow  m_ws.l(dunder.o)
    0x08002248   0x08002248   0x0000000e   Code   RO         4707    i.__scatterload_copy  mc_w.l(handlers.o)
    0x08002256   0x08002256   0x00000002   Code   RO         4708    i.__scatterload_null  mc_w.l(handlers.o)
    0x08002258   0x08002258   0x0000000e   Code   RO         4709    i.__scatterload_zeroinit  mc_w.l(handlers.o)
    0x08002266   0x08002266   0x00000002   PAD
    0x08002268   0x08002268   0x0000000c   Code   RO         4681    i.__set_errno       mc_w.l(errno.o)
    0x08002274   0x08002274   0x00000410   Code   RO         4542    i._printf_core      mc_w.l(printf8.o)
    0x08002684   0x08002684   0x00000024   Code   RO         4543    i._printf_post_padding  mc_w.l(printf8.o)
    0x080026a8   0x080026a8   0x0000002e   Code   RO         4544    i._printf_pre_padding  mc_w.l(printf8.o)
    0x080026d6   0x080026d6   0x00000002   PAD
    0x080026d8   0x080026d8   0x000000ac   Code   RO         3614    i.accel_self_test   inv_mpu.o
    0x08002784   0x08002784   0x00000270   Code   RO         4302    i.asin              m_ws.l(asin.o)
    0x080029f4   0x080029f4   0x00000220   Code   RO         4620    i.atan              m_ws.l(atan.o)
    0x08002c14   0x08002c14   0x00000180   Code   RO         4312    i.atan2             m_ws.l(atan2.o)
    0x08002d94   0x08002d94   0x00000064   Code   RO         3952    i.decode_gesture    inv_mpu_dmp_motion_driver.o
    0x08002df8   0x08002df8   0x0000004c   Code   RO         3279    i.delay_ms          systick.o
    0x08002e44   0x08002e44   0x0000004c   Code   RO         3280    i.delay_us          systick.o
    0x08002e90   0x08002e90   0x0000003c   Code   RO         3953    i.dmp_enable_6x_lp_quat  inv_mpu_dmp_motion_driver.o
    0x08002ecc   0x08002ecc   0x0000021c   Code   RO         3954    i.dmp_enable_feature  inv_mpu_dmp_motion_driver.o
    0x080030e8   0x080030e8   0x00000058   Code   RO         3955    i.dmp_enable_gyro_cal  inv_mpu_dmp_motion_driver.o
    0x08003140   0x08003140   0x0000003c   Code   RO         3956    i.dmp_enable_lp_quat  inv_mpu_dmp_motion_driver.o
    0x0800317c   0x0800317c   0x00000018   Code   RO         3961    i.dmp_load_motion_driver_firmware  inv_mpu_dmp_motion_driver.o
    0x08003194   0x08003194   0x000001cc   Code   RO         3962    i.dmp_read_fifo     inv_mpu_dmp_motion_driver.o
    0x08003360   0x08003360   0x00000130   Code   RO         3965    i.dmp_set_accel_bias  inv_mpu_dmp_motion_driver.o
    0x08003490   0x08003490   0x00000070   Code   RO         3966    i.dmp_set_fifo_rate  inv_mpu_dmp_motion_driver.o
    0x08003500   0x08003500   0x00000130   Code   RO         3967    i.dmp_set_gyro_bias  inv_mpu_dmp_motion_driver.o
    0x08003630   0x08003630   0x00000138   Code   RO         3969    i.dmp_set_orientation  inv_mpu_dmp_motion_driver.o
    0x08003768   0x08003768   0x00000038   Code   RO         3972    i.dmp_set_shake_reject_thresh  inv_mpu_dmp_motion_driver.o
    0x080037a0   0x080037a0   0x00000026   Code   RO         3973    i.dmp_set_shake_reject_time  inv_mpu_dmp_motion_driver.o
    0x080037c6   0x080037c6   0x00000026   Code   RO         3974    i.dmp_set_shake_reject_timeout  inv_mpu_dmp_motion_driver.o
    0x080037ec   0x080037ec   0x00000046   Code   RO         3975    i.dmp_set_tap_axes  inv_mpu_dmp_motion_driver.o
    0x08003832   0x08003832   0x00000026   Code   RO         3976    i.dmp_set_tap_count  inv_mpu_dmp_motion_driver.o
    0x08003858   0x08003858   0x000001a0   Code   RO         3977    i.dmp_set_tap_thresh  inv_mpu_dmp_motion_driver.o
    0x080039f8   0x080039f8   0x00000026   Code   RO         3978    i.dmp_set_tap_time  inv_mpu_dmp_motion_driver.o
    0x08003a1e   0x08003a1e   0x00000026   Code   RO         3979    i.dmp_set_tap_time_multi  inv_mpu_dmp_motion_driver.o
    0x08003a44   0x08003a44   0x00000024   Code   RO         3310    i.fputc             usart.o
    0x08003a68   0x08003a68   0x000000b4   Code   RO         3615    i.get_accel_prod_shift  inv_mpu.o
    0x08003b1c   0x08003b1c   0x00000470   Code   RO         3616    i.get_st_biases     inv_mpu.o
    0x08003f8c   0x08003f8c   0x00000118   Code   RO         3617    i.gyro_self_test    inv_mpu.o
    0x080040a4   0x080040a4   0x00000028   Code   RO         3618    i.inv_orientation_matrix_to_scalar  inv_mpu.o
    0x080040cc   0x080040cc   0x0000004e   Code   RO         3619    i.inv_row_2_scale   inv_mpu.o
    0x0800411a   0x0800411a   0x00000002   PAD
    0x0800411c   0x0800411c   0x00000090   Code   RO         3359    i.key_scan          key.o
    0x080041ac   0x080041ac   0x00000440   Code   RO            1    i.main              main.o
    0x080045ec   0x080045ec   0x00000002   Code   RO         3620    i.mget_ms           inv_mpu.o
    0x080045ee   0x080045ee   0x0000006e   Code   RO            2    i.mpu6050_send_data  main.o
    0x0800465c   0x0800465c   0x00000070   Code   RO         3621    i.mpu_configure_fifo  inv_mpu.o
    0x080046cc   0x080046cc   0x00000224   Code   RO         3622    i.mpu_dmp_get_data  inv_mpu.o
    0x080048f0   0x080048f0   0x0000009c   Code   RO         3623    i.mpu_dmp_init      inv_mpu.o
    0x0800498c   0x0800498c   0x0000004c   Code   RO         3624    i.mpu_get_accel_fsr  inv_mpu.o
    0x080049d8   0x080049d8   0x00000054   Code   RO         3626    i.mpu_get_accel_sens  inv_mpu.o
    0x08004a2c   0x08004a2c   0x00000010   Code   RO         3631    i.mpu_get_fifo_config  inv_mpu.o
    0x08004a3c   0x08004a3c   0x00000044   Code   RO         3632    i.mpu_get_gyro_fsr  inv_mpu.o
    0x08004a80   0x08004a80   0x00000050   Code   RO         3634    i.mpu_get_gyro_sens  inv_mpu.o
    0x08004ad0   0x08004ad0   0x00000050   Code   RO         3636    i.mpu_get_lpf       inv_mpu.o
    0x08004b20   0x08004b20   0x00000020   Code   RO         3638    i.mpu_get_sample_rate  inv_mpu.o
    0x08004b40   0x08004b40   0x000001f0   Code   RO         3640    i.mpu_init          inv_mpu.o
    0x08004d30   0x08004d30   0x000000b8   Code   RO         3641    i.mpu_load_firmware  inv_mpu.o
    0x08004de8   0x08004de8   0x000000e0   Code   RO         3642    i.mpu_lp_accel_mode  inv_mpu.o
    0x08004ec8   0x08004ec8   0x000000c0   Code   RO         3645    i.mpu_read_fifo_stream  inv_mpu.o
    0x08004f88   0x08004f88   0x00000080   Code   RO         3646    i.mpu_read_mem      inv_mpu.o
    0x08005008   0x08005008   0x000001c8   Code   RO         3649    i.mpu_reset_fifo    inv_mpu.o
    0x080051d0   0x080051d0   0x0000011c   Code   RO         3650    i.mpu_run_self_test  inv_mpu.o
    0x080052ec   0x080052ec   0x00000084   Code   RO         3652    i.mpu_set_accel_fsr  inv_mpu.o
    0x08005370   0x08005370   0x0000014c   Code   RO         3653    i.mpu_set_bypass    inv_mpu.o
    0x080054bc   0x080054bc   0x00000090   Code   RO         3655    i.mpu_set_dmp_state  inv_mpu.o
    0x0800554c   0x0800554c   0x00000088   Code   RO         3656    i.mpu_set_gyro_fsr  inv_mpu.o
    0x080055d4   0x080055d4   0x0000006c   Code   RO         3657    i.mpu_set_int_latched  inv_mpu.o
    0x08005640   0x08005640   0x00000084   Code   RO         3659    i.mpu_set_lpf       inv_mpu.o
    0x080056c4   0x080056c4   0x0000009c   Code   RO         3660    i.mpu_set_sample_rate  inv_mpu.o
    0x08005760   0x08005760   0x000000d0   Code   RO         3661    i.mpu_set_sensors   inv_mpu.o
    0x08005830   0x08005830   0x00000080   Code   RO         3662    i.mpu_write_mem     inv_mpu.o
    0x080058b0   0x080058b0   0x00000094   Code   RO         3663    i.run_self_test     inv_mpu.o
    0x08005944   0x08005944   0x00000090   Code   RO         3664    i.set_int_enable    inv_mpu.o
    0x080059d4   0x080059d4   0x0000004c   Code   RO         4649    i.sqrt              m_ws.l(sqrt.o)
    0x08005a20   0x08005a20   0x00000034   Code   RO         3281    i.systick_Init      systick.o
    0x08005a54   0x08005a54   0x00000076   Code   RO            3    i.usart1_niming_report  main.o
    0x08005aca   0x08005aca   0x000000c0   Code   RO            4    i.usart1_report_imu  main.o
    0x08005b8a   0x08005b8a   0x00000002   PAD
    0x08005b8c   0x08005b8c   0x00000020   Code   RO            5    i.usart1_send_char  main.o
    0x08005bac   0x08005bac   0x00000050   Data   RO         3666    .constdata          inv_mpu.o
    0x08005bfc   0x08005bfc   0x00000bf6   Data   RO         3981    .constdata          inv_mpu_dmp_motion_driver.o
    0x080067f2   0x080067f2   0x00000006   PAD
    0x080067f8   0x080067f8   0x00000050   Data   RO         4303    .constdata          m_ws.l(asin.o)
    0x08006848   0x08006848   0x00000098   Data   RO         4621    .constdata          m_ws.l(atan.o)
    0x080068e0   0x080068e0   0x00000008   Data   RO         4647    .constdata          m_ws.l(qnan.o)
    0x080068e8   0x080068e8   0x0000004d   Data   RO         3667    .conststring        inv_mpu.o
    0x08006935   0x08006935   0x00000003   PAD
    0x08006938   0x08006938   0x00000020   Data   RO         4705    Region$$Table       anon$$obj.o


    Execution Region RW_IRAM1 (Exec base: 0x20000000, Load base: 0x08006958, Size: 0x00000cb0, Max: 0x00010000, ABSOLUTE, COMPRESSED[0x00000478])

    Exec Addr    Load Addr    Size         Type   Attr      Idx    E Section Name        Object

    0x20000000   COMPRESSED   0x00000014   Data   RW         1900    .data               stm32f10x_rcc.o
    0x20000014   COMPRESSED   0x00000008   Data   RW         3282    .data               systick.o
    0x2000001c   COMPRESSED   0x00000002   Data   RW         3312    .data               usart.o
    0x2000001e   COMPRESSED   0x00000776   Data   RW         3397    .data               tftlcd.o
    0x20000794   COMPRESSED   0x00000035   Data   RW         3668    .data               inv_mpu.o
    0x200007c9   COMPRESSED   0x00000003   PAD
    0x200007cc   COMPRESSED   0x00000004   Data   RW         4670    .data               mc_w.l(stdout.o)
    0x200007d0   COMPRESSED   0x00000004   Data   RW         4682    .data               mc_w.l(errno.o)
    0x200007d4        -       0x000000c8   Zero   RW         3311    .bss                usart.o
    0x2000089c        -       0x00000010   Zero   RW         3980    .bss                inv_mpu_dmp_motion_driver.o
    0x200008ac   COMPRESSED   0x00000004   PAD
    0x200008b0        -       0x00000400   Zero   RW          251    STACK               startup_stm32f10x_hd.o


==============================================================================

Image component sizes


      Code (inc. data)   RO Data    RW Data    ZI Data      Debug   Object Name

       628         84          0          0          0       4557   iic.o
      6872        292        157         53          0      33643   inv_mpu.o
      3096        122       3062          0         16      19558   inv_mpu_dmp_motion_driver.o
       224         14          0          0          0        958   key.o
        96          8          0          0          0        467   led.o
      1540        124          0          0          0     244805   main.o
       172         22          0          0          0       2197   misc.o
       868         18          0          0          0       7481   mpu6050.o
        36          8        304          0       1024        804   startup_stm32f10x_hd.o
       282          6          0          0          0       1953   stm32f10x_fsmc.o
       300          0          0          0          0       3259   stm32f10x_gpio.o
        26          0          0          0          0       3514   stm32f10x_it.o
       276         32          0         20          0       4553   stm32f10x_rcc.o
       442          6          0          0          0       6317   stm32f10x_usart.o
       328         28          0          0          0       1913   system_stm32f10x.o
       204         18          0          8          0       1661   systick.o
      1844         54          0       1910          0       8584   tftlcd.o
       356         34          0          2        200       3508   usart.o

    ----------------------------------------------------------------------
     17612        870       3564       1996       1244     349732   Object Totals
         0          0         32          0          0          0   (incl. Generated)
        22          0          9          3          4          0   (incl. Padding)

    ----------------------------------------------------------------------

      Code (inc. data)   RO Data    RW Data    ZI Data      Debug   Library Member Name

       624         52         80          0          0        168   asin.o
       544         70        152          0          0        124   atan.o
       384         38          0          0          0        144   atan2.o
        38          6          0          0          0        272   dunder.o
        40          0          0          0          0         68   fpclassify.o
       170          0          0          0          0         96   poly.o
         0          0          8          0          0          0   qnan.o
        76          0          0          0          0         84   sqrt.o
        86          0          0          0          0          0   __dczerorl2.o
         0          0          0          0          0          0   entry.o
         0          0          0          0          0          0   entry10a.o
         0          0          0          0          0          0   entry11a.o
         8          4          0          0          0          0   entry2.o
         4          0          0          0          0          0   entry5.o
         0          0          0          0          0          0   entry7b.o
         0          0          0          0          0          0   entry8b.o
         8          4          0          0          0          0   entry9a.o
        12          6          0          4          0         68   errno.o
        30          0          0          0          0          0   handlers.o
        36          8          0          0          0         68   init.o
         0          0          0          0          0          0   iusefp.o
        98          0          0          0          0         84   ldiv.o
        30          0          0          0          0         68   llshl.o
        36          0          0          0          0         68   llsshr.o
        32          0          0          0          0         68   llushr.o
        26          0          0          0          0         80   memcmp.o
        36          0          0          0          0        108   memseta.o
      1154         54          0          0          0        352   printf8.o
         0          0          0          4          0          0   stdout.o
        98          0          0          0          0         92   uldiv.o
        20          0          0          0          0         68   cfcmple.o
        20          0          0          0          0         68   cfrcmple.o
        56          0          0          0          0         88   d2f.o
       334          0          0          0          0        148   dadd.o
       222          0          0          0          0        100   ddiv.o
       186          0          0          0          0        176   depilogue.o
        34          0          0          0          0         76   dflti.o
       228          0          0          0          0         96   dmul.o
        46          0          0          0          0         80   dscalb.o
       162          0          0          0          0        100   dsqrt.o
        38          0          0          0          0         68   f2d.o
       176          0          0          0          0        140   fadd.o
       124          0          0          0          0         88   fdiv.o
       110          0          0          0          0        168   fepilogue.o
        50          0          0          0          0         68   ffixi.o
        40          0          0          0          0         68   ffixui.o
        18          0          0          0          0         68   fflti.o
        10          0          0          0          0         68   ffltui.o
       100          0          0          0          0         76   fmul.o

    ----------------------------------------------------------------------
      5552        242        240          8          0       3824   Library Totals
         8          0          0          0          0          0   (incl. Padding)

    ----------------------------------------------------------------------

      Code (inc. data)   RO Data    RW Data    ZI Data      Debug   Library Name

      1876        166        240          0          0        956   m_ws.l
      1694         76          0          8          0       1056   mc_w.l
      1974          0          0          0          0       1812   mf_w.l

    ----------------------------------------------------------------------
      5552        242        240          8          0       3824   Library Totals

    ----------------------------------------------------------------------

==============================================================================


      Code (inc. data)   RO Data    RW Data    ZI Data      Debug   

     23164       1112       3804       2004       1244     345052   Grand Totals
     23164       1112       3804       1144       1244     345052   ELF Image Totals (compressed)
     23164       1112       3804       1144          0          0   ROM Totals

==============================================================================

    Total RO  Size (Code + RO Data)                26968 (  26.34kB)
    Total RW  Size (RW Data + ZI Data)              3248 (   3.17kB)
    Total ROM Size (Code + RO Data + RW Data)      28112 (  27.45kB)

==============================================================================

