C51 COMPILER V9.59.0.0   LCD1602                                                           05/06/2022 17:11:27 PAGE 1   


C51 COMPILER V9.59.0.0, COMPILATION OF MODULE LCD1602
OBJECT MODULE PLACED IN .\Objects\LCD1602.obj
COMPILER INVOKED BY: D:\Keil_v5\C51\BIN\C51.EXE LCD1602.c OPTIMIZE(8,SPEED) BROWSE DEBUG OBJECTEXTEND PRINT(.\Listings\L
                    -CD1602.lst) OBJECT(.\Objects\LCD1602.obj)

line level    source

   1          #include "LCD1602.h"
   2          #include <reg52.h>
   3          
   4          sbit LCD_EN=P2^7;
   5          sbit LCD_RS=P2^6;
   6          sbit LCD_WR=P2^5;
   7          
   8          void LCD_zhiling(uchar command)
   9          {
  10   1         LCD_RS=0;
  11   1         LCD_WR=0;
  12   1         LCD_EN=0;
  13   1         P0=command;
  14   1         LCD_EN=1;
  15   1         delay(10);
  16   1         LCD_EN=0;
  17   1      }
  18          
  19          
  20          void LCD_shuju(uchar date)
  21          {
  22   1         LCD_RS=1;
  23   1         LCD_WR=0;
  24   1         LCD_EN=0;
  25   1         P0=date;
  26   1         LCD_EN=1;
  27   1         delay(10);
  28   1         LCD_EN=0;
  29   1      }
  30          
  31          void LCD_Init()
  32          {
  33   1          LCD_zhiling(0x38);
  34   1          LCD_zhiling(0x0c);
  35   1          LCD_zhiling(0x06);
  36   1          LCD_zhiling(0x80);
  37   1      } 
  38          
  39          void setshow(uchar h,uchar l)
  40          {
  41   1          if(h==1)
  42   1          {
  43   2              LCD_zhiling(0x80+(l-1));
  44   2          }
  45   1          else
  46   1          {
  47   2              LCD_zhiling(0x80+0x40+(l-1));
  48   2          }
  49   1      }
  50          
  51          void showstr(uchar h,uchar l,char* p)
  52          {
  53   1          setshow(h,l);
  54   1          while(*p!='\0')
C51 COMPILER V9.59.0.0   LCD1602                                                           05/06/2022 17:11:27 PAGE 2   

  55   1          {
  56   2              LCD_shuju(*p);
  57   2              p++;
  58   2          }
  59   1      }
  60          
  61          uint LCD_Pow(uint num,uchar len)
  62          {
  63   1          uint tmp=1;
  64   1          uchar i;
  65   1          for(i=0;i<len;i++)
  66   1          {
  67   2              tmp=tmp*num;
  68   2          }
  69   1          return tmp;
  70   1      }
  71          
  72          
  73          void shownumber(uchar h,uchar l,uint number,uchar len)
  74          {
  75   1          uchar i;
  76   1          uint tmp;
  77   1          setshow(h,l);
  78   1          for(i=len;i>0;i--)
  79   1          {
  80   2              tmp=number/LCD_Pow(10,i-1)%10;
  81   2              LCD_shuju(0x30+tmp);
  82   2          }
  83   1      }
  84          
  85          void showHex(uchar h,uchar l,uint number,uchar len)
  86          {
  87   1          uchar i;
  88   1          uint tmp;
  89   1          setshow(h,l);
  90   1          for(i=len;i>0;i--)
  91   1          {
  92   2              tmp=number/LCD_Pow(16,i-1)%16;
  93   2              if(tmp<10)
  94   2              {
  95   3                  LCD_shuju(0x30+tmp);
  96   3              }
  97   2              else
  98   2              {
  99   3                  LCD_shuju(0x37+tmp);
 100   3              }
 101   2          }
 102   1      } 


MODULE INFORMATION:   STATIC OVERLAYABLE
   CODE SIZE        =    296    ----
   CONSTANT SIZE    =   ----    ----
   XDATA SIZE       =   ----    ----
   PDATA SIZE       =   ----    ----
   DATA SIZE        =   ----      22
   IDATA SIZE       =   ----    ----
   BIT SIZE         =   ----    ----
END OF MODULE INFORMATION.


C51 COMPILATION COMPLETE.  0 WARNING(S),  0 ERROR(S)
