<html>
<body>
<pre>
<h1>礦ision Build Log</h1>
<h2>Tool Versions:</h2>
IDE-Version: μVision V5.28.0.0
Copyright (C) 2019 ARM Ltd and ARM Germany GmbH. All rights reserved.
License Information: 仇志鹏,  , LIC=CZLZX-HPJG4-RARDM-XU4IS-W6ZJ7-ETQRC
 
Tool Versions:
Toolchain:       MDK-ARM Plus  Version: 5.28.0.0
Toolchain Path:  D:\Keil_v5\ARM\ARMCC\Bin
C Compiler:      Armcc.exe V5.06 update 6 (build 750)
Assembler:       Armasm.exe V5.06 update 6 (build 750)
Linker/Locator:  ArmLink.exe V5.06 update 6 (build 750)
Library Manager: ArmAr.exe V5.06 update 6 (build 750)
Hex Converter:   FromElf.exe V5.06 update 6 (build 750)
CPU DLL:         SARMCM3.DLL V5.28.0.0
Dialog DLL:      DCM.DLL V1.17.3.0
Target DLL:      UL2CM3.DLL V1.162.16.0
Dialog DLL:      TCM.DLL V1.36.2.0
 
<h2>Project:</h2>
D:\工程\keil stm32\2.1按键应用\test.uvprojx
Project File Date:  07/06/2022

<h2>Output:</h2>
*** Using Compiler 'V5.06 update 6 (build 750)', folder: 'D:\Keil_v5\ARM\ARMCC\Bin'
Build target 'Target 1'
compiling main.c...
"no source": Warning:  #2774-D: '=' assumed following macro name "USE_STDPERIPH_DRIVER" in command-line definition
.\APP\LED.h(18): warning:  #1295-D: Deprecated declaration LED_Init - give arg types
  void LED_Init();
.\APP\key.h(26): warning:  #1295-D: Deprecated declaration Key_Init - give arg types
  void Key_Init();
.\APP\key.h(27): warning:  #1295-D: Deprecated declaration key_scan - give arg types
  u8 key_scan();
.\APP\key.h(29): warning:  #1-D: last line of file ends without a newline
  #endif
User\main.c(21): warning:  #111-D: statement is unreachable
  	return 0;
User\main.c(22): warning:  #1-D: last line of file ends without a newline
  }
User\main.c: 7 warnings, 0 errors
linking...
Program Size: Code=1384 RO-data=336 RW-data=8 ZI-data=1024  
FromELF: creating hex file...
".\Obj\test.axf" - 0 Error(s), 7 Warning(s).

<h2>Software Packages used:</h2>

Package Vendor: Keil
                http://www.keil.com/pack/Keil.STM32F1xx_DFP.1.0.5.pack
                Keil.STM32F1xx_DFP.1.0.5
                STMicroelectronics STM32F1 Series Device Support, Drivers and Examples

<h2>Collection of Component include folders:</h2>
  .\RTE\_Target_1
  D:\Keil_v5\Keil\STM32F1xx_DFP\1.0.5\Device\Include

<h2>Collection of Component Files used:</h2>
Build Time Elapsed:  00:00:01
</pre>
</body>
</html>
