<html>
<body>
<pre>
<h1>礦ision Build Log</h1>
<h2>Tool Versions:</h2>
IDE-Version: μVision V5.28.0.0
Copyright (C) 2019 ARM Ltd and ARM Germany GmbH. All rights reserved.
License Information: 仇志鹏,  , LIC=CZLZX-HPJG4-RARDM-XU4IS-W6ZJ7-ETQRC
 
Tool Versions:
Toolchain:       MDK-ARM Plus  Version: 5.28.0.0
Toolchain Path:  D:\Keil_v5\ARM\ARMCC\Bin
C Compiler:      Armcc.exe V5.06 update 6 (build 750)
Assembler:       Armasm.exe V5.06 update 6 (build 750)
Linker/Locator:  ArmLink.exe V5.06 update 6 (build 750)
Library Manager: ArmAr.exe V5.06 update 6 (build 750)
Hex Converter:   FromElf.exe V5.06 update 6 (build 750)
CPU DLL:         SARMCM3.DLL V5.28.0.0
Dialog DLL:      DCM.DLL V1.17.3.0
Target DLL:      UL2CM3.DLL V1.162.16.0
Dialog DLL:      TCM.DLL V1.36.2.0
 
<h2>Project:</h2>
D:\工程\keil stm32\5.2红外遥控\test.uvprojx
Project File Date:  07/29/2022

<h2>Output:</h2>
*** Using Compiler 'V5.06 update 6 (build 750)', folder: 'D:\Keil_v5\ARM\ARMCC\Bin'
Build target 'Target 1'
compiling IR.c...
"no source": Warning:  #2774-D: '=' assumed following macro name "USE_STDPERIPH_DRIVER" in command-line definition
APP\LED.h(18): warning:  #1295-D: Deprecated declaration LED_Init - give arg types
  void LED_Init();
APP\IR.h(9): warning:  #1295-D: Deprecated declaration IR_Init - give arg types
  void IR_Init();
APP\IR.h(10): warning:  #1295-D: Deprecated declaration Get_data_flag - give arg types
  u8 Get_data_flag();
APP\IR.h(11): warning:  #1295-D: Deprecated declaration Get_repeater_flag - give arg types
  u8 Get_repeater_flag();
APP\IR.h(12): warning:  #1295-D: Deprecated declaration Get_command - give arg types
  u8 Get_command();
APP\IR.h(13): warning:  #1295-D: Deprecated declaration Get_add - give arg types
  u8 Get_add();
APP\IR.h(15): warning:  #1-D: last line of file ends without a newline
  #endif
APP\IR.c(154): warning:  #1-D: last line of file ends without a newline
  }
APP\IR.c: 9 warnings, 0 errors
linking...
Program Size: Code=4876 RO-data=336 RW-data=48 ZI-data=1224  
FromELF: creating hex file...
".\Obj\test.axf" - 0 Error(s), 9 Warning(s).

<h2>Software Packages used:</h2>

Package Vendor: Keil
                http://www.keil.com/pack/Keil.STM32F1xx_DFP.1.0.5.pack
                Keil.STM32F1xx_DFP.1.0.5
                STMicroelectronics STM32F1 Series Device Support, Drivers and Examples

<h2>Collection of Component include folders:</h2>
  .\RTE\_Target_1
  D:\Keil_v5\Keil\STM32F1xx_DFP\1.0.5\Device\Include

<h2>Collection of Component Files used:</h2>
Build Time Elapsed:  00:00:01
</pre>
</body>
</html>
