C51 COMPILER V9.59.0.0   TEST                                                              04/20/2022 02:45:01 PAGE 1   


C51 COMPILER V9.59.0.0, COMPILATION OF MODULE TEST
OBJECT MODULE PLACED IN .\Objects\test.obj
COMPILER INVOKED BY: D:\Keil_v5\C51\BIN\C51.EXE test.c OPTIMIZE(8,SPEED) BROWSE DEBUG OBJECTEXTEND PRINT(.\Listings\test
                    -.lst) OBJECT(.\Objects\test.obj)

line level    source

   1          #include <reg52.h>
   2          #include <intrins.h>
   3          
   4          #define uchar unsigned char
   5          
   6          sbit sda=P2^0;
   7          sbit scl=P2^1;
   8          uchar a;
   9          //延时函数
  10          void delay()
  11          { ; ; }
  12          
  13          //起始函数
  14          void start()
  15          {
  16   1         sda=1;
  17   1         delay();
  18   1         scl=1;
  19   1         delay();
  20   1         sda=0;
  21   1         delay();
  22   1      }
  23          
  24          //终止函数
  25          void stop()
  26          {
  27   1         sda=0;
  28   1         delay();
  29   1         scl=1;
  30   1         delay();
  31   1         sda=1;
  32   1         delay();
  33   1      }
  34          
  35          //应答信号
  36          void reponse()
  37          {
  38   1         uchar i;
  39   1         scl=1;
  40   1         delay();
  41   1         while((sda==1)&&(i<250))//等待应答
  42   1         {
  43   2            i++;
  44   2         }
  45   1         scl=0;
  46   1         delay();
  47   1         
  48   1      }
  49          
  50          //初始化
  51          void init()
  52          {
  53   1         sda=1;
  54   1         delay();
C51 COMPILER V9.59.0.0   TEST                                                              04/20/2022 02:45:01 PAGE 2   

  55   1         scl=1;
  56   1         delay();
  57   1      }
  58          
  59          //写
  60          void xieru(uchar date)
  61          {
  62   1         uchar i,temp;
  63   1         temp=date;
  64   1         scl=0;
  65   1         delay();
  66   1         for(i=0;i<8;i++)
  67   1         {
  68   2             temp=temp<<1;
  69   2             sda=CY;
  70   2             delay();
  71   2             scl=1;
  72   2             delay();
  73   2             scl=0;
  74   2             delay();
  75   2         }
  76   1         sda=1;//释放数据线信号 
  77   1               //为了读取应答信号 
  78   1               //应答信号为低电平 先置高 等应答拉低
  79   1        delay();      
  80   1      }
  81          
  82          //读
  83          uchar read()
  84          {
  85   1         uchar i,j,k;
  86   1         scl=0;
  87   1         delay();
  88   1         sda=1;
  89   1         delay();
  90   1         for(i=0;i<8;i++)
  91   1         {
  92   2            scl=1;
  93   2            delay();
  94   2            j=sda;
  95   2            k=(k<<1)|j;
  96   2            scl=0;
  97   2            delay();
  98   2         }
  99   1         
 100   1         return k;
 101   1      }
 102          
 103          void delay1(uchar i)
 104          {
 105   1         uchar a,b;
 106   1         for(a=i;a>0;a--)
 107   1         {
 108   2            for(b=100;b>0;b--);
 109   2         }
 110   1      }
 111          //指定位置写数据函数
 112          void write_add(uchar dizhi,uchar date)
 113          {
 114   1         start();//起始
 115   1         //写入过程
 116   1         xieru(0xa0);// 101000为器件地址  最后一个0代表写
C51 COMPILER V9.59.0.0   TEST                                                              04/20/2022 02:45:01 PAGE 3   

 117   1         reponse();//等待应答
 118   1         xieru(dizhi);//器件存储区的地址  代表往这个芯片的第三个地址库写入数据
 119   1         reponse();//等待应答
 120   1         xieru(date);//写数据
 121   1         reponse();//等待应答
 122   1         stop();//终止 
 123   1      }
 124          //指定位置读取函数 
 125          uchar read_add(uchar dizhi1)
 126          {
 127   1         uchar aa;
 128   1         start();//起始
 129   1         xieru(0xa0);//写入器件地址
 130   1         reponse();//等待应答
 131   1         xieru(dizhi1);//写入器件内部的存储区地址
 132   1         reponse();//等待应答
 133   1         start();//起始
 134   1         xieru(0xa1);//写入器件地址 和读
 135   1         reponse();//等待应答
 136   1         aa=read();//读数据
 137   1         stop();//终止
 138   1         return aa;
 139   1      }
 140          
 141          void main()
 142          {
 143   1         init();//初始化
 144   1         write_add(3,0x7f);
 145   1         delay1(100);
 146   1         a=read_add(3);
 147   1         P2=a;
 148   1         while(1);
 149   1      }


MODULE INFORMATION:   STATIC OVERLAYABLE
   CODE SIZE        =    267    ----
   CONSTANT SIZE    =   ----    ----
   XDATA SIZE       =   ----    ----
   PDATA SIZE       =   ----    ----
   DATA SIZE        =      1       1
   IDATA SIZE       =   ----    ----
   BIT SIZE         =   ----    ----
END OF MODULE INFORMATION.


C51 COMPILATION COMPLETE.  0 WARNING(S),  0 ERROR(S)
