Component: ARM Compiler 5.06 update 6 (build 750) Tool: armlink [4d35ed]

==============================================================================

Section Cross References

    main.o(i.HC05_Role_Show) refers to hc05.o(i.HC05_Get_Role) for HC05_Get_Role
    main.o(i.HC05_Role_Show) refers to tftlcd.o(i.TFTLCD_Show_String) for TFTLCD_Show_String
    main.o(i.HC05_Sta_Show) refers to tftlcd.o(i.TFTLCD_Show_String) for TFTLCD_Show_String
    main.o(i.main) refers to systick.o(i.systick_Init) for systick_Init
    main.o(i.main) refers to misc.o(i.NVIC_PriorityGroupConfig) for NVIC_PriorityGroupConfig
    main.o(i.main) refers to led.o(i.LED_Init) for LED_Init
    main.o(i.main) refers to spi_flash.o(i.SPI2_FLASH_Init) for SPI2_FLASH_Init
    main.o(i.main) refers to usart.o(i.USART1_Init) for USART1_Init
    main.o(i.main) refers to key.o(i.Key_Init) for Key_Init
    main.o(i.main) refers to beep.o(i.Beep_Init) for Beep_Init
    main.o(i.main) refers to tftlcd.o(i.TFTLCD_Init) for TFTLCD_Init
    main.o(i.main) refers to systick.o(i.delay_ms) for delay_ms
    main.o(i.main) refers to tftlcd.o(i.TFTLCD_Show_String) for TFTLCD_Show_String
    main.o(i.main) refers to hc05.o(i.HC05_Init) for HC05_Init
    main.o(i.main) refers to main.o(i.HC05_Role_Show) for HC05_Role_Show
    main.o(i.main) refers to key.o(i.key_scan) for key_scan
    main.o(i.main) refers to hc05.o(i.HC05_Get_Role) for HC05_Get_Role
    main.o(i.main) refers to hc05.o(i.HC05_Set_Cmd) for HC05_Set_Cmd
    main.o(i.main) refers to main.o(i.HC05_Sta_Show) for HC05_Sta_Show
    main.o(i.main) refers to strcmp.o(.text) for strcmp
    main.o(i.main) refers to usart3.o(.data) for USART3_RX_STA
    main.o(i.main) refers to usart3.o(.bss) for USART3_RX_BUFF
    startup_stm32f10x_hd.o(RESET) refers to startup_stm32f10x_hd.o(STACK) for __initial_sp
    startup_stm32f10x_hd.o(RESET) refers to startup_stm32f10x_hd.o(.text) for Reset_Handler
    startup_stm32f10x_hd.o(RESET) refers to stm32f10x_it.o(i.NMI_Handler) for NMI_Handler
    startup_stm32f10x_hd.o(RESET) refers to stm32f10x_it.o(i.HardFault_Handler) for HardFault_Handler
    startup_stm32f10x_hd.o(RESET) refers to stm32f10x_it.o(i.MemManage_Handler) for MemManage_Handler
    startup_stm32f10x_hd.o(RESET) refers to stm32f10x_it.o(i.BusFault_Handler) for BusFault_Handler
    startup_stm32f10x_hd.o(RESET) refers to stm32f10x_it.o(i.UsageFault_Handler) for UsageFault_Handler
    startup_stm32f10x_hd.o(RESET) refers to stm32f10x_it.o(i.SVC_Handler) for SVC_Handler
    startup_stm32f10x_hd.o(RESET) refers to stm32f10x_it.o(i.DebugMon_Handler) for DebugMon_Handler
    startup_stm32f10x_hd.o(RESET) refers to stm32f10x_it.o(i.PendSV_Handler) for PendSV_Handler
    startup_stm32f10x_hd.o(RESET) refers to stm32f10x_it.o(i.SysTick_Handler) for SysTick_Handler
    startup_stm32f10x_hd.o(RESET) refers to time.o(i.TIM4_IRQHandler) for TIM4_IRQHandler
    startup_stm32f10x_hd.o(RESET) refers to usart.o(i.USART1_IRQHandler) for USART1_IRQHandler
    startup_stm32f10x_hd.o(RESET) refers to usart3.o(i.USART3_IRQHandler) for USART3_IRQHandler
    startup_stm32f10x_hd.o(RESET) refers to time.o(i.TIM7_IRQHandler) for TIM7_IRQHandler
    startup_stm32f10x_hd.o(.text) refers to system_stm32f10x.o(i.SystemInit) for SystemInit
    startup_stm32f10x_hd.o(.text) refers to entry.o(.ARM.Collect$$$$00000000) for __main
    system_stm32f10x.o(i.SetSysClock) refers to system_stm32f10x.o(i.SetSysClockTo72) for SetSysClockTo72
    system_stm32f10x.o(i.SystemCoreClockUpdate) refers to system_stm32f10x.o(.data) for SystemCoreClock
    system_stm32f10x.o(i.SystemInit) refers to system_stm32f10x.o(i.SetSysClock) for SetSysClock
    stm32f10x_adc.o(i.ADC_DeInit) refers to stm32f10x_rcc.o(i.RCC_APB2PeriphResetCmd) for RCC_APB2PeriphResetCmd
    stm32f10x_bkp.o(i.BKP_DeInit) refers to stm32f10x_rcc.o(i.RCC_BackupResetCmd) for RCC_BackupResetCmd
    stm32f10x_can.o(i.CAN_DeInit) refers to stm32f10x_rcc.o(i.RCC_APB1PeriphResetCmd) for RCC_APB1PeriphResetCmd
    stm32f10x_can.o(i.CAN_GetITStatus) refers to stm32f10x_can.o(i.CheckITStatus) for CheckITStatus
    stm32f10x_cec.o(i.CEC_DeInit) refers to stm32f10x_rcc.o(i.RCC_APB1PeriphResetCmd) for RCC_APB1PeriphResetCmd
    stm32f10x_dac.o(i.DAC_DeInit) refers to stm32f10x_rcc.o(i.RCC_APB1PeriphResetCmd) for RCC_APB1PeriphResetCmd
    stm32f10x_flash.o(i.FLASH_EnableWriteProtection) refers to stm32f10x_flash.o(i.FLASH_WaitForLastOperation) for FLASH_WaitForLastOperation
    stm32f10x_flash.o(i.FLASH_EraseAllBank1Pages) refers to stm32f10x_flash.o(i.FLASH_WaitForLastBank1Operation) for FLASH_WaitForLastBank1Operation
    stm32f10x_flash.o(i.FLASH_EraseAllPages) refers to stm32f10x_flash.o(i.FLASH_WaitForLastOperation) for FLASH_WaitForLastOperation
    stm32f10x_flash.o(i.FLASH_EraseOptionBytes) refers to stm32f10x_flash.o(i.FLASH_GetReadOutProtectionStatus) for FLASH_GetReadOutProtectionStatus
[...]
    Removing stm32f10x_bkp.o(i.BKP_ClearFlag), (20 bytes).
    Removing stm32f10x_bkp.o(i.BKP_ClearITPendingBit), (20 bytes).
    Removing stm32f10x_bkp.o(i.BKP_DeInit), (16 bytes).
    Removing stm32f10x_bkp.o(i.BKP_GetFlagStatus), (12 bytes).
    Removing stm32f10x_bkp.o(i.BKP_GetITStatus), (12 bytes).
    Removing stm32f10x_bkp.o(i.BKP_ITConfig), (12 bytes).
    Removing stm32f10x_bkp.o(i.BKP_RTCOutputConfig), (28 bytes).
    Removing stm32f10x_bkp.o(i.BKP_ReadBackupRegister), (28 bytes).
    Removing stm32f10x_bkp.o(i.BKP_SetRTCCalibrationValue), (28 bytes).
    Removing stm32f10x_bkp.o(i.BKP_TamperPinCmd), (12 bytes).
    Removing stm32f10x_bkp.o(i.BKP_TamperPinLevelConfig), (12 bytes).
    Removing stm32f10x_bkp.o(i.BKP_WriteBackupRegister), (28 bytes).
    Removing stm32f10x_can.o(i.CAN_CancelTransmit), (48 bytes).
    Removing stm32f10x_can.o(i.CAN_ClearFlag), (56 bytes).
    Removing stm32f10x_can.o(i.CAN_ClearITPendingBit), (168 bytes).
    Removing stm32f10x_can.o(i.CAN_DBGFreeze), (22 bytes).
    Removing stm32f10x_can.o(i.CAN_DeInit), (56 bytes).
    Removing stm32f10x_can.o(i.CAN_FIFORelease), (22 bytes).
    Removing stm32f10x_can.o(i.CAN_FilterInit), (264 bytes).
    Removing stm32f10x_can.o(i.CAN_GetFlagStatus), (120 bytes).
    Removing stm32f10x_can.o(i.CAN_GetITStatus), (288 bytes).
    Removing stm32f10x_can.o(i.CAN_GetLSBTransmitErrorCounter), (12 bytes).
    Removing stm32f10x_can.o(i.CAN_GetLastErrorCode), (12 bytes).
    Removing stm32f10x_can.o(i.CAN_GetReceiveErrorCounter), (10 bytes).
    Removing stm32f10x_can.o(i.CAN_ITConfig), (18 bytes).
    Removing stm32f10x_can.o(i.CAN_Init), (276 bytes).
    Removing stm32f10x_can.o(i.CAN_MessagePending), (30 bytes).
    Removing stm32f10x_can.o(i.CAN_OperatingModeRequest), (162 bytes).
    Removing stm32f10x_can.o(i.CAN_Receive), (240 bytes).
    Removing stm32f10x_can.o(i.CAN_SlaveStartBank), (52 bytes).
    Removing stm32f10x_can.o(i.CAN_Sleep), (30 bytes).
    Removing stm32f10x_can.o(i.CAN_StructInit), (32 bytes).
    Removing stm32f10x_can.o(i.CAN_TTComModeCmd), (118 bytes).
    Removing stm32f10x_can.o(i.CAN_Transmit), (294 bytes).
    Removing stm32f10x_can.o(i.CAN_TransmitStatus), (160 bytes).
    Removing stm32f10x_can.o(i.CAN_WakeUp), (48 bytes).
    Removing stm32f10x_can.o(i.CheckITStatus), (18 bytes).
    Removing stm32f10x_cec.o(i.CEC_ClearFlag), (36 bytes).
    Removing stm32f10x_cec.o(i.CEC_ClearITPendingBit), (36 bytes).
    Removing stm32f10x_cec.o(i.CEC_Cmd), (32 bytes).
    Removing stm32f10x_cec.o(i.CEC_DeInit), (22 bytes).
    Removing stm32f10x_cec.o(i.CEC_EndOfMessageCmd), (12 bytes).
    Removing stm32f10x_cec.o(i.CEC_GetFlagStatus), (48 bytes).
    Removing stm32f10x_cec.o(i.CEC_GetITStatus), (40 bytes).
    Removing stm32f10x_cec.o(i.CEC_ITConfig), (12 bytes).
    Removing stm32f10x_cec.o(i.CEC_Init), (32 bytes).
    Removing stm32f10x_cec.o(i.CEC_OwnAddressConfig), (12 bytes).
    Removing stm32f10x_cec.o(i.CEC_ReceiveDataByte), (12 bytes).
    Removing stm32f10x_cec.o(i.CEC_SendDataByte), (12 bytes).
    Removing stm32f10x_cec.o(i.CEC_SetPrescaler), (12 bytes).
    Removing stm32f10x_cec.o(i.CEC_StartOfMessage), (12 bytes).
    Removing stm32f10x_crc.o(i.CRC_CalcBlockCRC), (36 bytes).
    Removing stm32f10x_crc.o(i.CRC_CalcCRC), (16 bytes).
    Removing stm32f10x_crc.o(i.CRC_GetCRC), (12 bytes).
    Removing stm32f10x_crc.o(i.CRC_GetIDRegister), (12 bytes).
    Removing stm32f10x_crc.o(i.CRC_ResetDR), (12 bytes).
    Removing stm32f10x_crc.o(i.CRC_SetIDRegister), (12 bytes).
    Removing stm32f10x_dac.o(i.DAC_Cmd), (40 bytes).
    Removing stm32f10x_dac.o(i.DAC_DMACmd), (44 bytes).
    Removing stm32f10x_dac.o(i.DAC_DeInit), (22 bytes).
    Removing stm32f10x_dac.o(i.DAC_DualSoftwareTriggerCmd), (36 bytes).
    Removing stm32f10x_dac.o(i.DAC_GetDataOutputValue), (36 bytes).
    Removing stm32f10x_dac.o(i.DAC_Init), (52 bytes).
    Removing stm32f10x_dac.o(i.DAC_SetChannel1Data), (32 bytes).
    Removing stm32f10x_dac.o(i.DAC_SetChannel2Data), (32 bytes).
    Removing stm32f10x_dac.o(i.DAC_SetDualChannelData), (36 bytes).
    Removing stm32f10x_dac.o(i.DAC_SoftwareTriggerCmd), (44 bytes).
    Removing stm32f10x_dac.o(i.DAC_StructInit), (12 bytes).
    Removing stm32f10x_dac.o(i.DAC_WaveGenerationCmd), (40 bytes).
    Removing stm32f10x_dbgmcu.o(i.DBGMCU_Config), (32 bytes).
    Removing stm32f10x_dbgmcu.o(i.DBGMCU_GetDEVID), (16 bytes).
    Removing stm32f10x_dbgmcu.o(i.DBGMCU_GetREVID), (12 bytes).
    Removing stm32f10x_dma.o(i.DMA_ClearFlag), (28 bytes).
    Removing stm32f10x_dma.o(i.DMA_ClearITPendingBit), (28 bytes).
    Removing stm32f10x_dma.o(i.DMA_Cmd), (24 bytes).
    Removing stm32f10x_dma.o(i.DMA_DeInit), (332 bytes).
    Removing stm32f10x_dma.o(i.DMA_GetCurrDataCounter), (8 bytes).
    Removing stm32f10x_dma.o(i.DMA_GetFlagStatus), (44 bytes).
    Removing stm32f10x_dma.o(i.DMA_GetITStatus), (44 bytes).
    Removing stm32f10x_dma.o(i.DMA_ITConfig), (18 bytes).
    Removing stm32f10x_dma.o(i.DMA_Init), (60 bytes).
    Removing stm32f10x_dma.o(i.DMA_SetCurrDataCounter), (4 bytes).
    Removing stm32f10x_dma.o(i.DMA_StructInit), (26 bytes).
    Removing stm32f10x_exti.o(i.EXTI_ClearFlag), (12 bytes).
    Removing stm32f10x_exti.o(i.EXTI_ClearITPendingBit), (12 bytes).
    Removing stm32f10x_exti.o(i.EXTI_DeInit), (36 bytes).
    Removing stm32f10x_exti.o(i.EXTI_GenerateSWInterrupt), (16 bytes).
    Removing stm32f10x_exti.o(i.EXTI_GetFlagStatus), (24 bytes).
    Removing stm32f10x_exti.o(i.EXTI_GetITStatus), (40 bytes).
    Removing stm32f10x_exti.o(i.EXTI_Init), (148 bytes).
    Removing stm32f10x_exti.o(i.EXTI_StructInit), (16 bytes).
    Removing stm32f10x_flash.o(i.FLASH_ClearFlag), (12 bytes).
    Removing stm32f10x_flash.o(i.FLASH_EnableWriteProtection), (196 bytes).
    Removing stm32f10x_flash.o(i.FLASH_EraseAllBank1Pages), (72 bytes).
    Removing stm32f10x_flash.o(i.FLASH_EraseAllPages), (72 bytes).
    Removing stm32f10x_flash.o(i.FLASH_EraseOptionBytes), (168 bytes).
    Removing stm32f10x_flash.o(i.FLASH_ErasePage), (76 bytes).
    Removing stm32f10x_flash.o(i.FLASH_GetBank1Status), (52 bytes).
    Removing stm32f10x_flash.o(i.FLASH_GetFlagStatus), (48 bytes).
    Removing stm32f10x_flash.o(i.FLASH_GetPrefetchBufferStatus), (24 bytes).
    Removing stm32f10x_flash.o(i.FLASH_GetReadOutProtectionStatus), (24 bytes).
    Removing stm32f10x_flash.o(i.FLASH_GetStatus), (52 bytes).
    Removing stm32f10x_flash.o(i.FLASH_GetUserOptionByte), (12 bytes).
    Removing stm32f10x_flash.o(i.FLASH_GetWriteProtectionOptionByte), (12 bytes).
    Removing stm32f10x_flash.o(i.FLASH_HalfCycleAccessCmd), (28 bytes).
    Removing stm32f10x_flash.o(i.FLASH_ITConfig), (32 bytes).
    Removing stm32f10x_flash.o(i.FLASH_Lock), (20 bytes).
    Removing stm32f10x_flash.o(i.FLASH_LockBank1), (20 bytes).
    Removing stm32f10x_flash.o(i.FLASH_PrefetchBufferCmd), (28 bytes).
    Removing stm32f10x_flash.o(i.FLASH_ProgramHalfWord), (64 bytes).
    Removing stm32f10x_flash.o(i.FLASH_ProgramOptionByteData), (84 bytes).
    Removing stm32f10x_flash.o(i.FLASH_ProgramWord), (108 bytes).
    Removing stm32f10x_flash.o(i.FLASH_ReadOutProtection), (172 bytes).
    Removing stm32f10x_flash.o(i.FLASH_SetLatency), (24 bytes).
    Removing stm32f10x_flash.o(i.FLASH_Unlock), (24 bytes).
    Removing stm32f10x_flash.o(i.FLASH_UnlockBank1), (24 bytes).
    Removing stm32f10x_flash.o(i.FLASH_UserOptionByteConfig), (104 bytes).
    Removing stm32f10x_flash.o(i.FLASH_WaitForLastBank1Operation), (38 bytes).
    Removing stm32f10x_flash.o(i.FLASH_WaitForLastOperation), (38 bytes).
    Removing stm32f10x_fsmc.o(i.FSMC_ClearFlag), (64 bytes).
    Removing stm32f10x_fsmc.o(i.FSMC_ClearITPendingBit), (72 bytes).
    Removing stm32f10x_fsmc.o(i.FSMC_GetECC), (28 bytes).
    Removing stm32f10x_fsmc.o(i.FSMC_GetFlagStatus), (56 bytes).
    Removing stm32f10x_fsmc.o(i.FSMC_GetITStatus), (68 bytes).
    Removing stm32f10x_fsmc.o(i.FSMC_ITConfig), (128 bytes).
    Removing stm32f10x_fsmc.o(i.FSMC_NANDCmd), (92 bytes).
    Removing stm32f10x_fsmc.o(i.FSMC_NANDDeInit), (68 bytes).
    Removing stm32f10x_fsmc.o(i.FSMC_NANDECCCmd), (92 bytes).
    Removing stm32f10x_fsmc.o(i.FSMC_NANDInit), (136 bytes).
    Removing stm32f10x_fsmc.o(i.FSMC_NANDStructInit), (54 bytes).
    Removing stm32f10x_fsmc.o(i.FSMC_NORSRAMDeInit), (54 bytes).
    Removing stm32f10x_fsmc.o(i.FSMC_NORSRAMStructInit), (114 bytes).
    Removing stm32f10x_fsmc.o(i.FSMC_PCCARDCmd), (48 bytes).
    Removing stm32f10x_fsmc.o(i.FSMC_PCCARDDeInit), (40 bytes).
    Removing stm32f10x_fsmc.o(i.FSMC_PCCARDInit), (132 bytes).
    Removing stm32f10x_fsmc.o(i.FSMC_PCCARDStructInit), (60 bytes).
    Removing stm32f10x_gpio.o(i.GPIO_AFIODeInit), (20 bytes).
    Removing stm32f10x_gpio.o(i.GPIO_DeInit), (200 bytes).
    Removing stm32f10x_gpio.o(i.GPIO_ETH_MediaInterfaceConfig), (12 bytes).
    Removing stm32f10x_gpio.o(i.GPIO_EXTILineConfig), (64 bytes).
    Removing stm32f10x_gpio.o(i.GPIO_EventOutputCmd), (12 bytes).
    Removing stm32f10x_gpio.o(i.GPIO_EventOutputConfig), (32 bytes).
    Removing stm32f10x_gpio.o(i.GPIO_PinLockConfig), (18 bytes).
    Removing stm32f10x_gpio.o(i.GPIO_ReadInputData), (8 bytes).
    Removing stm32f10x_gpio.o(i.GPIO_ReadOutputData), (8 bytes).
    Removing stm32f10x_gpio.o(i.GPIO_ReadOutputDataBit), (18 bytes).
    Removing stm32f10x_gpio.o(i.GPIO_ResetBits), (4 bytes).
    Removing stm32f10x_gpio.o(i.GPIO_StructInit), (16 bytes).
    Removing stm32f10x_gpio.o(i.GPIO_Write), (4 bytes).
    Removing stm32f10x_gpio.o(i.GPIO_WriteBit), (10 bytes).
    Removing stm32f10x_i2c.o(i.I2C_ARPCmd), (24 bytes).
    Removing stm32f10x_i2c.o(i.I2C_AcknowledgeConfig), (24 bytes).
    Removing stm32f10x_i2c.o(i.I2C_CalculatePEC), (24 bytes).
    Removing stm32f10x_i2c.o(i.I2C_CheckEvent), (42 bytes).
    Removing stm32f10x_i2c.o(i.I2C_ClearFlag), (12 bytes).
    Removing stm32f10x_i2c.o(i.I2C_ClearITPendingBit), (12 bytes).
    Removing stm32f10x_i2c.o(i.I2C_Cmd), (24 bytes).
    Removing stm32f10x_i2c.o(i.I2C_DMACmd), (24 bytes).
    Removing stm32f10x_i2c.o(i.I2C_DMALastTransferCmd), (24 bytes).
    Removing stm32f10x_i2c.o(i.I2C_DeInit), (56 bytes).
    Removing stm32f10x_i2c.o(i.I2C_DualAddressCmd), (24 bytes).
    Removing stm32f10x_i2c.o(i.I2C_FastModeDutyCycleConfig), (28 bytes).
    Removing stm32f10x_i2c.o(i.I2C_GeneralCallCmd), (24 bytes).
    Removing stm32f10x_i2c.o(i.I2C_GenerateSTART), (24 bytes).
    Removing stm32f10x_i2c.o(i.I2C_GenerateSTOP), (24 bytes).
    Removing stm32f10x_i2c.o(i.I2C_GetFlagStatus), (58 bytes).
    Removing stm32f10x_i2c.o(i.I2C_GetITStatus), (38 bytes).
    Removing stm32f10x_i2c.o(i.I2C_GetLastEvent), (26 bytes).
    Removing stm32f10x_i2c.o(i.I2C_GetPEC), (8 bytes).
    Removing stm32f10x_i2c.o(i.I2C_ITConfig), (18 bytes).
    Removing stm32f10x_i2c.o(i.I2C_Init), (236 bytes).
    Removing stm32f10x_i2c.o(i.I2C_NACKPositionConfig), (28 bytes).
    Removing stm32f10x_i2c.o(i.I2C_OwnAddress2Config), (22 bytes).
    Removing stm32f10x_i2c.o(i.I2C_PECPositionConfig), (28 bytes).
    Removing stm32f10x_i2c.o(i.I2C_ReadRegister), (22 bytes).
    Removing stm32f10x_i2c.o(i.I2C_ReceiveData), (8 bytes).
    Removing stm32f10x_i2c.o(i.I2C_SMBusAlertConfig), (28 bytes).
    Removing stm32f10x_i2c.o(i.I2C_Send7bitAddress), (18 bytes).
    Removing stm32f10x_i2c.o(i.I2C_SendData), (4 bytes).
    Removing stm32f10x_i2c.o(i.I2C_SoftwareResetCmd), (22 bytes).
    Removing stm32f10x_i2c.o(i.I2C_StretchClockCmd), (24 bytes).
    Removing stm32f10x_i2c.o(i.I2C_StructInit), (30 bytes).
    Removing stm32f10x_i2c.o(i.I2C_TransmitPEC), (24 bytes).
    Removing stm32f10x_iwdg.o(i.IWDG_Enable), (16 bytes).
    Removing stm32f10x_iwdg.o(i.IWDG_GetFlagStatus), (24 bytes).
    Removing stm32f10x_iwdg.o(i.IWDG_ReloadCounter), (16 bytes).
    Removing stm32f10x_iwdg.o(i.IWDG_SetPrescaler), (12 bytes).
    Removing stm32f10x_iwdg.o(i.IWDG_SetReload), (12 bytes).
    Removing stm32f10x_iwdg.o(i.IWDG_WriteAccessCmd), (12 bytes).
    Removing stm32f10x_pwr.o(i.PWR_BackupAccessCmd), (12 bytes).
    Removing stm32f10x_pwr.o(i.PWR_ClearFlag), (20 bytes).
    Removing stm32f10x_pwr.o(i.PWR_DeInit), (22 bytes).
    Removing stm32f10x_pwr.o(i.PWR_EnterSTANDBYMode), (52 bytes).
    Removing stm32f10x_pwr.o(i.PWR_EnterSTOPMode), (64 bytes).
    Removing stm32f10x_pwr.o(i.PWR_GetFlagStatus), (24 bytes).
    Removing stm32f10x_pwr.o(i.PWR_PVDCmd), (12 bytes).
    Removing stm32f10x_pwr.o(i.PWR_PVDLevelConfig), (24 bytes).
    Removing stm32f10x_pwr.o(i.PWR_WakeUpPinCmd), (12 bytes).
    Removing stm32f10x_rcc.o(i.RCC_ADCCLKConfig), (24 bytes).
    Removing stm32f10x_rcc.o(i.RCC_AdjustHSICalibrationValue), (24 bytes).
    Removing stm32f10x_rcc.o(i.RCC_BackupResetCmd), (12 bytes).
    Removing stm32f10x_rcc.o(i.RCC_ClearFlag), (20 bytes).
    Removing stm32f10x_rcc.o(i.RCC_ClearITPendingBit), (12 bytes).
    Removing stm32f10x_rcc.o(i.RCC_ClockSecuritySystemCmd), (12 bytes).
    Removing stm32f10x_rcc.o(i.RCC_DeInit), (76 bytes).
    Removing stm32f10x_rcc.o(i.RCC_GetFlagStatus), (60 bytes).
    Removing stm32f10x_rcc.o(i.RCC_GetITStatus), (24 bytes).
    Removing stm32f10x_rcc.o(i.RCC_GetSYSCLKSource), (16 bytes).
    Removing stm32f10x_rcc.o(i.RCC_HCLKConfig), (24 bytes).
    Removing stm32f10x_rcc.o(i.RCC_HSEConfig), (76 bytes).
    Removing stm32f10x_rcc.o(i.RCC_HSICmd), (12 bytes).
    Removing stm32f10x_rcc.o(i.RCC_ITConfig), (32 bytes).
    Removing stm32f10x_rcc.o(i.RCC_LSEConfig), (52 bytes).
    Removing stm32f10x_rcc.o(i.RCC_LSICmd), (12 bytes).
    Removing stm32f10x_rcc.o(i.RCC_MCOConfig), (12 bytes).
    Removing stm32f10x_rcc.o(i.RCC_PCLK1Config), (24 bytes).
    Removing stm32f10x_rcc.o(i.RCC_PCLK2Config), (24 bytes).
    Removing stm32f10x_rcc.o(i.RCC_PLLCmd), (12 bytes).
    Removing stm32f10x_rcc.o(i.RCC_PLLConfig), (28 bytes).
    Removing stm32f10x_rcc.o(i.RCC_RTCCLKCmd), (12 bytes).
    Removing stm32f10x_rcc.o(i.RCC_RTCCLKConfig), (16 bytes).
    Removing stm32f10x_rcc.o(i.RCC_SYSCLKConfig), (24 bytes).
    Removing stm32f10x_rcc.o(i.RCC_USBCLKConfig), (12 bytes).
    Removing stm32f10x_rcc.o(i.RCC_WaitForHSEStartUp), (56 bytes).
    Removing stm32f10x_rtc.o(i.RTC_ClearFlag), (16 bytes).
    Removing stm32f10x_rtc.o(i.RTC_ClearITPendingBit), (16 bytes).
    Removing stm32f10x_rtc.o(i.RTC_EnterConfigMode), (20 bytes).
    Removing stm32f10x_rtc.o(i.RTC_ExitConfigMode), (20 bytes).
    Removing stm32f10x_rtc.o(i.RTC_GetCounter), (20 bytes).
    Removing stm32f10x_rtc.o(i.RTC_GetDivider), (24 bytes).
    Removing stm32f10x_rtc.o(i.RTC_GetFlagStatus), (24 bytes).
    Removing stm32f10x_rtc.o(i.RTC_GetITStatus), (36 bytes).
    Removing stm32f10x_rtc.o(i.RTC_ITConfig), (32 bytes).
    Removing stm32f10x_rtc.o(i.RTC_SetAlarm), (28 bytes).
    Removing stm32f10x_rtc.o(i.RTC_SetCounter), (28 bytes).
    Removing stm32f10x_rtc.o(i.RTC_SetPrescaler), (32 bytes).
    Removing stm32f10x_rtc.o(i.RTC_WaitForLastTask), (20 bytes).
    Removing stm32f10x_rtc.o(i.RTC_WaitForSynchro), (36 bytes).
    Removing stm32f10x_sdio.o(i.SDIO_CEATAITCmd), (16 bytes).
    Removing stm32f10x_sdio.o(i.SDIO_ClearFlag), (12 bytes).
    Removing stm32f10x_sdio.o(i.SDIO_ClearITPendingBit), (12 bytes).
    Removing stm32f10x_sdio.o(i.SDIO_ClockCmd), (12 bytes).
    Removing stm32f10x_sdio.o(i.SDIO_CmdStructInit), (14 bytes).
    Removing stm32f10x_sdio.o(i.SDIO_CommandCompletionCmd), (12 bytes).
    Removing stm32f10x_sdio.o(i.SDIO_DMACmd), (12 bytes).
    Removing stm32f10x_sdio.o(i.SDIO_DataConfig), (48 bytes).
    Removing stm32f10x_sdio.o(i.SDIO_DataStructInit), (20 bytes).
    Removing stm32f10x_sdio.o(i.SDIO_DeInit), (36 bytes).
    Removing stm32f10x_sdio.o(i.SDIO_GetCommandResponse), (12 bytes).
    Removing stm32f10x_sdio.o(i.SDIO_GetDataCounter), (12 bytes).
    Removing stm32f10x_sdio.o(i.SDIO_GetFIFOCount), (12 bytes).
    Removing stm32f10x_sdio.o(i.SDIO_GetFlagStatus), (24 bytes).
    Removing stm32f10x_sdio.o(i.SDIO_GetITStatus), (24 bytes).
    Removing stm32f10x_sdio.o(i.SDIO_GetPowerState), (16 bytes).
    Removing stm32f10x_sdio.o(i.SDIO_GetResponse), (24 bytes).
    Removing stm32f10x_sdio.o(i.SDIO_ITConfig), (32 bytes).
    Removing stm32f10x_sdio.o(i.SDIO_Init), (48 bytes).
    Removing stm32f10x_sdio.o(i.SDIO_ReadData), (12 bytes).
    Removing stm32f10x_sdio.o(i.SDIO_SendCEATACmd), (12 bytes).
    Removing stm32f10x_sdio.o(i.SDIO_SendCommand), (44 bytes).
    Removing stm32f10x_sdio.o(i.SDIO_SendSDIOSuspendCmd), (12 bytes).
    Removing stm32f10x_sdio.o(i.SDIO_SetPowerState), (28 bytes).
    Removing stm32f10x_sdio.o(i.SDIO_SetSDIOOperation), (12 bytes).
    Removing stm32f10x_sdio.o(i.SDIO_SetSDIOReadWaitMode), (12 bytes).
    Removing stm32f10x_sdio.o(i.SDIO_StartSDIOReadWait), (12 bytes).
    Removing stm32f10x_sdio.o(i.SDIO_StopSDIOReadWait), (12 bytes).
    Removing stm32f10x_sdio.o(i.SDIO_StructInit), (16 bytes).
    Removing stm32f10x_sdio.o(i.SDIO_WriteData), (12 bytes).
    Removing stm32f10x_spi.o(i.I2S_Cmd), (24 bytes).
    Removing stm32f10x_spi.o(i.I2S_Init), (232 bytes).
    Removing stm32f10x_spi.o(i.I2S_StructInit), (20 bytes).
    Removing stm32f10x_spi.o(i.SPI_BiDirectionalLineConfig), (28 bytes).
    Removing stm32f10x_spi.o(i.SPI_CalculateCRC), (24 bytes).
    Removing stm32f10x_spi.o(i.SPI_DataSizeConfig), (18 bytes).
    Removing stm32f10x_spi.o(i.SPI_GetCRC), (16 bytes).
    Removing stm32f10x_spi.o(i.SPI_GetCRCPolynomial), (6 bytes).
    Removing stm32f10x_spi.o(i.SPI_I2S_ClearFlag), (6 bytes).
    Removing stm32f10x_spi.o(i.SPI_I2S_ClearITPendingBit), (20 bytes).
    Removing stm32f10x_spi.o(i.SPI_I2S_DMACmd), (18 bytes).
    Removing stm32f10x_spi.o(i.SPI_I2S_DeInit), (88 bytes).
    Removing stm32f10x_spi.o(i.SPI_I2S_GetFlagStatus), (18 bytes).
    Removing stm32f10x_spi.o(i.SPI_I2S_GetITStatus), (52 bytes).
    Removing stm32f10x_spi.o(i.SPI_I2S_ITConfig), (32 bytes).
    Removing stm32f10x_spi.o(i.SPI_I2S_ReceiveData), (6 bytes).
    Removing stm32f10x_spi.o(i.SPI_I2S_SendData), (4 bytes).
    Removing stm32f10x_spi.o(i.SPI_NSSInternalSoftwareConfig), (30 bytes).
    Removing stm32f10x_spi.o(i.SPI_SSOutputCmd), (24 bytes).
    Removing stm32f10x_spi.o(i.SPI_StructInit), (24 bytes).
    Removing stm32f10x_spi.o(i.SPI_TransmitCRC), (10 bytes).
    Removing stm32f10x_tim.o(i.TI1_Config), (128 bytes).
    Removing stm32f10x_tim.o(i.TI2_Config), (152 bytes).
    Removing stm32f10x_tim.o(i.TI3_Config), (144 bytes).
    Removing stm32f10x_tim.o(i.TI4_Config), (152 bytes).
    Removing stm32f10x_tim.o(i.TIM_ARRPreloadConfig), (24 bytes).
    Removing stm32f10x_tim.o(i.TIM_BDTRConfig), (32 bytes).
    Removing stm32f10x_tim.o(i.TIM_BDTRStructInit), (18 bytes).
    Removing stm32f10x_tim.o(i.TIM_CCPreloadControl), (24 bytes).
    Removing stm32f10x_tim.o(i.TIM_CCxCmd), (30 bytes).
    Removing stm32f10x_tim.o(i.TIM_CCxNCmd), (30 bytes).
    Removing stm32f10x_tim.o(i.TIM_ClearFlag), (6 bytes).
    Removing stm32f10x_tim.o(i.TIM_ClearOC1Ref), (18 bytes).
    Removing stm32f10x_tim.o(i.TIM_ClearOC2Ref), (24 bytes).
    Removing stm32f10x_tim.o(i.TIM_ClearOC3Ref), (18 bytes).
    Removing stm32f10x_tim.o(i.TIM_ClearOC4Ref), (24 bytes).
    Removing stm32f10x_tim.o(i.TIM_CounterModeConfig), (18 bytes).
    Removing stm32f10x_tim.o(i.TIM_CtrlPWMOutputs), (30 bytes).
    Removing stm32f10x_tim.o(i.TIM_DMACmd), (18 bytes).
    Removing stm32f10x_tim.o(i.TIM_DMAConfig), (10 bytes).
    Removing stm32f10x_tim.o(i.TIM_DeInit), (488 bytes).
    Removing stm32f10x_tim.o(i.TIM_ETRClockMode1Config), (54 bytes).
    Removing stm32f10x_tim.o(i.TIM_ETRClockMode2Config), (32 bytes).
    Removing stm32f10x_tim.o(i.TIM_ETRConfig), (28 bytes).
    Removing stm32f10x_tim.o(i.TIM_EncoderInterfaceConfig), (66 bytes).
    Removing stm32f10x_tim.o(i.TIM_ForcedOC1Config), (18 bytes).
    Removing stm32f10x_tim.o(i.TIM_ForcedOC2Config), (26 bytes).
    Removing stm32f10x_tim.o(i.TIM_ForcedOC3Config), (18 bytes).
    Removing stm32f10x_tim.o(i.TIM_ForcedOC4Config), (26 bytes).
    Removing stm32f10x_tim.o(i.TIM_GenerateEvent), (4 bytes).
    Removing stm32f10x_tim.o(i.TIM_GetCapture1), (6 bytes).
    Removing stm32f10x_tim.o(i.TIM_GetCapture2), (6 bytes).
    Removing stm32f10x_tim.o(i.TIM_GetCapture3), (6 bytes).
    Removing stm32f10x_tim.o(i.TIM_GetCapture4), (8 bytes).
    Removing stm32f10x_tim.o(i.TIM_GetCounter), (6 bytes).
    Removing stm32f10x_tim.o(i.TIM_GetFlagStatus), (18 bytes).
    Removing stm32f10x_tim.o(i.TIM_GetPrescaler), (6 bytes).
    Removing stm32f10x_tim.o(i.TIM_ICInit), (172 bytes).
    Removing stm32f10x_tim.o(i.TIM_ICStructInit), (18 bytes).
    Removing stm32f10x_tim.o(i.TIM_ITRxExternalClockConfig), (24 bytes).
    Removing stm32f10x_tim.o(i.TIM_InternalClockConfig), (12 bytes).
    Removing stm32f10x_tim.o(i.TIM_OC1FastConfig), (18 bytes).
    Removing stm32f10x_tim.o(i.TIM_OC1Init), (152 bytes).
    Removing stm32f10x_tim.o(i.TIM_OC1NPolarityConfig), (18 bytes).
    Removing stm32f10x_tim.o(i.TIM_OC1PolarityConfig), (18 bytes).
    Removing stm32f10x_tim.o(i.TIM_OC1PreloadConfig), (18 bytes).
    Removing stm32f10x_tim.o(i.TIM_OC2FastConfig), (26 bytes).
    Removing stm32f10x_tim.o(i.TIM_OC2Init), (164 bytes).
    Removing stm32f10x_tim.o(i.TIM_OC2NPolarityConfig), (26 bytes).
    Removing stm32f10x_tim.o(i.TIM_OC2PolarityConfig), (26 bytes).
    Removing stm32f10x_tim.o(i.TIM_OC2PreloadConfig), (26 bytes).
    Removing stm32f10x_tim.o(i.TIM_OC3FastConfig), (18 bytes).
    Removing stm32f10x_tim.o(i.TIM_OC3Init), (160 bytes).
    Removing stm32f10x_tim.o(i.TIM_OC3NPolarityConfig), (26 bytes).
    Removing stm32f10x_tim.o(i.TIM_OC3PolarityConfig), (26 bytes).
    Removing stm32f10x_tim.o(i.TIM_OC3PreloadConfig), (18 bytes).
    Removing stm32f10x_tim.o(i.TIM_OC4FastConfig), (26 bytes).
    Removing stm32f10x_tim.o(i.TIM_OC4Init), (124 bytes).
    Removing stm32f10x_tim.o(i.TIM_OC4PolarityConfig), (26 bytes).
    Removing stm32f10x_tim.o(i.TIM_OC4PreloadConfig), (26 bytes).
    Removing stm32f10x_tim.o(i.TIM_OCStructInit), (20 bytes).
    Removing stm32f10x_tim.o(i.TIM_PWMIConfig), (124 bytes).
    Removing stm32f10x_tim.o(i.TIM_PrescalerConfig), (6 bytes).
    Removing stm32f10x_tim.o(i.TIM_SelectCCDMA), (24 bytes).
    Removing stm32f10x_tim.o(i.TIM_SelectCOM), (24 bytes).
    Removing stm32f10x_tim.o(i.TIM_SelectHallSensor), (24 bytes).
    Removing stm32f10x_tim.o(i.TIM_SelectInputTrigger), (18 bytes).
    Removing stm32f10x_tim.o(i.TIM_SelectMasterSlaveMode), (18 bytes).
    Removing stm32f10x_tim.o(i.TIM_SelectOCxM), (82 bytes).
    Removing stm32f10x_tim.o(i.TIM_SelectOnePulseMode), (18 bytes).
    Removing stm32f10x_tim.o(i.TIM_SelectOutputTrigger), (18 bytes).
    Removing stm32f10x_tim.o(i.TIM_SelectSlaveMode), (18 bytes).
    Removing stm32f10x_tim.o(i.TIM_SetAutoreload), (4 bytes).
    Removing stm32f10x_tim.o(i.TIM_SetClockDivision), (18 bytes).
    Removing stm32f10x_tim.o(i.TIM_SetCompare1), (4 bytes).
    Removing stm32f10x_tim.o(i.TIM_SetCompare2), (4 bytes).
    Removing stm32f10x_tim.o(i.TIM_SetCompare3), (4 bytes).
    Removing stm32f10x_tim.o(i.TIM_SetCompare4), (6 bytes).
    Removing stm32f10x_tim.o(i.TIM_SetIC1Prescaler), (18 bytes).
    Removing stm32f10x_tim.o(i.TIM_SetIC2Prescaler), (26 bytes).
    Removing stm32f10x_tim.o(i.TIM_SetIC3Prescaler), (18 bytes).
    Removing stm32f10x_tim.o(i.TIM_SetIC4Prescaler), (26 bytes).
    Removing stm32f10x_tim.o(i.TIM_TIxExternalClockConfig), (62 bytes).
    Removing stm32f10x_tim.o(i.TIM_TimeBaseStructInit), (18 bytes).
    Removing stm32f10x_tim.o(i.TIM_UpdateDisableConfig), (24 bytes).
    Removing stm32f10x_tim.o(i.TIM_UpdateRequestConfig), (24 bytes).
    Removing stm32f10x_usart.o(i.USART_ClearFlag), (18 bytes).
    Removing stm32f10x_usart.o(i.USART_ClearITPendingBit), (30 bytes).
    Removing stm32f10x_usart.o(i.USART_ClockInit), (34 bytes).
    Removing stm32f10x_usart.o(i.USART_ClockStructInit), (12 bytes).
    Removing stm32f10x_usart.o(i.USART_DMACmd), (18 bytes).
    Removing stm32f10x_usart.o(i.USART_HalfDuplexCmd), (24 bytes).
    Removing stm32f10x_usart.o(i.USART_IrDACmd), (24 bytes).
    Removing stm32f10x_usart.o(i.USART_IrDAConfig), (18 bytes).
    Removing stm32f10x_usart.o(i.USART_LINBreakDetectLengthConfig), (18 bytes).
    Removing stm32f10x_usart.o(i.USART_LINCmd), (24 bytes).
    Removing stm32f10x_usart.o(i.USART_OneBitMethodCmd), (24 bytes).
    Removing stm32f10x_usart.o(i.USART_OverSampling8Cmd), (22 bytes).
    Removing stm32f10x_usart.o(i.USART_ReceiverWakeUpCmd), (24 bytes).
    Removing stm32f10x_usart.o(i.USART_SendBreak), (10 bytes).
    Removing stm32f10x_usart.o(i.USART_SetAddress), (18 bytes).
    Removing stm32f10x_usart.o(i.USART_SetGuardTime), (16 bytes).
    Removing stm32f10x_usart.o(i.USART_SetPrescaler), (16 bytes).
    Removing stm32f10x_usart.o(i.USART_SmartCardCmd), (24 bytes).
    Removing stm32f10x_usart.o(i.USART_SmartCardNACKCmd), (24 bytes).
    Removing stm32f10x_usart.o(i.USART_StructInit), (24 bytes).
    Removing stm32f10x_usart.o(i.USART_WakeUpConfig), (18 bytes).
    Removing stm32f10x_wwdg.o(i.WWDG_ClearFlag), (12 bytes).
    Removing stm32f10x_wwdg.o(i.WWDG_DeInit), (22 bytes).
    Removing stm32f10x_wwdg.o(i.WWDG_Enable), (16 bytes).
    Removing stm32f10x_wwdg.o(i.WWDG_EnableIT), (12 bytes).
    Removing stm32f10x_wwdg.o(i.WWDG_GetFlagStatus), (12 bytes).
    Removing stm32f10x_wwdg.o(i.WWDG_SetCounter), (16 bytes).
    Removing stm32f10x_wwdg.o(i.WWDG_SetPrescaler), (24 bytes).
    Removing stm32f10x_wwdg.o(i.WWDG_SetWindowValue), (40 bytes).
    Removing systick.o(i.delay_us), (76 bytes).
    Removing time.o(i.TIM4_Init), (104 bytes).
    Removing tftlcd.o(i.LCD_Draw_Circle), (174 bytes).
    Removing tftlcd.o(i.TFTLCD_Draw_Line), (174 bytes).
    Removing tftlcd.o(i.TFTLCD_Line), (60 bytes).
    Removing tftlcd.o(i.TFTLCD_Pow), (26 bytes).
    Removing tftlcd.o(i.TFTLCD_Rectangle), (88 bytes).
    Removing tftlcd.o(i.TFTLCD_Show_HEX), (124 bytes).
    Removing tftlcd.o(i.TFTLCD_Show_HZ), (232 bytes).
    Removing tftlcd.o(i.TFTLCD_Show_NUM), (84 bytes).
    Removing spi_flash.o(i.SPI_FLASH_Erase_Chip), (44 bytes).
    Removing spi_flash.o(i.SPI_FLASH_Read_Byte), (10 bytes).
    Removing spi_flash.o(i.SPI_FLASH_Read_data), (80 bytes).
    Removing spi_flash.o(i.SPI_FLASH_Sector_Erase), (68 bytes).
    Removing spi_flash.o(i.SPI_FLASH_Send_Byte), (56 bytes).
    Removing spi_flash.o(i.SPI_FLASH_Wartie_sector), (48 bytes).
    Removing spi_flash.o(i.SPI_FLASH_Writ_Eanble), (32 bytes).
    Removing spi_flash.o(i.SPI_FLASH_Write), (192 bytes).
    Removing spi_flash.o(i.SPI_FLASH_Write_NoCheck), (70 bytes).
    Removing spi_flash.o(i.SPI_FLASH_Write_data), (84 bytes).
    Removing spi_flash.o(i.SPI_FLASH_show_data), (116 bytes).
    Removing spi_flash.o(i.SPI_Read_ID), (64 bytes).
    Removing spi_flash.o(i.SPI_TIMOUT_UserCallback), (48 bytes).
    Removing spi_flash.o(.bss), (4096 bytes).
    Removing spi_flash.o(.data), (4 bytes).
    Removing hc05.o(i.HC05_CFG_CMD), (128 bytes).

471 unused section(s) (total 23984 bytes) removed from the image.

==============================================================================

Image Symbol Table

    Local Symbols

    Symbol Name                              Value     Ov Type        Size  Object(Section)

    ../clib/../cmprslib/zerorunl2.c          0x00000000   Number         0  __dczerorl2.o ABSOLUTE
    ../clib/microlib/division.c              0x00000000   Number         0  uidiv.o ABSOLUTE
    ../clib/microlib/division.c              0x00000000   Number         0  uldiv.o ABSOLUTE
    ../clib/microlib/init/entry.s            0x00000000   Number         0  entry7a.o ABSOLUTE
    ../clib/microlib/init/entry.s            0x00000000   Number         0  entry11a.o ABSOLUTE
    ../clib/microlib/init/entry.s            0x00000000   Number         0  entry9a.o ABSOLUTE
    ../clib/microlib/init/entry.s            0x00000000   Number         0  entry2.o ABSOLUTE
    ../clib/microlib/init/entry.s            0x00000000   Number         0  entry5.o ABSOLUTE
    ../clib/microlib/init/entry.s            0x00000000   Number         0  entry.o ABSOLUTE
    ../clib/microlib/init/entry.s            0x00000000   Number         0  entry10a.o ABSOLUTE
    ../clib/microlib/init/entry.s            0x00000000   Number         0  entry11b.o ABSOLUTE
    ../clib/microlib/init/entry.s            0x00000000   Number         0  entry10b.o ABSOLUTE
    ../clib/microlib/init/entry.s            0x00000000   Number         0  entry7b.o ABSOLUTE
    ../clib/microlib/init/entry.s            0x00000000   Number         0  entry8a.o ABSOLUTE
    ../clib/microlib/init/entry.s            0x00000000   Number         0  entry8b.o ABSOLUTE
    ../clib/microlib/init/entry.s            0x00000000   Number         0  entry9b.o ABSOLUTE
    ../clib/microlib/longlong.c              0x00000000   Number         0  llshl.o ABSOLUTE
    ../clib/microlib/longlong.c              0x00000000   Number         0  llsshr.o ABSOLUTE
    ../clib/microlib/longlong.c              0x00000000   Number         0  llushr.o ABSOLUTE
    ../clib/microlib/printf/printf.c         0x00000000   Number         0  printf1.o ABSOLUTE
    ../clib/microlib/printf/printf.c         0x00000000   Number         0  printf6.o ABSOLUTE
    ../clib/microlib/printf/printf.c         0x00000000   Number         0  printfb.o ABSOLUTE
    ../clib/microlib/printf/printf.c         0x00000000   Number         0  printf7.o ABSOLUTE
    ../clib/microlib/printf/printf.c         0x00000000   Number         0  printf8.o ABSOLUTE
    ../clib/microlib/printf/printf.c         0x00000000   Number         0  printfa.o ABSOLUTE
    ../clib/microlib/printf/printf.c         0x00000000   Number         0  printf0.o ABSOLUTE
    ../clib/microlib/printf/printf.c         0x00000000   Number         0  printf5.o ABSOLUTE
    ../clib/microlib/printf/printf.c         0x00000000   Number         0  printf4.o ABSOLUTE
    ../clib/microlib/printf/printf.c         0x00000000   Number         0  printf3.o ABSOLUTE
    ../clib/microlib/printf/printf.c         0x00000000   Number         0  printf2.o ABSOLUTE
    ../clib/microlib/printf/stubs.s          0x00000000   Number         0  stubs.o ABSOLUTE
    ../clib/microlib/stdio/streams.c         0x00000000   Number         0  stdout.o ABSOLUTE
    ../clib/microlib/string/strcmp.c         0x00000000   Number         0  strcmp.o ABSOLUTE
    ../clib/microlib/string/strlen.c         0x00000000   Number         0  strlen.o ABSOLUTE
    ../clib/microlib/stubs.s                 0x00000000   Number         0  iusefp.o ABSOLUTE
    ../fplib/microlib/fpadd.c                0x00000000   Number         0  dadd.o ABSOLUTE
    ../fplib/microlib/fpdiv.c                0x00000000   Number         0  ddiv.o ABSOLUTE
    ../fplib/microlib/fpepilogue.c           0x00000000   Number         0  depilogue.o ABSOLUTE
    ../fplib/microlib/fpfix.c                0x00000000   Number         0  dfixul.o ABSOLUTE
    ../fplib/microlib/fpmul.c                0x00000000   Number         0  dmul.o ABSOLUTE
    APP\LED.c                                0x00000000   Number         0  led.o ABSOLUTE
    APP\Time.c                               0x00000000   Number         0  time.o ABSOLUTE
    APP\beep.c                               0x00000000   Number         0  beep.o ABSOLUTE
    APP\hc05.c                               0x00000000   Number         0  hc05.o ABSOLUTE
    APP\key.c                                0x00000000   Number         0  key.o ABSOLUTE
    APP\spi_flash.c                          0x00000000   Number         0  spi_flash.o ABSOLUTE
    APP\tftlcd.c                             0x00000000   Number         0  tftlcd.o ABSOLUTE
    APP\usart3.c                             0x00000000   Number         0  usart3.o ABSOLUTE
    Library\CMSIS\core_cm3.c                 0x00000000   Number         0  core_cm3.o ABSOLUTE
    Library\CMSIS\startup_stm32f10x_hd.s     0x00000000   Number         0  startup_stm32f10x_hd.o ABSOLUTE
    Library\CMSIS\system_stm32f10x.c         0x00000000   Number         0  system_stm32f10x.o ABSOLUTE
    Library\STM32F10x_StdPeriph_Driver\src\misc.c 0x00000000   Number         0  misc.o ABSOLUTE
    Library\STM32F10x_StdPeriph_Driver\src\stm32f10x_adc.c 0x00000000   Number         0  stm32f10x_adc.o ABSOLUTE
    Library\STM32F10x_StdPeriph_Driver\src\stm32f10x_bkp.c 0x00000000   Number         0  stm32f10x_bkp.o ABSOLUTE
    Library\STM32F10x_StdPeriph_Driver\src\stm32f10x_can.c 0x00000000   Number         0  stm32f10x_can.o ABSOLUTE
    Library\STM32F10x_StdPeriph_Driver\src\stm32f10x_cec.c 0x00000000   Number         0  stm32f10x_cec.o ABSOLUTE
    Library\STM32F10x_StdPeriph_Driver\src\stm32f10x_crc.c 0x00000000   Number         0  stm32f10x_crc.o ABSOLUTE
    Library\STM32F10x_StdPeriph_Driver\src\stm32f10x_dac.c 0x00000000   Number         0  stm32f10x_dac.o ABSOLUTE
    Library\STM32F10x_StdPeriph_Driver\src\stm32f10x_dbgmcu.c 0x00000000   Number         0  stm32f10x_dbgmcu.o ABSOLUTE
    Library\STM32F10x_StdPeriph_Driver\src\stm32f10x_dma.c 0x00000000   Number         0  stm32f10x_dma.o ABSOLUTE
    Library\STM32F10x_StdPeriph_Driver\src\stm32f10x_exti.c 0x00000000   Number         0  stm32f10x_exti.o ABSOLUTE
    Library\STM32F10x_StdPeriph_Driver\src\stm32f10x_flash.c 0x00000000   Number         0  stm32f10x_flash.o ABSOLUTE
    Library\STM32F10x_StdPeriph_Driver\src\stm32f10x_fsmc.c 0x00000000   Number         0  stm32f10x_fsmc.o ABSOLUTE
    Library\STM32F10x_StdPeriph_Driver\src\stm32f10x_gpio.c 0x00000000   Number         0  stm32f10x_gpio.o ABSOLUTE
    Library\STM32F10x_StdPeriph_Driver\src\stm32f10x_i2c.c 0x00000000   Number         0  stm32f10x_i2c.o ABSOLUTE
    Library\STM32F10x_StdPeriph_Driver\src\stm32f10x_iwdg.c 0x00000000   Number         0  stm32f10x_iwdg.o ABSOLUTE
    Library\STM32F10x_StdPeriph_Driver\src\stm32f10x_pwr.c 0x00000000   Number         0  stm32f10x_pwr.o ABSOLUTE
    Library\STM32F10x_StdPeriph_Driver\src\stm32f10x_rcc.c 0x00000000   Number         0  stm32f10x_rcc.o ABSOLUTE
    Library\STM32F10x_StdPeriph_Driver\src\stm32f10x_rtc.c 0x00000000   Number         0  stm32f10x_rtc.o ABSOLUTE
    Library\STM32F10x_StdPeriph_Driver\src\stm32f10x_sdio.c 0x00000000   Number         0  stm32f10x_sdio.o ABSOLUTE
    Library\STM32F10x_StdPeriph_Driver\src\stm32f10x_spi.c 0x00000000   Number         0  stm32f10x_spi.o ABSOLUTE
    Library\STM32F10x_StdPeriph_Driver\src\stm32f10x_tim.c 0x00000000   Number         0  stm32f10x_tim.o ABSOLUTE
    Library\STM32F10x_StdPeriph_Driver\src\stm32f10x_usart.c 0x00000000   Number         0  stm32f10x_usart.o ABSOLUTE
    Library\STM32F10x_StdPeriph_Driver\src\stm32f10x_wwdg.c 0x00000000   Number         0  stm32f10x_wwdg.o ABSOLUTE
    Library\\CMSIS\\core_cm3.c               0x00000000   Number         0  core_cm3.o ABSOLUTE
    User\main.c                              0x00000000   Number         0  main.o ABSOLUTE
    User\stm32f10x_it.c                      0x00000000   Number         0  stm32f10x_it.o ABSOLUTE
    cdrcmple.s                               0x00000000   Number         0  cdrcmple.o ABSOLUTE
    dc.s                                     0x00000000   Number         0  dc.o ABSOLUTE
    handlers.s                               0x00000000   Number         0  handlers.o ABSOLUTE
    init.s                                   0x00000000   Number         0  init.o ABSOLUTE
    public\system.c                          0x00000000   Number         0  system.o ABSOLUTE
    public\systick.c                         0x00000000   Number         0  systick.o ABSOLUTE
    public\usart.c                           0x00000000   Number         0  usart.o ABSOLUTE
    RESET                                    0x08000000   Section      304  startup_stm32f10x_hd.o(RESET)
    .ARM.Collect$$$$00000000                 0x08000130   Section        0  entry.o(.ARM.Collect$$$$00000000)
    .ARM.Collect$$$$00000001                 0x08000130   Section        4  entry2.o(.ARM.Collect$$$$00000001)
    .ARM.Collect$$$$00000004                 0x08000134   Section        4  entry5.o(.ARM.Collect$$$$00000004)
    .ARM.Collect$$$$00000008                 0x08000138   Section        0  entry7b.o(.ARM.Collect$$$$00000008)
    .ARM.Collect$$$$0000000A                 0x08000138   Section        0  entry8b.o(.ARM.Collect$$$$0000000A)
    .ARM.Collect$$$$0000000B                 0x08000138   Section        8  entry9a.o(.ARM.Collect$$$$0000000B)
    .ARM.Collect$$$$0000000D                 0x08000140   Section        0  entry10a.o(.ARM.Collect$$$$0000000D)
    .ARM.Collect$$$$0000000F                 0x08000140   Section        0  entry11a.o(.ARM.Collect$$$$0000000F)
    .ARM.Collect$$$$00002712                 0x08000140   Section        4  entry2.o(.ARM.Collect$$$$00002712)
    __lit__00000000                          0x08000140   Data           4  entry2.o(.ARM.Collect$$$$00002712)
    .text                                    0x08000144   Section       36  startup_stm32f10x_hd.o(.text)
    .text                                    0x08000168   Section        0  strlen.o(.text)
    .text                                    0x08000176   Section        0  strcmp.o(.text)
    .text                                    0x08000192   Section        0  uidiv.o(.text)
    .text                                    0x080001be   Section        0  uldiv.o(.text)
    .text                                    0x08000220   Section        0  iusefp.o(.text)
    .text                                    0x08000220   Section        0  dadd.o(.text)
    .text                                    0x0800036e   Section        0  dmul.o(.text)
    .text                                    0x08000452   Section        0  ddiv.o(.text)
    .text                                    0x08000530   Section        0  dfixul.o(.text)
    .text                                    0x08000560   Section       48  cdrcmple.o(.text)
    .text                                    0x08000590   Section       36  init.o(.text)
    .text                                    0x080005b4   Section        0  llshl.o(.text)
    .text                                    0x080005d2   Section        0  llushr.o(.text)
    .text                                    0x080005f2   Section        0  llsshr.o(.text)
    .text                                    0x08000616   Section        0  depilogue.o(.text)
    .text                                    0x080006d0   Section        0  __dczerorl2.o(.text)
    i.Beep_Init                              0x08000728   Section        0  beep.o(i.Beep_Init)
    i.BusFault_Handler                       0x08000754   Section        0  stm32f10x_it.o(i.BusFault_Handler)
    i.DebugMon_Handler                       0x08000758   Section        0  stm32f10x_it.o(i.DebugMon_Handler)
    i.FSMC_NORSRAMCmd                        0x0800075c   Section        0  stm32f10x_fsmc.o(i.FSMC_NORSRAMCmd)
    i.FSMC_NORSRAMInit                       0x08000790   Section        0  stm32f10x_fsmc.o(i.FSMC_NORSRAMInit)
    i.FULL_COloc                             0x08000876   Section        0  tftlcd.o(i.FULL_COloc)
    i.GPIO_Init                              0x080008d8   Section        0  stm32f10x_gpio.o(i.GPIO_Init)
    i.GPIO_PinRemapConfig                    0x080009f0   Section        0  stm32f10x_gpio.o(i.GPIO_PinRemapConfig)
    i.GPIO_ReadInputDataBit                  0x08000a80   Section        0  stm32f10x_gpio.o(i.GPIO_ReadInputDataBit)
    i.GPIO_SetBits                           0x08000a92   Section        0  stm32f10x_gpio.o(i.GPIO_SetBits)
    i.HC05_Get_Role                          0x08000a98   Section        0  hc05.o(i.HC05_Get_Role)
    i.HC05_Init                              0x08000b34   Section        0  hc05.o(i.HC05_Init)
    i.HC05_Role_Show                         0x08000c30   Section        0  main.o(i.HC05_Role_Show)
    i.HC05_Set_Cmd                           0x08000c70   Section        0  hc05.o(i.HC05_Set_Cmd)
    i.HC05_Sta_Show                          0x08000d04   Section        0  main.o(i.HC05_Sta_Show)
    i.HardFault_Handler                      0x08000d4c   Section        0  stm32f10x_it.o(i.HardFault_Handler)
    i.Key_Init                               0x08000d50   Section        0  key.o(i.Key_Init)
    i.LCD_WriteCmd                           0x08000da0   Section        0  tftlcd.o(i.LCD_WriteCmd)
    i.LCD_WriteData                          0x08000da8   Section        0  tftlcd.o(i.LCD_WriteData)
    i.LED_Init                               0x08000db4   Section        0  led.o(i.LED_Init)
    i.MemManage_Handler                      0x08000e14   Section        0  stm32f10x_it.o(i.MemManage_Handler)
    i.NMI_Handler                            0x08000e18   Section        0  stm32f10x_it.o(i.NMI_Handler)
    i.NVIC_Init                              0x08000e1c   Section        0  misc.o(i.NVIC_Init)
    i.NVIC_PriorityGroupConfig               0x08000e8c   Section        0  misc.o(i.NVIC_PriorityGroupConfig)
    i.PendSV_Handler                         0x08000ea0   Section        0  stm32f10x_it.o(i.PendSV_Handler)
    i.RCC_AHBPeriphClockCmd                  0x08000ea4   Section        0  stm32f10x_rcc.o(i.RCC_AHBPeriphClockCmd)
    i.RCC_APB1PeriphClockCmd                 0x08000ec4   Section        0  stm32f10x_rcc.o(i.RCC_APB1PeriphClockCmd)
    i.RCC_APB1PeriphResetCmd                 0x08000ee4   Section        0  stm32f10x_rcc.o(i.RCC_APB1PeriphResetCmd)
    i.RCC_APB2PeriphClockCmd                 0x08000f04   Section        0  stm32f10x_rcc.o(i.RCC_APB2PeriphClockCmd)
    i.RCC_APB2PeriphResetCmd                 0x08000f24   Section        0  stm32f10x_rcc.o(i.RCC_APB2PeriphResetCmd)
    i.RCC_GetClocksFreq                      0x08000f44   Section        0  stm32f10x_rcc.o(i.RCC_GetClocksFreq)
    i.SPI2_FLASH_Init                        0x08001018   Section        0  spi_flash.o(i.SPI2_FLASH_Init)
    i.SPI_Cmd                                0x08001024   Section        0  stm32f10x_spi.o(i.SPI_Cmd)
    i.SPI_GPIO_Config                        0x0800103c   Section        0  spi_flash.o(i.SPI_GPIO_Config)
    SPI_GPIO_Config                          0x0800103d   Thumb Code   172  spi_flash.o(i.SPI_GPIO_Config)
    i.SPI_Init                               0x080010f4   Section        0  stm32f10x_spi.o(i.SPI_Init)
    i.SPI_Mode_Config                        0x08001130   Section        0  spi_flash.o(i.SPI_Mode_Config)
    SPI_Mode_Config                          0x08001131   Thumb Code    78  spi_flash.o(i.SPI_Mode_Config)
    i.SVC_Handler                            0x08001184   Section        0  stm32f10x_it.o(i.SVC_Handler)
    i.SetSysClock                            0x08001186   Section        0  system_stm32f10x.o(i.SetSysClock)
    SetSysClock                              0x08001187   Thumb Code     8  system_stm32f10x.o(i.SetSysClock)
    i.SetSysClockTo72                        0x08001190   Section        0  system_stm32f10x.o(i.SetSysClockTo72)
    SetSysClockTo72                          0x08001191   Thumb Code   214  system_stm32f10x.o(i.SetSysClockTo72)
    i.SysTick_CLKSourceConfig                0x08001270   Section        0  misc.o(i.SysTick_CLKSourceConfig)
    i.SysTick_Handler                        0x08001298   Section        0  stm32f10x_it.o(i.SysTick_Handler)
    i.SystemInit                             0x0800129c   Section        0  system_stm32f10x.o(i.SystemInit)
    i.TFTLCD_Dot                             0x080012fc   Section        0  tftlcd.o(i.TFTLCD_Dot)
    i.TFTLCD_GPIO_Config                     0x08001320   Section        0  tftlcd.o(i.TFTLCD_GPIO_Config)
    TFTLCD_GPIO_Config                       0x08001321   Thumb Code   374  tftlcd.o(i.TFTLCD_GPIO_Config)
    i.TFTLCD_Init                            0x080014ac   Section        0  tftlcd.o(i.TFTLCD_Init)
    i.TFTLCD_Mode_Config                     0x0800169c   Section        0  tftlcd.o(i.TFTLCD_Mode_Config)
    TFTLCD_Mode_Config                       0x0800169d   Thumb Code   122  tftlcd.o(i.TFTLCD_Mode_Config)
    i.TFTLCD_Set_Window                      0x08001716   Section        0  tftlcd.o(i.TFTLCD_Set_Window)
    i.TFTLCD_Set_dir                         0x080017bc   Section        0  tftlcd.o(i.TFTLCD_Set_dir)
    i.TFTLCD_Show_Char                       0x080017f8   Section        0  tftlcd.o(i.TFTLCD_Show_Char)
    i.TFTLCD_Show_String                     0x080018e0   Section        0  tftlcd.o(i.TFTLCD_Show_String)
    i.TIM4_IRQHandler                        0x08001930   Section        0  time.o(i.TIM4_IRQHandler)
    i.TIM7_IRQHandler                        0x08001960   Section        0  time.o(i.TIM7_IRQHandler)
    i.TIM7_Init                              0x08001994   Section        0  time.o(i.TIM7_Init)
    i.TIM_ClearITPendingBit                  0x080019fc   Section        0  stm32f10x_tim.o(i.TIM_ClearITPendingBit)
    i.TIM_Cmd                                0x08001a02   Section        0  stm32f10x_tim.o(i.TIM_Cmd)
    i.TIM_GetITStatus                        0x08001a1a   Section        0  stm32f10x_tim.o(i.TIM_GetITStatus)
    i.TIM_ITConfig                           0x08001a3c   Section        0  stm32f10x_tim.o(i.TIM_ITConfig)
    i.TIM_SetCounter                         0x08001a4e   Section        0  stm32f10x_tim.o(i.TIM_SetCounter)
    i.TIM_TimeBaseInit                       0x08001a54   Section        0  stm32f10x_tim.o(i.TIM_TimeBaseInit)
    i.USART1_IRQHandler                      0x08001af8   Section        0  usart.o(i.USART1_IRQHandler)
    i.USART1_Init                            0x08001b94   Section        0  usart.o(i.USART1_Init)
    i.USART3_IRQHandler                      0x08001c38   Section        0  usart3.o(i.USART3_IRQHandler)
    i.USART3_Init                            0x08001ca8   Section        0  usart3.o(i.USART3_Init)
    i.USART_Cmd                              0x08001d74   Section        0  stm32f10x_usart.o(i.USART_Cmd)
    i.USART_DeInit                           0x08001d8c   Section        0  stm32f10x_usart.o(i.USART_DeInit)
    i.USART_GetFlagStatus                    0x08001e28   Section        0  stm32f10x_usart.o(i.USART_GetFlagStatus)
    i.USART_GetITStatus                      0x08001e42   Section        0  stm32f10x_usart.o(i.USART_GetITStatus)
    i.USART_ITConfig                         0x08001e96   Section        0  stm32f10x_usart.o(i.USART_ITConfig)
    i.USART_Init                             0x08001ee0   Section        0  stm32f10x_usart.o(i.USART_Init)
    i.USART_ReceiveData                      0x08001fb8   Section        0  stm32f10x_usart.o(i.USART_ReceiveData)
    i.USART_SendData                         0x08001fc2   Section        0  stm32f10x_usart.o(i.USART_SendData)
    i.UsageFault_Handler                     0x08001fca   Section        0  stm32f10x_it.o(i.UsageFault_Handler)
    i.__0printf                              0x08001fd0   Section        0  printfa.o(i.__0printf)
    i.__0vsprintf                            0x08001ff0   Section        0  printfa.o(i.__0vsprintf)
    i.__scatterload_copy                     0x08002014   Section       14  handlers.o(i.__scatterload_copy)
    i.__scatterload_null                     0x08002022   Section        2  handlers.o(i.__scatterload_null)
    i.__scatterload_zeroinit                 0x08002024   Section       14  handlers.o(i.__scatterload_zeroinit)
    i._fp_digits                             0x08002034   Section        0  printfa.o(i._fp_digits)
    _fp_digits                               0x08002035   Thumb Code   366  printfa.o(i._fp_digits)
    i._printf_core                           0x080021b8   Section        0  printfa.o(i._printf_core)
    _printf_core                             0x080021b9   Thumb Code  1744  printfa.o(i._printf_core)
    i._printf_post_padding                   0x08002894   Section        0  printfa.o(i._printf_post_padding)
    _printf_post_padding                     0x08002895   Thumb Code    36  printfa.o(i._printf_post_padding)
    i._printf_pre_padding                    0x080028b8   Section        0  printfa.o(i._printf_pre_padding)
    _printf_pre_padding                      0x080028b9   Thumb Code    46  printfa.o(i._printf_pre_padding)
    i._sputc                                 0x080028e6   Section        0  printfa.o(i._sputc)
    _sputc                                   0x080028e7   Thumb Code    10  printfa.o(i._sputc)
    i.delay_ms                               0x080028f0   Section        0  systick.o(i.delay_ms)
    i.fputc                                  0x0800293c   Section        0  usart.o(i.fputc)
    i.key_scan                               0x08002960   Section        0  key.o(i.key_scan)
    i.main                                   0x080029f0   Section        0  main.o(i.main)
    i.systick_Init                           0x08002c44   Section        0  systick.o(i.systick_Init)
    i.u3_printf                              0x08002c78   Section        0  usart3.o(i.u3_printf)
    .data                                    0x20000000   Section       20  stm32f10x_rcc.o(.data)
    APBAHBPrescTable                         0x20000000   Data          16  stm32f10x_rcc.o(.data)
    ADCPrescTable                            0x20000010   Data           4  stm32f10x_rcc.o(.data)
    .data                                    0x20000014   Section        8  systick.o(.data)
    fac_us                                   0x20000014   Data           1  systick.o(.data)
    fac_ms                                   0x20000018   Data           4  systick.o(.data)
    .data                                    0x2000001c   Section        2  usart.o(.data)
    .data                                    0x2000001e   Section     1910  tftlcd.o(.data)
    ascii_1608                               0x2000001e   Data        1520  tftlcd.o(.data)
    .data                                    0x20000794   Section        2  usart3.o(.data)
    .data                                    0x20000798   Section        4  stdout.o(.data)
    .bss                                     0x2000079c   Section      200  usart.o(.bss)
    .bss                                     0x20000864   Section     1200  usart3.o(.bss)
    STACK                                    0x20000d18   Section     1024  startup_stm32f10x_hd.o(STACK)

    Global Symbols

    Symbol Name                              Value     Ov Type        Size  Object(Section)

    BuildAttributes$$THM_ISAv4$P$D$K$B$S$PE$A:L22UL41UL21$X:L11$S22US41US21$IEEE1$IW$USESV6$~STKCKD$USESV7$~SHL$OSPACE$ROPI$EBA8$MICROLIB$REQ8$PRES8$EABIv2 0x00000000   Number         0  anon$$obj.o ABSOLUTE
    __ARM_use_no_argv                        0x00000000   Number         0  main.o ABSOLUTE
    _printf_a                                0x00000000   Number         0  stubs.o ABSOLUTE
    _printf_c                                0x00000000   Number         0  stubs.o ABSOLUTE
    _printf_charcount                        0x00000000   Number         0  stubs.o ABSOLUTE
    _printf_d                                0x00000000   Number         0  stubs.o ABSOLUTE
    _printf_e                                0x00000000   Number         0  stubs.o ABSOLUTE
    _printf_f                                0x00000000   Number         0  stubs.o ABSOLUTE
    _printf_flags                            0x00000000   Number         0  stubs.o ABSOLUTE
    _printf_fp_dec                           0x00000000   Number         0  stubs.o ABSOLUTE
    _printf_fp_hex                           0x00000000   Number         0  stubs.o ABSOLUTE
    _printf_g                                0x00000000   Number         0  stubs.o ABSOLUTE
    _printf_i                                0x00000000   Number         0  stubs.o ABSOLUTE
    _printf_int_dec                          0x00000000   Number         0  stubs.o ABSOLUTE
    _printf_l                                0x00000000   Number         0  stubs.o ABSOLUTE
    _printf_lc                               0x00000000   Number         0  stubs.o ABSOLUTE
    _printf_ll                               0x00000000   Number         0  stubs.o ABSOLUTE
    _printf_lld                              0x00000000   Number         0  stubs.o ABSOLUTE
    _printf_lli                              0x00000000   Number         0  stubs.o ABSOLUTE
    _printf_llo                              0x00000000   Number         0  stubs.o ABSOLUTE
    _printf_llu                              0x00000000   Number         0  stubs.o ABSOLUTE
    _printf_llx                              0x00000000   Number         0  stubs.o ABSOLUTE
    _printf_longlong_dec                     0x00000000   Number         0  stubs.o ABSOLUTE
    _printf_longlong_hex                     0x00000000   Number         0  stubs.o ABSOLUTE
    _printf_longlong_oct                     0x00000000   Number         0  stubs.o ABSOLUTE
    _printf_ls                               0x00000000   Number         0  stubs.o ABSOLUTE
    _printf_mbtowc                           0x00000000   Number         0  stubs.o ABSOLUTE
    _printf_n                                0x00000000   Number         0  stubs.o ABSOLUTE
    _printf_o                                0x00000000   Number         0  stubs.o ABSOLUTE
    _printf_p                                0x00000000   Number         0  stubs.o ABSOLUTE
    _printf_percent                          0x00000000   Number         0  stubs.o ABSOLUTE
    _printf_pre_padding                      0x00000000   Number         0  stubs.o ABSOLUTE
    _printf_return_value                     0x00000000   Number         0  stubs.o ABSOLUTE
    _printf_s                                0x00000000   Number         0  stubs.o ABSOLUTE
    _printf_sizespec                         0x00000000   Number         0  stubs.o ABSOLUTE
    _printf_str                              0x00000000   Number         0  stubs.o ABSOLUTE
    _printf_truncate_signed                  0x00000000   Number         0  stubs.o ABSOLUTE
    _printf_truncate_unsigned                0x00000000   Number         0  stubs.o ABSOLUTE
    _printf_u                                0x00000000   Number         0  stubs.o ABSOLUTE
    _printf_wc                               0x00000000   Number         0  stubs.o ABSOLUTE
    _printf_wctomb                           0x00000000   Number         0  stubs.o ABSOLUTE
    _printf_widthprec                        0x00000000   Number         0  stubs.o ABSOLUTE
    _printf_x                                0x00000000   Number         0  stubs.o ABSOLUTE
    __cpp_initialize__aeabi_                  - Undefined Weak Reference
    __cxa_finalize                            - Undefined Weak Reference
    _clock_init                               - Undefined Weak Reference
    _microlib_exit                            - Undefined Weak Reference
    __Vectors_Size                           0x00000130   Number         0  startup_stm32f10x_hd.o ABSOLUTE
    __Vectors                                0x08000000   Data           4  startup_stm32f10x_hd.o(RESET)
    __Vectors_End                            0x08000130   Data           0  startup_stm32f10x_hd.o(RESET)
    __main                                   0x08000131   Thumb Code     0  entry.o(.ARM.Collect$$$$00000000)
    _main_stk                                0x08000131   Thumb Code     0  entry2.o(.ARM.Collect$$$$00000001)
    _main_scatterload                        0x08000135   Thumb Code     0  entry5.o(.ARM.Collect$$$$00000004)
    __main_after_scatterload                 0x08000139   Thumb Code     0  entry5.o(.ARM.Collect$$$$00000004)
    _main_clock                              0x08000139   Thumb Code     0  entry7b.o(.ARM.Collect$$$$00000008)
    _main_cpp_init                           0x08000139   Thumb Code     0  entry8b.o(.ARM.Collect$$$$0000000A)
    _main_init                               0x08000139   Thumb Code     0  entry9a.o(.ARM.Collect$$$$0000000B)
    __rt_final_cpp                           0x08000141   Thumb Code     0  entry10a.o(.ARM.Collect$$$$0000000D)
    __rt_final_exit                          0x08000141   Thumb Code     0  entry11a.o(.ARM.Collect$$$$0000000F)
    Reset_Handler                            0x08000145   Thumb Code     8  startup_stm32f10x_hd.o(.text)
    ADC1_2_IRQHandler                        0x0800015f   Thumb Code     0  startup_stm32f10x_hd.o(.text)
    ADC3_IRQHandler                          0x0800015f   Thumb Code     0  startup_stm32f10x_hd.o(.text)
    CAN1_RX1_IRQHandler                      0x0800015f   Thumb Code     0  startup_stm32f10x_hd.o(.text)
    CAN1_SCE_IRQHandler                      0x0800015f   Thumb Code     0  startup_stm32f10x_hd.o(.text)
    DMA1_Channel1_IRQHandler                 0x0800015f   Thumb Code     0  startup_stm32f10x_hd.o(.text)
    DMA1_Channel2_IRQHandler                 0x0800015f   Thumb Code     0  startup_stm32f10x_hd.o(.text)
    DMA1_Channel3_IRQHandler                 0x0800015f   Thumb Code     0  startup_stm32f10x_hd.o(.text)
    DMA1_Channel4_IRQHandler                 0x0800015f   Thumb Code     0  startup_stm32f10x_hd.o(.text)
    DMA1_Channel5_IRQHandler                 0x0800015f   Thumb Code     0  startup_stm32f10x_hd.o(.text)
    DMA1_Channel6_IRQHandler                 0x0800015f   Thumb Code     0  startup_stm32f10x_hd.o(.text)
    DMA1_Channel7_IRQHandler                 0x0800015f   Thumb Code     0  startup_stm32f10x_hd.o(.text)
    DMA2_Channel1_IRQHandler                 0x0800015f   Thumb Code     0  startup_stm32f10x_hd.o(.text)
    DMA2_Channel2_IRQHandler                 0x0800015f   Thumb Code     0  startup_stm32f10x_hd.o(.text)
    DMA2_Channel3_IRQHandler                 0x0800015f   Thumb Code     0  startup_stm32f10x_hd.o(.text)
    DMA2_Channel4_5_IRQHandler               0x0800015f   Thumb Code     0  startup_stm32f10x_hd.o(.text)
    EXTI0_IRQHandler                         0x0800015f   Thumb Code     0  startup_stm32f10x_hd.o(.text)
    EXTI15_10_IRQHandler                     0x0800015f   Thumb Code     0  startup_stm32f10x_hd.o(.text)
    EXTI1_IRQHandler                         0x0800015f   Thumb Code     0  startup_stm32f10x_hd.o(.text)
    EXTI2_IRQHandler                         0x0800015f   Thumb Code     0  startup_stm32f10x_hd.o(.text)
    EXTI3_IRQHandler                         0x0800015f   Thumb Code     0  startup_stm32f10x_hd.o(.text)
    EXTI4_IRQHandler                         0x0800015f   Thumb Code     0  startup_stm32f10x_hd.o(.text)
    EXTI9_5_IRQHandler                       0x0800015f   Thumb Code     0  startup_stm32f10x_hd.o(.text)
    FLASH_IRQHandler                         0x0800015f   Thumb Code     0  startup_stm32f10x_hd.o(.text)
    FSMC_IRQHandler                          0x0800015f   Thumb Code     0  startup_stm32f10x_hd.o(.text)
    I2C1_ER_IRQHandler                       0x0800015f   Thumb Code     0  startup_stm32f10x_hd.o(.text)
    I2C1_EV_IRQHandler                       0x0800015f   Thumb Code     0  startup_stm32f10x_hd.o(.text)
    I2C2_ER_IRQHandler                       0x0800015f   Thumb Code     0  startup_stm32f10x_hd.o(.text)
    I2C2_EV_IRQHandler                       0x0800015f   Thumb Code     0  startup_stm32f10x_hd.o(.text)
    PVD_IRQHandler                           0x0800015f   Thumb Code     0  startup_stm32f10x_hd.o(.text)
    RCC_IRQHandler                           0x0800015f   Thumb Code     0  startup_stm32f10x_hd.o(.text)
    RTCAlarm_IRQHandler                      0x0800015f   Thumb Code     0  startup_stm32f10x_hd.o(.text)
    RTC_IRQHandler                           0x0800015f   Thumb Code     0  startup_stm32f10x_hd.o(.text)
    SDIO_IRQHandler                          0x0800015f   Thumb Code     0  startup_stm32f10x_hd.o(.text)
    SPI1_IRQHandler                          0x0800015f   Thumb Code     0  startup_stm32f10x_hd.o(.text)
    SPI2_IRQHandler                          0x0800015f   Thumb Code     0  startup_stm32f10x_hd.o(.text)
    SPI3_IRQHandler                          0x0800015f   Thumb Code     0  startup_stm32f10x_hd.o(.text)
    TAMPER_IRQHandler                        0x0800015f   Thumb Code     0  startup_stm32f10x_hd.o(.text)
    TIM1_BRK_IRQHandler                      0x0800015f   Thumb Code     0  startup_stm32f10x_hd.o(.text)
    TIM1_CC_IRQHandler                       0x0800015f   Thumb Code     0  startup_stm32f10x_hd.o(.text)
    TIM1_TRG_COM_IRQHandler                  0x0800015f   Thumb Code     0  startup_stm32f10x_hd.o(.text)
    TIM1_UP_IRQHandler                       0x0800015f   Thumb Code     0  startup_stm32f10x_hd.o(.text)
    TIM2_IRQHandler                          0x0800015f   Thumb Code     0  startup_stm32f10x_hd.o(.text)
    TIM3_IRQHandler                          0x0800015f   Thumb Code     0  startup_stm32f10x_hd.o(.text)
    TIM5_IRQHandler                          0x0800015f   Thumb Code     0  startup_stm32f10x_hd.o(.text)
    TIM6_IRQHandler                          0x0800015f   Thumb Code     0  startup_stm32f10x_hd.o(.text)
    TIM8_BRK_IRQHandler                      0x0800015f   Thumb Code     0  startup_stm32f10x_hd.o(.text)
    TIM8_CC_IRQHandler                       0x0800015f   Thumb Code     0  startup_stm32f10x_hd.o(.text)
    TIM8_TRG_COM_IRQHandler                  0x0800015f   Thumb Code     0  startup_stm32f10x_hd.o(.text)
    TIM8_UP_IRQHandler                       0x0800015f   Thumb Code     0  startup_stm32f10x_hd.o(.text)
    UART4_IRQHandler                         0x0800015f   Thumb Code     0  startup_stm32f10x_hd.o(.text)
    UART5_IRQHandler                         0x0800015f   Thumb Code     0  startup_stm32f10x_hd.o(.text)
    USART2_IRQHandler                        0x0800015f   Thumb Code     0  startup_stm32f10x_hd.o(.text)
    USBWakeUp_IRQHandler                     0x0800015f   Thumb Code     0  startup_stm32f10x_hd.o(.text)
    USB_HP_CAN1_TX_IRQHandler                0x0800015f   Thumb Code     0  startup_stm32f10x_hd.o(.text)
    USB_LP_CAN1_RX0_IRQHandler               0x0800015f   Thumb Code     0  startup_stm32f10x_hd.o(.text)
    WWDG_IRQHandler                          0x0800015f   Thumb Code     0  startup_stm32f10x_hd.o(.text)
    strlen                                   0x08000169   Thumb Code    14  strlen.o(.text)
    strcmp                                   0x08000177   Thumb Code    28  strcmp.o(.text)
    __aeabi_uidiv                            0x08000193   Thumb Code     0  uidiv.o(.text)
    __aeabi_uidivmod                         0x08000193   Thumb Code    44  uidiv.o(.text)
    __aeabi_uldivmod                         0x080001bf   Thumb Code    98  uldiv.o(.text)
    __I$use$fp                               0x08000221   Thumb Code     0  iusefp.o(.text)
    __aeabi_dadd                             0x08000221   Thumb Code   322  dadd.o(.text)
    __aeabi_dsub                             0x08000363   Thumb Code     6  dadd.o(.text)
    __aeabi_drsub                            0x08000369   Thumb Code     6  dadd.o(.text)
    __aeabi_dmul                             0x0800036f   Thumb Code   228  dmul.o(.text)
    __aeabi_ddiv                             0x08000453   Thumb Code   222  ddiv.o(.text)
    __aeabi_d2ulz                            0x08000531   Thumb Code    48  dfixul.o(.text)
    __aeabi_cdrcmple                         0x08000561   Thumb Code    48  cdrcmple.o(.text)
    __scatterload                            0x08000591   Thumb Code    28  init.o(.text)
    __scatterload_rt2                        0x08000591   Thumb Code     0  init.o(.text)
    __aeabi_llsl                             0x080005b5   Thumb Code    30  llshl.o(.text)
    _ll_shift_l                              0x080005b5   Thumb Code     0  llshl.o(.text)
    __aeabi_llsr                             0x080005d3   Thumb Code    32  llushr.o(.text)
    _ll_ushift_r                             0x080005d3   Thumb Code     0  llushr.o(.text)
    __aeabi_lasr                             0x080005f3   Thumb Code    36  llsshr.o(.text)
    _ll_sshift_r                             0x080005f3   Thumb Code     0  llsshr.o(.text)
    _double_round                            0x08000617   Thumb Code    30  depilogue.o(.text)
    _double_epilogue                         0x08000635   Thumb Code   156  depilogue.o(.text)
    __decompress                             0x080006d1   Thumb Code     0  __dczerorl2.o(.text)
    __decompress1                            0x080006d1   Thumb Code    86  __dczerorl2.o(.text)
    Beep_Init                                0x08000729   Thumb Code    40  beep.o(i.Beep_Init)
    BusFault_Handler                         0x08000755   Thumb Code     4  stm32f10x_it.o(i.BusFault_Handler)
    DebugMon_Handler                         0x08000759   Thumb Code     2  stm32f10x_it.o(i.DebugMon_Handler)
    FSMC_NORSRAMCmd                          0x0800075d   Thumb Code    46  stm32f10x_fsmc.o(i.FSMC_NORSRAMCmd)
    FSMC_NORSRAMInit                         0x08000791   Thumb Code   230  stm32f10x_fsmc.o(i.FSMC_NORSRAMInit)
    FULL_COloc                               0x08000877   Thumb Code    98  tftlcd.o(i.FULL_COloc)
    GPIO_Init                                0x080008d9   Thumb Code   278  stm32f10x_gpio.o(i.GPIO_Init)
    GPIO_PinRemapConfig                      0x080009f1   Thumb Code   138  stm32f10x_gpio.o(i.GPIO_PinRemapConfig)
    GPIO_ReadInputDataBit                    0x08000a81   Thumb Code    18  stm32f10x_gpio.o(i.GPIO_ReadInputDataBit)
    GPIO_SetBits                             0x08000a93   Thumb Code     4  stm32f10x_gpio.o(i.GPIO_SetBits)
    HC05_Get_Role                            0x08000a99   Thumb Code   130  hc05.o(i.HC05_Get_Role)
    HC05_Init                                0x08000b35   Thumb Code   220  hc05.o(i.HC05_Init)
    HC05_Role_Show                           0x08000c31   Thumb Code    38  main.o(i.HC05_Role_Show)
    HC05_Set_Cmd                             0x08000c71   Thumb Code   126  hc05.o(i.HC05_Set_Cmd)
    HC05_Sta_Show                            0x08000d05   Thumb Code    36  main.o(i.HC05_Sta_Show)
    HardFault_Handler                        0x08000d4d   Thumb Code     4  stm32f10x_it.o(i.HardFault_Handler)
    Key_Init                                 0x08000d51   Thumb Code    72  key.o(i.Key_Init)
    LCD_WriteCmd                             0x08000da1   Thumb Code     8  tftlcd.o(i.LCD_WriteCmd)
    LCD_WriteData                            0x08000da9   Thumb Code     6  tftlcd.o(i.LCD_WriteData)
    LED_Init                                 0x08000db5   Thumb Code    88  led.o(i.LED_Init)
    MemManage_Handler                        0x08000e15   Thumb Code     4  stm32f10x_it.o(i.MemManage_Handler)
    NMI_Handler                              0x08000e19   Thumb Code     2  stm32f10x_it.o(i.NMI_Handler)
    NVIC_Init                                0x08000e1d   Thumb Code   100  misc.o(i.NVIC_Init)
    NVIC_PriorityGroupConfig                 0x08000e8d   Thumb Code    10  misc.o(i.NVIC_PriorityGroupConfig)
    PendSV_Handler                           0x08000ea1   Thumb Code     2  stm32f10x_it.o(i.PendSV_Handler)
    RCC_AHBPeriphClockCmd                    0x08000ea5   Thumb Code    26  stm32f10x_rcc.o(i.RCC_AHBPeriphClockCmd)
    RCC_APB1PeriphClockCmd                   0x08000ec5   Thumb Code    26  stm32f10x_rcc.o(i.RCC_APB1PeriphClockCmd)
    RCC_APB1PeriphResetCmd                   0x08000ee5   Thumb Code    26  stm32f10x_rcc.o(i.RCC_APB1PeriphResetCmd)
    RCC_APB2PeriphClockCmd                   0x08000f05   Thumb Code    26  stm32f10x_rcc.o(i.RCC_APB2PeriphClockCmd)
    RCC_APB2PeriphResetCmd                   0x08000f25   Thumb Code    26  stm32f10x_rcc.o(i.RCC_APB2PeriphResetCmd)
    RCC_GetClocksFreq                        0x08000f45   Thumb Code   192  stm32f10x_rcc.o(i.RCC_GetClocksFreq)
    SPI2_FLASH_Init                          0x08001019   Thumb Code    12  spi_flash.o(i.SPI2_FLASH_Init)
    SPI_Cmd                                  0x08001025   Thumb Code    24  stm32f10x_spi.o(i.SPI_Cmd)
    SPI_Init                                 0x080010f5   Thumb Code    60  stm32f10x_spi.o(i.SPI_Init)
    SVC_Handler                              0x08001185   Thumb Code     2  stm32f10x_it.o(i.SVC_Handler)
    SysTick_CLKSourceConfig                  0x08001271   Thumb Code    40  misc.o(i.SysTick_CLKSourceConfig)
    SysTick_Handler                          0x08001299   Thumb Code     2  stm32f10x_it.o(i.SysTick_Handler)
    SystemInit                               0x0800129d   Thumb Code    78  system_stm32f10x.o(i.SystemInit)
    TFTLCD_Dot                               0x080012fd   Thumb Code    34  tftlcd.o(i.TFTLCD_Dot)
    TFTLCD_Init                              0x080014ad   Thumb Code   476  tftlcd.o(i.TFTLCD_Init)
    TFTLCD_Set_Window                        0x08001717   Thumb Code   166  tftlcd.o(i.TFTLCD_Set_Window)
    TFTLCD_Set_dir                           0x080017bd   Thumb Code    58  tftlcd.o(i.TFTLCD_Set_dir)
    TFTLCD_Show_Char                         0x080017f9   Thumb Code   228  tftlcd.o(i.TFTLCD_Show_Char)
    TFTLCD_Show_String                       0x080018e1   Thumb Code    78  tftlcd.o(i.TFTLCD_Show_String)
    TIM4_IRQHandler                          0x08001931   Thumb Code    38  time.o(i.TIM4_IRQHandler)
    TIM7_IRQHandler                          0x08001961   Thumb Code    42  time.o(i.TIM7_IRQHandler)
    TIM7_Init                                0x08001995   Thumb Code    98  time.o(i.TIM7_Init)
    TIM_ClearITPendingBit                    0x080019fd   Thumb Code     6  stm32f10x_tim.o(i.TIM_ClearITPendingBit)
    TIM_Cmd                                  0x08001a03   Thumb Code    24  stm32f10x_tim.o(i.TIM_Cmd)
    TIM_GetITStatus                          0x08001a1b   Thumb Code    34  stm32f10x_tim.o(i.TIM_GetITStatus)
    TIM_ITConfig                             0x08001a3d   Thumb Code    18  stm32f10x_tim.o(i.TIM_ITConfig)
    TIM_SetCounter                           0x08001a4f   Thumb Code     4  stm32f10x_tim.o(i.TIM_SetCounter)
    TIM_TimeBaseInit                         0x08001a55   Thumb Code   122  stm32f10x_tim.o(i.TIM_TimeBaseInit)
    USART1_IRQHandler                        0x08001af9   Thumb Code   134  usart.o(i.USART1_IRQHandler)
    USART1_Init                              0x08001b95   Thumb Code   156  usart.o(i.USART1_Init)
    USART3_IRQHandler                        0x08001c39   Thumb Code    96  usart3.o(i.USART3_IRQHandler)
    USART3_Init                              0x08001ca9   Thumb Code   188  usart3.o(i.USART3_Init)
    USART_Cmd                                0x08001d75   Thumb Code    24  stm32f10x_usart.o(i.USART_Cmd)
    USART_DeInit                             0x08001d8d   Thumb Code   134  stm32f10x_usart.o(i.USART_DeInit)
    USART_GetFlagStatus                      0x08001e29   Thumb Code    26  stm32f10x_usart.o(i.USART_GetFlagStatus)
    USART_GetITStatus                        0x08001e43   Thumb Code    84  stm32f10x_usart.o(i.USART_GetITStatus)
    USART_ITConfig                           0x08001e97   Thumb Code    74  stm32f10x_usart.o(i.USART_ITConfig)
    USART_Init                               0x08001ee1   Thumb Code   210  stm32f10x_usart.o(i.USART_Init)
    USART_ReceiveData                        0x08001fb9   Thumb Code    10  stm32f10x_usart.o(i.USART_ReceiveData)
    USART_SendData                           0x08001fc3   Thumb Code     8  stm32f10x_usart.o(i.USART_SendData)
    UsageFault_Handler                       0x08001fcb   Thumb Code     4  stm32f10x_it.o(i.UsageFault_Handler)
    __0printf                                0x08001fd1   Thumb Code    22  printfa.o(i.__0printf)
    __1printf                                0x08001fd1   Thumb Code     0  printfa.o(i.__0printf)
    __2printf                                0x08001fd1   Thumb Code     0  printfa.o(i.__0printf)
    __c89printf                              0x08001fd1   Thumb Code     0  printfa.o(i.__0printf)
    printf                                   0x08001fd1   Thumb Code     0  printfa.o(i.__0printf)
    __0vsprintf                              0x08001ff1   Thumb Code    30  printfa.o(i.__0vsprintf)
    __1vsprintf                              0x08001ff1   Thumb Code     0  printfa.o(i.__0vsprintf)
    __2vsprintf                              0x08001ff1   Thumb Code     0  printfa.o(i.__0vsprintf)
    __c89vsprintf                            0x08001ff1   Thumb Code     0  printfa.o(i.__0vsprintf)
    vsprintf                                 0x08001ff1   Thumb Code     0  printfa.o(i.__0vsprintf)
    __scatterload_copy                       0x08002015   Thumb Code    14  handlers.o(i.__scatterload_copy)
    __scatterload_null                       0x08002023   Thumb Code     2  handlers.o(i.__scatterload_null)
    __scatterload_zeroinit                   0x08002025   Thumb Code    14  handlers.o(i.__scatterload_zeroinit)
    delay_ms                                 0x080028f1   Thumb Code    72  systick.o(i.delay_ms)
    fputc                                    0x0800293d   Thumb Code    32  usart.o(i.fputc)
    key_scan                                 0x08002961   Thumb Code   138  key.o(i.key_scan)
    main                                     0x080029f1   Thumb Code   398  main.o(i.main)
    systick_Init                             0x08002c45   Thumb Code    42  systick.o(i.systick_Init)
    u3_printf                                0x08002c79   Thumb Code    72  usart3.o(i.u3_printf)
    Region$$Table$$Base                      0x08002cc8   Number         0  anon$$obj.o(Region$$Table)
    Region$$Table$$Limit                     0x08002ce8   Number         0  anon$$obj.o(Region$$Table)
    USART1_RX_STA                            0x2000001c   Data           2  usart.o(.data)
    hz                                       0x2000060e   Data         390  tftlcd.o(.data)
    USART3_RX_STA                            0x20000794   Data           2  usart3.o(.data)
    __stdout                                 0x20000798   Data           4  stdout.o(.data)
    USART1_RX_BUF                            0x2000079c   Data         200  usart.o(.bss)
    USART3_RX_BUFF                           0x20000864   Data         600  usart3.o(.bss)
    USART3_TX_BUFF                           0x20000abc   Data         600  usart3.o(.bss)
    __initial_sp                             0x20001118   Data           0  startup_stm32f10x_hd.o(STACK)



==============================================================================

Memory Map of the image

  Image Entry point : 0x08000131

  Load Region LR_IROM1 (Base: 0x08000000, Size: 0x00003484, Max: 0x00080000, ABSOLUTE, COMPRESSED[0x00003150])

    Execution Region ER_IROM1 (Exec base: 0x08000000, Load base: 0x08000000, Size: 0x00002ce8, Max: 0x00080000, ABSOLUTE)

    Exec Addr    Load Addr    Size         Type   Attr      Idx    E Section Name        Object

    0x08000000   0x08000000   0x00000130   Data   RO          245    RESET               startup_stm32f10x_hd.o
    0x08000130   0x08000130   0x00000000   Code   RO         3739  * .ARM.Collect$$$$00000000  mc_w.l(entry.o)
    0x08000130   0x08000130   0x00000004   Code   RO         4007    .ARM.Collect$$$$00000001  mc_w.l(entry2.o)
    0x08000134   0x08000134   0x00000004   Code   RO         4010    .ARM.Collect$$$$00000004  mc_w.l(entry5.o)
    0x08000138   0x08000138   0x00000000   Code   RO         4012    .ARM.Collect$$$$00000008  mc_w.l(entry7b.o)
    0x08000138   0x08000138   0x00000000   Code   RO         4014    .ARM.Collect$$$$0000000A  mc_w.l(entry8b.o)
    0x08000138   0x08000138   0x00000008   Code   RO         4015    .ARM.Collect$$$$0000000B  mc_w.l(entry9a.o)
    0x08000140   0x08000140   0x00000000   Code   RO         4017    .ARM.Collect$$$$0000000D  mc_w.l(entry10a.o)
    0x08000140   0x08000140   0x00000000   Code   RO         4019    .ARM.Collect$$$$0000000F  mc_w.l(entry11a.o)
    0x08000140   0x08000140   0x00000004   Code   RO         4008    .ARM.Collect$$$$00002712  mc_w.l(entry2.o)
    0x08000144   0x08000144   0x00000024   Code   RO          246    .text               startup_stm32f10x_hd.o
    0x08000168   0x08000168   0x0000000e   Code   RO         3742    .text               mc_w.l(strlen.o)
    0x08000176   0x08000176   0x0000001c   Code   RO         3744    .text               mc_w.l(strcmp.o)
    0x08000192   0x08000192   0x0000002c   Code   RO         4022    .text               mc_w.l(uidiv.o)
    0x080001be   0x080001be   0x00000062   Code   RO         4024    .text               mc_w.l(uldiv.o)
    0x08000220   0x08000220   0x00000000   Code   RO         4026    .text               mc_w.l(iusefp.o)
    0x08000220   0x08000220   0x0000014e   Code   RO         4027    .text               mf_w.l(dadd.o)
    0x0800036e   0x0800036e   0x000000e4   Code   RO         4029    .text               mf_w.l(dmul.o)
    0x08000452   0x08000452   0x000000de   Code   RO         4031    .text               mf_w.l(ddiv.o)
    0x08000530   0x08000530   0x00000030   Code   RO         4033    .text               mf_w.l(dfixul.o)
    0x08000560   0x08000560   0x00000030   Code   RO         4035    .text               mf_w.l(cdrcmple.o)
    0x08000590   0x08000590   0x00000024   Code   RO         4037    .text               mc_w.l(init.o)
    0x080005b4   0x080005b4   0x0000001e   Code   RO         4039    .text               mc_w.l(llshl.o)
    0x080005d2   0x080005d2   0x00000020   Code   RO         4041    .text               mc_w.l(llushr.o)
    0x080005f2   0x080005f2   0x00000024   Code   RO         4043    .text               mc_w.l(llsshr.o)
    0x08000616   0x08000616   0x000000ba   Code   RO         4045    .text               mf_w.l(depilogue.o)
    0x080006d0   0x080006d0   0x00000056   Code   RO         4055    .text               mc_w.l(__dczerorl2.o)
    0x08000726   0x08000726   0x00000002   PAD
    0x08000728   0x08000728   0x0000002c   Code   RO         3371    i.Beep_Init         beep.o
    0x08000754   0x08000754   0x00000004   Code   RO          158    i.BusFault_Handler  stm32f10x_it.o
    0x08000758   0x08000758   0x00000002   Code   RO          159    i.DebugMon_Handler  stm32f10x_it.o
    0x0800075a   0x0800075a   0x00000002   PAD
    0x0800075c   0x0800075c   0x00000034   Code   RO         1331    i.FSMC_NORSRAMCmd   stm32f10x_fsmc.o
    0x08000790   0x08000790   0x000000e6   Code   RO         1333    i.FSMC_NORSRAMInit  stm32f10x_fsmc.o
    0x08000876   0x08000876   0x00000062   Code   RO         3423    i.FULL_COloc        tftlcd.o
    0x080008d8   0x080008d8   0x00000116   Code   RO         1446    i.GPIO_Init         stm32f10x_gpio.o
    0x080009ee   0x080009ee   0x00000002   PAD
    0x080009f0   0x080009f0   0x00000090   Code   RO         1448    i.GPIO_PinRemapConfig  stm32f10x_gpio.o
    0x08000a80   0x08000a80   0x00000012   Code   RO         1450    i.GPIO_ReadInputDataBit  stm32f10x_gpio.o
    0x08000a92   0x08000a92   0x00000004   Code   RO         1454    i.GPIO_SetBits      stm32f10x_gpio.o
    0x08000a96   0x08000a96   0x00000002   PAD
    0x08000a98   0x08000a98   0x0000009c   Code   RO         3703    i.HC05_Get_Role     hc05.o
    0x08000b34   0x08000b34   0x000000fc   Code   RO         3704    i.HC05_Init         hc05.o
    0x08000c30   0x08000c30   0x00000040   Code   RO            1    i.HC05_Role_Show    main.o
    0x08000c70   0x08000c70   0x00000094   Code   RO         3705    i.HC05_Set_Cmd      hc05.o
    0x08000d04   0x08000d04   0x00000048   Code   RO            2    i.HC05_Sta_Show     main.o
    0x08000d4c   0x08000d4c   0x00000004   Code   RO          160    i.HardFault_Handler  stm32f10x_it.o
    0x08000d50   0x08000d50   0x00000050   Code   RO         3350    i.Key_Init          key.o
    0x08000da0   0x08000da0   0x00000008   Code   RO         3425    i.LCD_WriteCmd      tftlcd.o
    0x08000da8   0x08000da8   0x0000000c   Code   RO         3426    i.LCD_WriteData     tftlcd.o
    0x08000db4   0x08000db4   0x00000060   Code   RO         3335    i.LED_Init          led.o
    0x08000e14   0x08000e14   0x00000004   Code   RO          161    i.MemManage_Handler  stm32f10x_it.o
    0x08000e18   0x08000e18   0x00000002   Code   RO          162    i.NMI_Handler       stm32f10x_it.o
    0x08000e1a   0x08000e1a   0x00000002   PAD
    0x08000e1c   0x08000e1c   0x00000070   Code   RO          295    i.NVIC_Init         misc.o
    0x08000e8c   0x08000e8c   0x00000014   Code   RO          296    i.NVIC_PriorityGroupConfig  misc.o
    0x08000ea0   0x08000ea0   0x00000002   Code   RO          163    i.PendSV_Handler    stm32f10x_it.o
    0x08000ea2   0x08000ea2   0x00000002   PAD
    0x08000ea4   0x08000ea4   0x00000020   Code   RO         1861    i.RCC_AHBPeriphClockCmd  stm32f10x_rcc.o
    0x08000ec4   0x08000ec4   0x00000020   Code   RO         1862    i.RCC_APB1PeriphClockCmd  stm32f10x_rcc.o
    0x08000ee4   0x08000ee4   0x00000020   Code   RO         1863    i.RCC_APB1PeriphResetCmd  stm32f10x_rcc.o
    0x08000f04   0x08000f04   0x00000020   Code   RO         1864    i.RCC_APB2PeriphClockCmd  stm32f10x_rcc.o
    0x08000f24   0x08000f24   0x00000020   Code   RO         1865    i.RCC_APB2PeriphResetCmd  stm32f10x_rcc.o
    0x08000f44   0x08000f44   0x000000d4   Code   RO         1872    i.RCC_GetClocksFreq  stm32f10x_rcc.o
    0x08001018   0x08001018   0x0000000c   Code   RO         3557    i.SPI2_FLASH_Init   spi_flash.o
    0x08001024   0x08001024   0x00000018   Code   RO         2341    i.SPI_Cmd           stm32f10x_spi.o
    0x0800103c   0x0800103c   0x000000b8   Code   RO         3569    i.SPI_GPIO_Config   spi_flash.o
    0x080010f4   0x080010f4   0x0000003c   Code   RO         2354    i.SPI_Init          stm32f10x_spi.o
    0x08001130   0x08001130   0x00000054   Code   RO         3570    i.SPI_Mode_Config   spi_flash.o
    0x08001184   0x08001184   0x00000002   Code   RO          164    i.SVC_Handler       stm32f10x_it.o
    0x08001186   0x08001186   0x00000008   Code   RO          261    i.SetSysClock       system_stm32f10x.o
    0x0800118e   0x0800118e   0x00000002   PAD
    0x08001190   0x08001190   0x000000e0   Code   RO          262    i.SetSysClockTo72   system_stm32f10x.o
    0x08001270   0x08001270   0x00000028   Code   RO          299    i.SysTick_CLKSourceConfig  misc.o
    0x08001298   0x08001298   0x00000002   Code   RO          165    i.SysTick_Handler   stm32f10x_it.o
    0x0800129a   0x0800129a   0x00000002   PAD
    0x0800129c   0x0800129c   0x00000060   Code   RO          264    i.SystemInit        system_stm32f10x.o
    0x080012fc   0x080012fc   0x00000022   Code   RO         3427    i.TFTLCD_Dot        tftlcd.o
    0x0800131e   0x0800131e   0x00000002   PAD
    0x08001320   0x08001320   0x0000018c   Code   RO         3429    i.TFTLCD_GPIO_Config  tftlcd.o
    0x080014ac   0x080014ac   0x000001f0   Code   RO         3430    i.TFTLCD_Init       tftlcd.o
    0x0800169c   0x0800169c   0x0000007a   Code   RO         3432    i.TFTLCD_Mode_Config  tftlcd.o
    0x08001716   0x08001716   0x000000a6   Code   RO         3435    i.TFTLCD_Set_Window  tftlcd.o
    0x080017bc   0x080017bc   0x0000003a   Code   RO         3436    i.TFTLCD_Set_dir    tftlcd.o
    0x080017f6   0x080017f6   0x00000002   PAD
    0x080017f8   0x080017f8   0x000000e8   Code   RO         3437    i.TFTLCD_Show_Char  tftlcd.o
    0x080018e0   0x080018e0   0x0000004e   Code   RO         3441    i.TFTLCD_Show_String  tftlcd.o
    0x0800192e   0x0800192e   0x00000002   PAD
    0x08001930   0x08001930   0x00000030   Code   RO         3386    i.TIM4_IRQHandler   time.o
    0x08001960   0x08001960   0x00000034   Code   RO         3388    i.TIM7_IRQHandler   time.o
    0x08001994   0x08001994   0x00000068   Code   RO         3389    i.TIM7_Init         time.o
    0x080019fc   0x080019fc   0x00000006   Code   RO         2491    i.TIM_ClearITPendingBit  stm32f10x_tim.o
    0x08001a02   0x08001a02   0x00000018   Code   RO         2496    i.TIM_Cmd           stm32f10x_tim.o
    0x08001a1a   0x08001a1a   0x00000022   Code   RO         2517    i.TIM_GetITStatus   stm32f10x_tim.o
    0x08001a3c   0x08001a3c   0x00000012   Code   RO         2521    i.TIM_ITConfig      stm32f10x_tim.o
    0x08001a4e   0x08001a4e   0x00000004   Code   RO         2561    i.TIM_SetCounter    stm32f10x_tim.o
    0x08001a52   0x08001a52   0x00000002   PAD
    0x08001a54   0x08001a54   0x000000a4   Code   RO         2567    i.TIM_TimeBaseInit  stm32f10x_tim.o
    0x08001af8   0x08001af8   0x0000009c   Code   RO         3300    i.USART1_IRQHandler  usart.o
    0x08001b94   0x08001b94   0x000000a4   Code   RO         3301    i.USART1_Init       usart.o
    0x08001c38   0x08001c38   0x00000070   Code   RO         3664    i.USART3_IRQHandler  usart3.o
    0x08001ca8   0x08001ca8   0x000000cc   Code   RO         3665    i.USART3_Init       usart3.o
    0x08001d74   0x08001d74   0x00000018   Code   RO         3032    i.USART_Cmd         stm32f10x_usart.o
    0x08001d8c   0x08001d8c   0x0000009c   Code   RO         3034    i.USART_DeInit      stm32f10x_usart.o
    0x08001e28   0x08001e28   0x0000001a   Code   RO         3035    i.USART_GetFlagStatus  stm32f10x_usart.o
    0x08001e42   0x08001e42   0x00000054   Code   RO         3036    i.USART_GetITStatus  stm32f10x_usart.o
    0x08001e96   0x08001e96   0x0000004a   Code   RO         3038    i.USART_ITConfig    stm32f10x_usart.o
    0x08001ee0   0x08001ee0   0x000000d8   Code   RO         3039    i.USART_Init        stm32f10x_usart.o
    0x08001fb8   0x08001fb8   0x0000000a   Code   RO         3046    i.USART_ReceiveData  stm32f10x_usart.o
    0x08001fc2   0x08001fc2   0x00000008   Code   RO         3049    i.USART_SendData    stm32f10x_usart.o
    0x08001fca   0x08001fca   0x00000004   Code   RO          166    i.UsageFault_Handler  stm32f10x_it.o
    0x08001fce   0x08001fce   0x00000002   PAD
    0x08001fd0   0x08001fd0   0x00000020   Code   RO         3979    i.__0printf         mc_w.l(printfa.o)
    0x08001ff0   0x08001ff0   0x00000024   Code   RO         3985    i.__0vsprintf       mc_w.l(printfa.o)
    0x08002014   0x08002014   0x0000000e   Code   RO         4049    i.__scatterload_copy  mc_w.l(handlers.o)
    0x08002022   0x08002022   0x00000002   Code   RO         4050    i.__scatterload_null  mc_w.l(handlers.o)
    0x08002024   0x08002024   0x0000000e   Code   RO         4051    i.__scatterload_zeroinit  mc_w.l(handlers.o)
    0x08002032   0x08002032   0x00000002   PAD
    0x08002034   0x08002034   0x00000184   Code   RO         3986    i._fp_digits        mc_w.l(printfa.o)
    0x080021b8   0x080021b8   0x000006dc   Code   RO         3987    i._printf_core      mc_w.l(printfa.o)
    0x08002894   0x08002894   0x00000024   Code   RO         3988    i._printf_post_padding  mc_w.l(printfa.o)
    0x080028b8   0x080028b8   0x0000002e   Code   RO         3989    i._printf_pre_padding  mc_w.l(printfa.o)
    0x080028e6   0x080028e6   0x0000000a   Code   RO         3991    i._sputc            mc_w.l(printfa.o)
    0x080028f0   0x080028f0   0x0000004c   Code   RO         3271    i.delay_ms          systick.o
    0x0800293c   0x0800293c   0x00000024   Code   RO         3302    i.fputc             usart.o
    0x08002960   0x08002960   0x00000090   Code   RO         3351    i.key_scan          key.o
    0x080029f0   0x080029f0   0x00000254   Code   RO            3    i.main              main.o
    0x08002c44   0x08002c44   0x00000034   Code   RO         3273    i.systick_Init      systick.o
    0x08002c78   0x08002c78   0x00000050   Code   RO         3666    i.u3_printf         usart3.o
    0x08002cc8   0x08002cc8   0x00000020   Data   RO         4047    Region$$Table       anon$$obj.o


    Execution Region RW_IRAM1 (Exec base: 0x20000000, Load base: 0x08002ce8, Size: 0x00001118, Max: 0x00010000, ABSOLUTE, COMPRESSED[0x00000468])

    Exec Addr    Load Addr    Size         Type   Attr      Idx    E Section Name        Object

    0x20000000   COMPRESSED   0x00000014   Data   RW         1892    .data               stm32f10x_rcc.o
    0x20000014   COMPRESSED   0x00000008   Data   RW         3274    .data               systick.o
    0x2000001c   COMPRESSED   0x00000002   Data   RW         3304    .data               usart.o
    0x2000001e   COMPRESSED   0x00000776   Data   RW         3442    .data               tftlcd.o
    0x20000794   COMPRESSED   0x00000002   Data   RW         3668    .data               usart3.o
    0x20000796   COMPRESSED   0x00000002   PAD
    0x20000798   COMPRESSED   0x00000004   Data   RW         4021    .data               mc_w.l(stdout.o)
    0x2000079c        -       0x000000c8   Zero   RW         3303    .bss                usart.o
    0x20000864        -       0x000004b0   Zero   RW         3667    .bss                usart3.o
    0x20000d14   COMPRESSED   0x00000004   PAD
    0x20000d18        -       0x00000400   Zero   RW          243    STACK               startup_stm32f10x_hd.o


==============================================================================

Image component sizes


      Code (inc. data)   RO Data    RW Data    ZI Data      Debug   Object Name

        44          4          0          0          0        432   beep.o
       556         80          0          0          0       2219   hc05.o
       224         14          0          0          0        962   key.o
        96          8          0          0          0        471   led.o
       732        260          0          0          0     269196   main.o
       172         22          0          0          0       2209   misc.o
       280         18          0          0          0       1382   spi_flash.o
        36          8        304          0       1024        804   startup_stm32f10x_hd.o
       282          6          0          0          0       1961   stm32f10x_fsmc.o
       444          6          0          0          0       4117   stm32f10x_gpio.o
        26          0          0          0          0       3542   stm32f10x_it.o
       372         50          0         20          0       6292   stm32f10x_rcc.o
        84          0          0          0          0       2281   stm32f10x_spi.o
       250         42          0          0          0       4247   stm32f10x_tim.o
       598         28          0          0          0       6956   stm32f10x_usart.o
       328         28          0          0          0       1929   system_stm32f10x.o
       128         14          0          8          0       1182   systick.o
      1700         52          0       1910          0       7449   tftlcd.o
       204         26          0          0          0       1424   time.o
       356         34          0          2        200       3528   usart.o
       396         40          0          2       1200       3048   usart3.o

    ----------------------------------------------------------------------
      7332        740        336       1944       2428     325631   Object Totals
         0          0         32          0          0          0   (incl. Generated)
        24          0          0          2          4          0   (incl. Padding)

    ----------------------------------------------------------------------

      Code (inc. data)   RO Data    RW Data    ZI Data      Debug   Library Member Name

        86          0          0          0          0          0   __dczerorl2.o
         0          0          0          0          0          0   entry.o
         0          0          0          0          0          0   entry10a.o
         0          0          0          0          0          0   entry11a.o
         8          4          0          0          0          0   entry2.o
         4          0          0          0          0          0   entry5.o
         0          0          0          0          0          0   entry7b.o
         0          0          0          0          0          0   entry8b.o
         8          4          0          0          0          0   entry9a.o
        30          0          0          0          0          0   handlers.o
        36          8          0          0          0         68   init.o
         0          0          0          0          0          0   iusefp.o
        30          0          0          0          0         68   llshl.o
        36          0          0          0          0         68   llsshr.o
        32          0          0          0          0         68   llushr.o
      2304         96          0          0          0        600   printfa.o
         0          0          0          4          0          0   stdout.o
        28          0          0          0          0         76   strcmp.o
        14          0          0          0          0         68   strlen.o
        44          0          0          0          0         80   uidiv.o
        98          0          0          0          0         92   uldiv.o
        48          0          0          0          0         68   cdrcmple.o
       334          0          0          0          0        148   dadd.o
       222          0          0          0          0        100   ddiv.o
       186          0          0          0          0        176   depilogue.o
        48          0          0          0          0         68   dfixul.o
       228          0          0          0          0         96   dmul.o

    ----------------------------------------------------------------------
      3828        112          0          4          0       1844   Library Totals
         4          0          0          0          0          0   (incl. Padding)

    ----------------------------------------------------------------------

      Code (inc. data)   RO Data    RW Data    ZI Data      Debug   Library Name

      2758        112          0          4          0       1188   mc_w.l
      1066          0          0          0          0        656   mf_w.l

    ----------------------------------------------------------------------
      3828        112          0          4          0       1844   Library Totals

    ----------------------------------------------------------------------

==============================================================================


      Code (inc. data)   RO Data    RW Data    ZI Data      Debug   

     11160        852        336       1948       2428     322871   Grand Totals
     11160        852        336       1128       2428     322871   ELF Image Totals (compressed)
     11160        852        336       1128          0          0   ROM Totals

==============================================================================

    Total RO  Size (Code + RO Data)                11496 (  11.23kB)
    Total RW  Size (RW Data + ZI Data)              4376 (   4.27kB)
    Total ROM Size (Code + RO Data + RW Data)      12624 (  12.33kB)

==============================================================================

